Archive member included to satisfy reference by file (symbol)

/usr/lib/gcc/arm-none-eabi/10.3.1/thumb/v6-m/nofp/libgcc.a(_dvmd_tls.o)
                              CMakeFiles/elmio.dir/home/nilodude/desarrollo/picow/pico/pico-sdk/src/rp2_common/pico_divider/divider.S.obj (__aeabi_idiv0)
/usr/lib/gcc/arm-none-eabi/10.3.1/../../../arm-none-eabi/lib/thumb/v6-m/nofp/libc.a(lib_a-atexit.o)
                              /usr/lib/gcc/arm-none-eabi/10.3.1/../../../arm-none-eabi/lib/thumb/v6-m/nofp/crt0.o (atexit)
/usr/lib/gcc/arm-none-eabi/10.3.1/../../../arm-none-eabi/lib/thumb/v6-m/nofp/libc.a(lib_a-calloc.o)
                              CMakeFiles/elmio.dir/home/nilodude/desarrollo/picow/pico/pico-sdk/src/rp2_common/pico_malloc/pico_malloc.c.obj (calloc)
/usr/lib/gcc/arm-none-eabi/10.3.1/../../../arm-none-eabi/lib/thumb/v6-m/nofp/libc.a(lib_a-callocr.o)
                              /usr/lib/gcc/arm-none-eabi/10.3.1/../../../arm-none-eabi/lib/thumb/v6-m/nofp/libc.a(lib_a-calloc.o) (_calloc_r)
/usr/lib/gcc/arm-none-eabi/10.3.1/../../../arm-none-eabi/lib/thumb/v6-m/nofp/libc.a(lib_a-fini.o)
                              /usr/lib/gcc/arm-none-eabi/10.3.1/../../../arm-none-eabi/lib/thumb/v6-m/nofp/crt0.o (__libc_fini_array)
/usr/lib/gcc/arm-none-eabi/10.3.1/../../../arm-none-eabi/lib/thumb/v6-m/nofp/libc.a(lib_a-impure.o)
                              /usr/lib/gcc/arm-none-eabi/10.3.1/../../../arm-none-eabi/lib/thumb/v6-m/nofp/libc.a(lib_a-calloc.o) (_impure_ptr)
/usr/lib/gcc/arm-none-eabi/10.3.1/../../../arm-none-eabi/lib/thumb/v6-m/nofp/libc.a(lib_a-init.o)
                              /usr/lib/gcc/arm-none-eabi/10.3.1/../../../arm-none-eabi/lib/thumb/v6-m/nofp/crt0.o (__libc_init_array)
/usr/lib/gcc/arm-none-eabi/10.3.1/../../../arm-none-eabi/lib/thumb/v6-m/nofp/libc.a(lib_a-malloc.o)
                              CMakeFiles/elmio.dir/home/nilodude/desarrollo/picow/pico/pico-sdk/src/rp2_common/pico_malloc/pico_malloc.c.obj (malloc)
/usr/lib/gcc/arm-none-eabi/10.3.1/../../../arm-none-eabi/lib/thumb/v6-m/nofp/libc.a(lib_a-mallocr.o)
                              /usr/lib/gcc/arm-none-eabi/10.3.1/../../../arm-none-eabi/lib/thumb/v6-m/nofp/libc.a(lib_a-callocr.o) (_malloc_r)
/usr/lib/gcc/arm-none-eabi/10.3.1/../../../arm-none-eabi/lib/thumb/v6-m/nofp/libc.a(lib_a-mlock.o)
                              /usr/lib/gcc/arm-none-eabi/10.3.1/../../../arm-none-eabi/lib/thumb/v6-m/nofp/libc.a(lib_a-mallocr.o) (__malloc_lock)
/usr/lib/gcc/arm-none-eabi/10.3.1/../../../arm-none-eabi/lib/thumb/v6-m/nofp/libc.a(lib_a-realloc.o)
                              CMakeFiles/elmio.dir/home/nilodude/desarrollo/picow/pico/pico-sdk/src/rp2_common/pico_malloc/pico_malloc.c.obj (realloc)
/usr/lib/gcc/arm-none-eabi/10.3.1/../../../arm-none-eabi/lib/thumb/v6-m/nofp/libc.a(lib_a-reallocr.o)
                              /usr/lib/gcc/arm-none-eabi/10.3.1/../../../arm-none-eabi/lib/thumb/v6-m/nofp/libc.a(lib_a-realloc.o) (_realloc_r)
/usr/lib/gcc/arm-none-eabi/10.3.1/../../../arm-none-eabi/lib/thumb/v6-m/nofp/libc.a(lib_a-sbrkr.o)
                              /usr/lib/gcc/arm-none-eabi/10.3.1/../../../arm-none-eabi/lib/thumb/v6-m/nofp/libc.a(lib_a-mallocr.o) (_sbrk_r)
/usr/lib/gcc/arm-none-eabi/10.3.1/../../../arm-none-eabi/lib/thumb/v6-m/nofp/libc.a(lib_a-strlen-stub.o)
                              CMakeFiles/elmio.dir/home/nilodude/desarrollo/picow/pico/pico-sdk/src/rp2_common/pico_stdio/stdio.c.obj (strlen)
/usr/lib/gcc/arm-none-eabi/10.3.1/../../../arm-none-eabi/lib/thumb/v6-m/nofp/libc.a(lib_a-__atexit.o)
                              /usr/lib/gcc/arm-none-eabi/10.3.1/../../../arm-none-eabi/lib/thumb/v6-m/nofp/libc.a(lib_a-atexit.o) (__register_exitproc)
/usr/lib/gcc/arm-none-eabi/10.3.1/../../../arm-none-eabi/lib/thumb/v6-m/nofp/libc.a(lib_a-freer.o)
                              /usr/lib/gcc/arm-none-eabi/10.3.1/../../../arm-none-eabi/lib/thumb/v6-m/nofp/libc.a(lib_a-malloc.o) (_free_r)
/usr/lib/gcc/arm-none-eabi/10.3.1/../../../arm-none-eabi/lib/thumb/v6-m/nofp/libc.a(lib_a-memmove.o)
                              /usr/lib/gcc/arm-none-eabi/10.3.1/../../../arm-none-eabi/lib/thumb/v6-m/nofp/libc.a(lib_a-reallocr.o) (memmove)
/usr/lib/gcc/arm-none-eabi/10.3.1/../../../arm-none-eabi/lib/thumb/v6-m/nofp/libc.a(lib_a-reent.o)
                              /usr/lib/gcc/arm-none-eabi/10.3.1/../../../arm-none-eabi/lib/thumb/v6-m/nofp/libc.a(lib_a-sbrkr.o) (errno)

Discarded input sections

 .text          0x0000000000000000        0x0 /usr/lib/gcc/arm-none-eabi/10.3.1/thumb/v6-m/nofp/crti.o
 .data          0x0000000000000000        0x0 /usr/lib/gcc/arm-none-eabi/10.3.1/thumb/v6-m/nofp/crti.o
 .bss           0x0000000000000000        0x0 /usr/lib/gcc/arm-none-eabi/10.3.1/thumb/v6-m/nofp/crti.o
 .data          0x0000000000000000        0x4 /usr/lib/gcc/arm-none-eabi/10.3.1/thumb/v6-m/nofp/crtbegin.o
 .rodata        0x0000000000000000       0x24 /usr/lib/gcc/arm-none-eabi/10.3.1/thumb/v6-m/nofp/crtbegin.o
[...]
Memory Configuration

Name             Origin             Length             Attributes
FLASH            0x0000000010000000 0x0000000000200000 xr
RAM              0x0000000020000000 0x0000000000040000 xrw
SCRATCH_X        0x0000000020040000 0x0000000000001000 xrw
SCRATCH_Y        0x0000000020041000 0x0000000000001000 xrw
*default*        0x0000000000000000 0xffffffffffffffff

Linker script and memory map

LOAD /usr/lib/gcc/arm-none-eabi/10.3.1/thumb/v6-m/nofp/crti.o
LOAD /usr/lib/gcc/arm-none-eabi/10.3.1/thumb/v6-m/nofp/crtbegin.o
LOAD /usr/lib/gcc/arm-none-eabi/10.3.1/../../../arm-none-eabi/lib/thumb/v6-m/nofp/crt0.o

.flash_begin    0x0000000010000000        0x0
                0x0000000010000000                __flash_binary_start = .

.boot2          0x0000000010000000      0x100
                0x0000000010000000                __boot2_start__ = .
 *(.boot2)
 .boot2         0x0000000010000000      0x100 /tmp/ccREHcU2.o
                0x0000000010000100                __boot2_end__ = .
                0x0000000000000001                ASSERT (((__boot2_end__ - __boot2_start__) == 0x100), ERROR: Pico second stage bootloader must be 256 bytes in size)

.text           0x0000000010000100     0xd438
                0x0000000010000100                __logical_binary_start = .
 *(.vectors)
 .vectors       0x0000000010000100       0xd4 CMakeFiles/elmio.dir/home/nilodude/desarrollo/picow/pico/pico-sdk/src/rp2_common/pico_standard_link/crt0.S.obj
                0x0000000010000100                __vectors
                0x0000000010000100                __VECTOR_TABLE
                0x00000000100001c0                isr_invalid
                0x00000000100001c0                __default_isrs_start
                0x00000000100001c2                isr_nmi
                0x00000000100001c4                isr_hardfault
                0x00000000100001c6                isr_svcall
                0x00000000100001c8                isr_pendsv
                0x00000000100001ca                isr_systick
                0x00000000100001cc                isr_irq30
                0x00000000100001cc                __unhandled_user_irq
                0x00000000100001cc                isr_irq13
                0x00000000100001cc                isr_irq27
                0x00000000100001cc                isr_irq31
                0x00000000100001cc                isr_irq5
                0x00000000100001cc                isr_irq11
                0x00000000100001cc                isr_irq23
                0x00000000100001cc                isr_irq18
                0x00000000100001cc                isr_irq28
                0x00000000100001cc                isr_irq19
                0x00000000100001cc                isr_irq0
                0x00000000100001cc                isr_irq6
                0x00000000100001cc                isr_irq22
                0x00000000100001cc                isr_irq17
                0x00000000100001cc                isr_irq14
                0x00000000100001cc                isr_irq2
                0x00000000100001cc                isr_irq10
                0x00000000100001cc                isr_irq8
                0x00000000100001cc                isr_irq24
                0x00000000100001cc                isr_irq1
                0x00000000100001cc                isr_irq7
                0x00000000100001cc                isr_irq21
                0x00000000100001cc                isr_irq20
                0x00000000100001cc                isr_irq15
                0x00000000100001cc                isr_irq25
                0x00000000100001cc                isr_irq4
                0x00000000100001cc                isr_irq16
                0x00000000100001cc                isr_irq29
                0x00000000100001cc                isr_irq26
                0x00000000100001cc                __default_isrs_end
                0x00000000100001cc                isr_irq3
                0x00000000100001cc                isr_irq12
                0x00000000100001cc                isr_irq9
                0x00000000100001d2                unhandled_user_irq_num_in_r0
 *(.binary_info_header)
 .binary_info_header
                0x00000000100001d4       0x14 CMakeFiles/elmio.dir/home/nilodude/desarrollo/picow/pico/pico-sdk/src/rp2_common/pico_standard_link/crt0.S.obj
                0x00000000100001e8                __binary_info_header_end = .
 *(.reset)
 .reset         0x00000000100001e8       0xa0 CMakeFiles/elmio.dir/home/nilodude/desarrollo/picow/pico/pico-sdk/src/rp2_common/pico_standard_link/crt0.S.obj
                0x00000000100001e8                _entry_point
 .reset         0x0000000010000288       0x30 CMakeFiles/elmio.dir/home/nilodude/desarrollo/picow/pico/pico-sdk/src/rp2_common/pico_standard_link/binary_info.c.obj
 *(.init)
 .init          0x00000000100002b8        0x4 /usr/lib/gcc/arm-none-eabi/10.3.1/thumb/v6-m/nofp/crti.o
                0x00000000100002b8                _init
 *(EXCLUDE_FILE(*libm.a: *libc.a:*lib_a-mem*.o *libgcc.a:) .text*)
 .text          0x00000000100002bc       0x98 /usr/lib/gcc/arm-none-eabi/10.3.1/thumb/v6-m/nofp/crtbegin.o
 .text.gpio_pull_up
                0x0000000010000354       0x1c CMakeFiles/elmio.dir/elmio.c.obj
 .text.gpio_get
                0x0000000010000370       0x26 CMakeFiles/elmio.dir/elmio.c.obj
 .text.gpio_set_mask
                0x0000000010000396       0x18 CMakeFiles/elmio.dir/elmio.c.obj
 .text.gpio_clr_mask
                0x00000000100003ae       0x18 CMakeFiles/elmio.dir/elmio.c.obj
 .text.gpio_put
                0x00000000100003c6       0x3a CMakeFiles/elmio.dir/elmio.c.obj
 .text.gpio_set_dir_out_masked
                0x0000000010000400       0x18 CMakeFiles/elmio.dir/elmio.c.obj
 .text.gpio_set_dir_in_masked
                0x0000000010000418       0x18 CMakeFiles/elmio.dir/elmio.c.obj
 .text.gpio_set_dir
                0x0000000010000430       0x3a CMakeFiles/elmio.dir/elmio.c.obj
 .text.check_sm_param
                0x000000001000046a       0x10 CMakeFiles/elmio.dir/elmio.c.obj
 .text.check_pio_param
                0x000000001000047a       0x10 CMakeFiles/elmio.dir/elmio.c.obj
 *fill*         0x000000001000048a        0x2 
 .text.sm_config_set_sideset_pins
                0x000000001000048c       0x28 CMakeFiles/elmio.dir/elmio.c.obj
 .text.sm_config_set_sideset
                0x00000000100004b4       0x64 CMakeFiles/elmio.dir/elmio.c.obj
 .text.sm_config_set_clkdiv_int_frac
                0x0000000010000518       0x32 CMakeFiles/elmio.dir/elmio.c.obj
 .text.pio_calculate_clkdiv_from_float
                0x000000001000054a       0x62 CMakeFiles/elmio.dir/elmio.c.obj
 .text.sm_config_set_clkdiv
                0x00000000100005ac       0x32 CMakeFiles/elmio.dir/elmio.c.obj
 *fill*         0x00000000100005de        0x2 
 .text.sm_config_set_wrap
                0x00000000100005e0       0x30 CMakeFiles/elmio.dir/elmio.c.obj
 .text.sm_config_set_in_shift
                0x0000000010000610       0x68 CMakeFiles/elmio.dir/elmio.c.obj
 .text.sm_config_set_out_shift
                0x0000000010000678       0x68 CMakeFiles/elmio.dir/elmio.c.obj
 .text.sm_config_set_fifo_join
                0x00000000100006e0       0x2a CMakeFiles/elmio.dir/elmio.c.obj
 .text.pio_get_default_sm_config
                0x000000001000070a       0x5c CMakeFiles/elmio.dir/elmio.c.obj
 *fill*         0x0000000010000766        0x2 
 .text.pio_gpio_init
                0x0000000010000768       0x38 CMakeFiles/elmio.dir/elmio.c.obj
 .text.pio_sm_set_enabled
                0x00000000100007a0       0x48 CMakeFiles/elmio.dir/elmio.c.obj
 .text.pio_sm_put
                0x00000000100007e8       0x30 CMakeFiles/elmio.dir/elmio.c.obj
 .text.pio_sm_is_tx_fifo_full
                0x0000000010000818       0x38 CMakeFiles/elmio.dir/elmio.c.obj
 .text.pio_sm_put_blocking
                0x0000000010000850       0x44 CMakeFiles/elmio.dir/elmio.c.obj
 .text.ws2812_program_get_default_config
                0x0000000010000894       0x42 CMakeFiles/elmio.dir/elmio.c.obj
 .text.ws2812_program_init
                0x00000000100008d6       0xc8 CMakeFiles/elmio.dir/elmio.c.obj
 *fill*         0x000000001000099e        0x2 
 .text.put_pixel
                0x00000000100009a0       0x24 CMakeFiles/elmio.dir/elmio.c.obj
 .text.urgb_u32
                0x00000000100009c4       0x3a CMakeFiles/elmio.dir/elmio.c.obj
 *fill*         0x00000000100009fe        0x2 
 .text.main     0x0000000010000a00      0x198 CMakeFiles/elmio.dir/elmio.c.obj
                0x0000000010000a00                main
 .text.check_gpio_param
                0x0000000010000b98       0x10 CMakeFiles/elmio.dir/home/nilodude/desarrollo/picow/pico/pico-sdk/src/rp2_common/hardware_gpio/gpio.c.obj
 .text.gpio_set_mask
                0x0000000010000ba8       0x18 CMakeFiles/elmio.dir/home/nilodude/desarrollo/picow/pico/pico-sdk/src/rp2_common/hardware_gpio/gpio.c.obj
 .text.gpio_clr_mask
                0x0000000010000bc0       0x18 CMakeFiles/elmio.dir/home/nilodude/desarrollo/picow/pico/pico-sdk/src/rp2_common/hardware_gpio/gpio.c.obj
 .text.gpio_put
                0x0000000010000bd8       0x3a CMakeFiles/elmio.dir/home/nilodude/desarrollo/picow/pico/pico-sdk/src/rp2_common/hardware_gpio/gpio.c.obj
 .text.gpio_set_dir_out_masked
                0x0000000010000c12       0x18 CMakeFiles/elmio.dir/home/nilodude/desarrollo/picow/pico/pico-sdk/src/rp2_common/hardware_gpio/gpio.c.obj
 .text.gpio_set_dir_in_masked
                0x0000000010000c2a       0x18 CMakeFiles/elmio.dir/home/nilodude/desarrollo/picow/pico/pico-sdk/src/rp2_common/hardware_gpio/gpio.c.obj
 .text.gpio_set_dir
                0x0000000010000c42       0x3a CMakeFiles/elmio.dir/home/nilodude/desarrollo/picow/pico/pico-sdk/src/rp2_common/hardware_gpio/gpio.c.obj
 .text.gpio_set_function
                0x0000000010000c7c       0x6c CMakeFiles/elmio.dir/home/nilodude/desarrollo/picow/pico/pico-sdk/src/rp2_common/hardware_gpio/gpio.c.obj
                0x0000000010000c7c                gpio_set_function
 .text.gpio_set_pulls
                0x0000000010000ce8       0x7c CMakeFiles/elmio.dir/home/nilodude/desarrollo/picow/pico/pico-sdk/src/rp2_common/hardware_gpio/gpio.c.obj
                0x0000000010000ce8                gpio_set_pulls
 .text.gpio_init
                0x0000000010000d64       0x2e CMakeFiles/elmio.dir/home/nilodude/desarrollo/picow/pico/pico-sdk/src/rp2_common/hardware_gpio/gpio.c.obj
                0x0000000010000d64                gpio_init
 *fill*         0x0000000010000d92        0x2 
 .text.running_on_fpga
                0x0000000010000d94       0x1c CMakeFiles/elmio.dir/home/nilodude/desarrollo/picow/pico/pico-sdk/src/rp2_common/pico_platform/platform.c.obj
                0x0000000010000d94                running_on_fpga
 .text.hw_claim_lock
                0x0000000010000db0       0x50 CMakeFiles/elmio.dir/home/nilodude/desarrollo/picow/pico/pico-sdk/src/rp2_common/hardware_claim/claim.c.obj
                0x0000000010000db0                hw_claim_lock
 .text.hw_claim_unlock
                0x0000000010000e00       0x4c CMakeFiles/elmio.dir/home/nilodude/desarrollo/picow/pico/pico-sdk/src/rp2_common/hardware_claim/claim.c.obj
                0x0000000010000e00                hw_claim_unlock
 .text.hw_is_claimed
                0x0000000010000e4c       0x32 CMakeFiles/elmio.dir/home/nilodude/desarrollo/picow/pico/pico-sdk/src/rp2_common/hardware_claim/claim.c.obj
                0x0000000010000e4c                hw_is_claimed
 .text.hw_claim_or_assert
                0x0000000010000e7e       0x66 CMakeFiles/elmio.dir/home/nilodude/desarrollo/picow/pico/pico-sdk/src/rp2_common/hardware_claim/claim.c.obj
                0x0000000010000e7e                hw_claim_or_assert
 .text.hw_claim_unused_from_range
                0x0000000010000ee4       0xa6 CMakeFiles/elmio.dir/home/nilodude/desarrollo/picow/pico/pico-sdk/src/rp2_common/hardware_claim/claim.c.obj
                0x0000000010000ee4                hw_claim_unused_from_range
 *fill*         0x0000000010000f8a        0x2 
 .text.spin_locks_reset
                0x0000000010000f8c       0x48 CMakeFiles/elmio.dir/home/nilodude/desarrollo/picow/pico/pico-sdk/src/rp2_common/hardware_sync/sync.c.obj
                0x0000000010000f8c                spin_locks_reset
 .text.next_striped_spin_lock_num
                0x0000000010000fd4       0x30 CMakeFiles/elmio.dir/home/nilodude/desarrollo/picow/pico/pico-sdk/src/rp2_common/hardware_sync/sync.c.obj
                0x0000000010000fd4                next_striped_spin_lock_num
 .text.spin_lock_claim_unused
                0x0000000010001004       0x30 CMakeFiles/elmio.dir/home/nilodude/desarrollo/picow/pico/pico-sdk/src/rp2_common/hardware_sync/sync.c.obj
                0x0000000010001004                spin_lock_claim_unused
 .text.check_irq_param
                0x0000000010001034       0x10 CMakeFiles/elmio.dir/home/nilodude/desarrollo/picow/pico/pico-sdk/src/rp2_common/hardware_irq/irq.c.obj
 .text.user_irq_claimed_ptr
                0x0000000010001044       0x10 CMakeFiles/elmio.dir/home/nilodude/desarrollo/picow/pico/pico-sdk/src/rp2_common/hardware_irq/irq.c.obj
 .text.get_vtable
                0x0000000010001054       0x14 CMakeFiles/elmio.dir/home/nilodude/desarrollo/picow/pico/pico-sdk/src/rp2_common/hardware_irq/irq.c.obj
 .text.add_thumb_bit
                0x0000000010001068       0x16 CMakeFiles/elmio.dir/home/nilodude/desarrollo/picow/pico/pico-sdk/src/rp2_common/hardware_irq/irq.c.obj
 .text.remove_thumb_bit
                0x000000001000107e       0x16 CMakeFiles/elmio.dir/home/nilodude/desarrollo/picow/pico/pico-sdk/src/rp2_common/hardware_irq/irq.c.obj
 .text.set_raw_irq_handler_and_unlock
                0x0000000010001094       0x68 CMakeFiles/elmio.dir/home/nilodude/desarrollo/picow/pico/pico-sdk/src/rp2_common/hardware_irq/irq.c.obj
 .text.irq_set_enabled
                0x00000000100010fc       0x30 CMakeFiles/elmio.dir/home/nilodude/desarrollo/picow/pico/pico-sdk/src/rp2_common/hardware_irq/irq.c.obj
                0x00000000100010fc                irq_set_enabled
 .text.irq_is_enabled
                0x000000001000112c       0x30 CMakeFiles/elmio.dir/home/nilodude/desarrollo/picow/pico/pico-sdk/src/rp2_common/hardware_irq/irq.c.obj
                0x000000001000112c                irq_is_enabled
 .text.irq_set_mask_enabled
                0x000000001000115c       0x40 CMakeFiles/elmio.dir/home/nilodude/desarrollo/picow/pico/pico-sdk/src/rp2_common/hardware_irq/irq.c.obj
                0x000000001000115c                irq_set_mask_enabled
 .text.irq_set_pending
                0x000000001000119c       0x28 CMakeFiles/elmio.dir/home/nilodude/desarrollo/picow/pico/pico-sdk/src/rp2_common/hardware_irq/irq.c.obj
                0x000000001000119c                irq_set_pending
 .text.is_shared_irq_raw_handler
                0x00000000100011c4       0x24 CMakeFiles/elmio.dir/home/nilodude/desarrollo/picow/pico/pico-sdk/src/rp2_common/hardware_irq/irq.c.obj
 .text.irq_has_shared_handler
                0x00000000100011e8       0x44 CMakeFiles/elmio.dir/home/nilodude/desarrollo/picow/pico/pico-sdk/src/rp2_common/hardware_irq/irq.c.obj
                0x00000000100011e8                irq_has_shared_handler
 .text.irq_get_vtable_handler
                0x000000001000122c       0x28 CMakeFiles/elmio.dir/home/nilodude/desarrollo/picow/pico/pico-sdk/src/rp2_common/hardware_irq/irq.c.obj
                0x000000001000122c                irq_get_vtable_handler
 .text.irq_set_exclusive_handler
                0x0000000010001254       0xa4 CMakeFiles/elmio.dir/home/nilodude/desarrollo/picow/pico/pico-sdk/src/rp2_common/hardware_irq/irq.c.obj
                0x0000000010001254                irq_set_exclusive_handler
 .text.make_branch
                0x00000000100012f8       0x74 CMakeFiles/elmio.dir/home/nilodude/desarrollo/picow/pico/pico-sdk/src/rp2_common/hardware_irq/irq.c.obj
 .text.insert_branch_and_link
                0x000000001000136c       0x74 CMakeFiles/elmio.dir/home/nilodude/desarrollo/picow/pico/pico-sdk/src/rp2_common/hardware_irq/irq.c.obj
 .text.resolve_branch
                0x00000000100013e0       0x5c CMakeFiles/elmio.dir/home/nilodude/desarrollo/picow/pico/pico-sdk/src/rp2_common/hardware_irq/irq.c.obj
 .text.slot_diff
                0x000000001000143c       0x30 CMakeFiles/elmio.dir/home/nilodude/desarrollo/picow/pico/pico-sdk/src/rp2_common/hardware_irq/irq.c.obj
 .text.get_slot_index
                0x000000001000146c       0x24 CMakeFiles/elmio.dir/home/nilodude/desarrollo/picow/pico/pico-sdk/src/rp2_common/hardware_irq/irq.c.obj
 .text.irq_add_shared_handler
                0x0000000010001490      0x2d8 CMakeFiles/elmio.dir/home/nilodude/desarrollo/picow/pico/pico-sdk/src/rp2_common/hardware_irq/irq.c.obj
                0x0000000010001490                irq_add_shared_handler
 .text.irq_remove_handler
                0x0000000010001768      0x250 CMakeFiles/elmio.dir/home/nilodude/desarrollo/picow/pico/pico-sdk/src/rp2_common/hardware_irq/irq.c.obj
                0x0000000010001768                irq_remove_handler
 .text.irq_add_tail_to_free_list
                0x00000000100019b8      0x1b8 CMakeFiles/elmio.dir/home/nilodude/desarrollo/picow/pico/pico-sdk/src/rp2_common/hardware_irq/irq.c.obj
                0x00000000100019b8                irq_add_tail_to_free_list
 .text.irq_init_priorities
                0x0000000010001b70       0x3c CMakeFiles/elmio.dir/home/nilodude/desarrollo/picow/pico/pico-sdk/src/rp2_common/hardware_irq/irq.c.obj
                0x0000000010001b70                irq_init_priorities
 .text.user_irq_claim_unused
                0x0000000010001bac       0x40 CMakeFiles/elmio.dir/home/nilodude/desarrollo/picow/pico/pico-sdk/src/rp2_common/hardware_irq/irq.c.obj
                0x0000000010001bac                user_irq_claim_unused
 .text.lock_init
                0x0000000010001bec       0x2c CMakeFiles/elmio.dir/home/nilodude/desarrollo/picow/pico/pico-sdk/src/common/pico_sync/lock_core.c.obj
                0x0000000010001bec                lock_init
 .text.to_us_since_boot
                0x0000000010001c18       0x18 CMakeFiles/elmio.dir/home/nilodude/desarrollo/picow/pico/pico-sdk/src/common/pico_sync/mutex.c.obj
 .text.update_us_since_boot
                0x0000000010001c30       0x40 CMakeFiles/elmio.dir/home/nilodude/desarrollo/picow/pico/pico-sdk/src/common/pico_sync/mutex.c.obj
 .text.get_absolute_time
                0x0000000010001c70       0x2c CMakeFiles/elmio.dir/home/nilodude/desarrollo/picow/pico/pico-sdk/src/common/pico_sync/mutex.c.obj
 .text.delayed_by_ms
                0x0000000010001c9c       0x80 CMakeFiles/elmio.dir/home/nilodude/desarrollo/picow/pico/pico-sdk/src/common/pico_sync/mutex.c.obj
 .text.make_timeout_time_ms
                0x0000000010001d1c       0x2a CMakeFiles/elmio.dir/home/nilodude/desarrollo/picow/pico/pico-sdk/src/common/pico_sync/mutex.c.obj
 .text.mutex_init
                0x0000000010001d46       0x2e CMakeFiles/elmio.dir/home/nilodude/desarrollo/picow/pico/pico-sdk/src/common/pico_sync/mutex.c.obj
                0x0000000010001d46                mutex_init
 .text.recursive_mutex_init
                0x0000000010001d74       0x34 CMakeFiles/elmio.dir/home/nilodude/desarrollo/picow/pico/pico-sdk/src/common/pico_sync/mutex.c.obj
                0x0000000010001d74                recursive_mutex_init
 .text.critical_section_init
                0x0000000010001da8       0x24 CMakeFiles/elmio.dir/home/nilodude/desarrollo/picow/pico/pico-sdk/src/common/pico_sync/critical_section.c.obj
                0x0000000010001da8                critical_section_init
 .text.critical_section_init_with_lock_num
                0x0000000010001dcc       0x34 CMakeFiles/elmio.dir/home/nilodude/desarrollo/picow/pico/pico-sdk/src/common/pico_sync/critical_section.c.obj
                0x0000000010001dcc                critical_section_init_with_lock_num
 .text.to_us_since_boot
                0x0000000010001e00       0x18 CMakeFiles/elmio.dir/home/nilodude/desarrollo/picow/pico/pico-sdk/src/common/pico_time/time.c.obj
 .text.update_us_since_boot
                0x0000000010001e18       0x40 CMakeFiles/elmio.dir/home/nilodude/desarrollo/picow/pico/pico-sdk/src/common/pico_time/time.c.obj
 .text.time_reached
                0x0000000010001e58       0x64 CMakeFiles/elmio.dir/home/nilodude/desarrollo/picow/pico/pico-sdk/src/common/pico_time/time.c.obj
 .text.get_absolute_time
                0x0000000010001ebc       0x2c CMakeFiles/elmio.dir/home/nilodude/desarrollo/picow/pico/pico-sdk/src/common/pico_time/time.c.obj
 .text.delayed_by_us
                0x0000000010001ee8       0x68 CMakeFiles/elmio.dir/home/nilodude/desarrollo/picow/pico/pico-sdk/src/common/pico_time/time.c.obj
 .text.make_timeout_time_us
                0x0000000010001f50       0x36 CMakeFiles/elmio.dir/home/nilodude/desarrollo/picow/pico/pico-sdk/src/common/pico_time/time.c.obj
 .text.absolute_time_diff_us
                0x0000000010001f86       0x40 CMakeFiles/elmio.dir/home/nilodude/desarrollo/picow/pico/pico-sdk/src/common/pico_time/time.c.obj
 .text.add_alarm_at
                0x0000000010001fc6       0x34 CMakeFiles/elmio.dir/home/nilodude/desarrollo/picow/pico/pico-sdk/src/common/pico_time/time.c.obj
 .text.cancel_alarm
                0x0000000010001ffa       0x22 CMakeFiles/elmio.dir/home/nilodude/desarrollo/picow/pico/pico-sdk/src/common/pico_time/time.c.obj
 .text.ph_get_node
                0x000000001000201c       0x54 CMakeFiles/elmio.dir/home/nilodude/desarrollo/picow/pico/pico-sdk/src/common/pico_time/time.c.obj
 .text.ph_add_child_node
                0x0000000010002070       0xc4 CMakeFiles/elmio.dir/home/nilodude/desarrollo/picow/pico/pico-sdk/src/common/pico_time/time.c.obj
 .text.ph_merge_nodes
                0x0000000010002134       0x7e CMakeFiles/elmio.dir/home/nilodude/desarrollo/picow/pico/pico-sdk/src/common/pico_time/time.c.obj
 .text.ph_new_node
                0x00000000100021b2       0x6a CMakeFiles/elmio.dir/home/nilodude/desarrollo/picow/pico/pico-sdk/src/common/pico_time/time.c.obj
 .text.ph_insert_node
                0x000000001000221c       0x7c CMakeFiles/elmio.dir/home/nilodude/desarrollo/picow/pico/pico-sdk/src/common/pico_time/time.c.obj
 .text.ph_peek_head
                0x0000000010002298       0x14 CMakeFiles/elmio.dir/home/nilodude/desarrollo/picow/pico/pico-sdk/src/common/pico_time/time.c.obj
 .text.ph_contains_node
                0x00000000100022ac       0x46 CMakeFiles/elmio.dir/home/nilodude/desarrollo/picow/pico/pico-sdk/src/common/pico_time/time.c.obj
 *fill*         0x00000000100022f2        0x2 
 .text.ph_free_node
                0x00000000100022f4       0x98 CMakeFiles/elmio.dir/home/nilodude/desarrollo/picow/pico/pico-sdk/src/common/pico_time/time.c.obj
 .text.default_alarm_pool_initialized
                0x000000001000238c       0x18 CMakeFiles/elmio.dir/home/nilodude/desarrollo/picow/pico/pico-sdk/src/common/pico_time/time.c.obj
 .text.get_entry
                0x00000000100023a4       0x5c CMakeFiles/elmio.dir/home/nilodude/desarrollo/picow/pico/pico-sdk/src/common/pico_time/time.c.obj
 .text.get_entry_id_high
                0x0000000010002400       0x50 CMakeFiles/elmio.dir/home/nilodude/desarrollo/picow/pico/pico-sdk/src/common/pico_time/time.c.obj
 .text.timer_pool_entry_comparator
                0x0000000010002450       0x76 CMakeFiles/elmio.dir/home/nilodude/desarrollo/picow/pico/pico-sdk/src/common/pico_time/time.c.obj
                0x0000000010002450                timer_pool_entry_comparator
 .text.make_public_id
                0x00000000100024c6       0x26 CMakeFiles/elmio.dir/home/nilodude/desarrollo/picow/pico/pico-sdk/src/common/pico_time/time.c.obj
 .text.alarm_pool_init_default
                0x00000000100024ec       0x50 CMakeFiles/elmio.dir/home/nilodude/desarrollo/picow/pico/pico-sdk/src/common/pico_time/time.c.obj
                0x00000000100024ec                alarm_pool_init_default
 .text.alarm_pool_get_default
                0x000000001000253c       0x30 CMakeFiles/elmio.dir/home/nilodude/desarrollo/picow/pico/pico-sdk/src/common/pico_time/time.c.obj
                0x000000001000253c                alarm_pool_get_default
 .text.add_alarm_under_lock
                0x000000001000256c      0x128 CMakeFiles/elmio.dir/home/nilodude/desarrollo/picow/pico/pico-sdk/src/common/pico_time/time.c.obj
 .text.alarm_pool_alarm_callback
                0x0000000010002694      0x414 CMakeFiles/elmio.dir/home/nilodude/desarrollo/picow/pico/pico-sdk/src/common/pico_time/time.c.obj
 .text.alarm_pool_post_alloc_init
                0x0000000010002aa8       0x68 CMakeFiles/elmio.dir/home/nilodude/desarrollo/picow/pico/pico-sdk/src/common/pico_time/time.c.obj
 .text.alarm_pool_add_alarm_at
                0x0000000010002b10      0x192 CMakeFiles/elmio.dir/home/nilodude/desarrollo/picow/pico/pico-sdk/src/common/pico_time/time.c.obj
                0x0000000010002b10                alarm_pool_add_alarm_at
 *fill*         0x0000000010002ca2        0x2 
 .text.alarm_pool_cancel_alarm
                0x0000000010002ca4      0x134 CMakeFiles/elmio.dir/home/nilodude/desarrollo/picow/pico/pico-sdk/src/common/pico_time/time.c.obj
                0x0000000010002ca4                alarm_pool_cancel_alarm
 .text.alarm_pool_core_num
                0x0000000010002dd8       0x14 CMakeFiles/elmio.dir/home/nilodude/desarrollo/picow/pico/pico-sdk/src/common/pico_time/time.c.obj
                0x0000000010002dd8                alarm_pool_core_num
 .text.sleep_until_callback
                0x0000000010002dec       0x80 CMakeFiles/elmio.dir/home/nilodude/desarrollo/picow/pico/pico-sdk/src/common/pico_time/time.c.obj
 .text.sleep_until
                0x0000000010002e6c      0x14c CMakeFiles/elmio.dir/home/nilodude/desarrollo/picow/pico/pico-sdk/src/common/pico_time/time.c.obj
                0x0000000010002e6c                sleep_until
 .text.sleep_us
                0x0000000010002fb8       0x2c CMakeFiles/elmio.dir/home/nilodude/desarrollo/picow/pico/pico-sdk/src/common/pico_time/time.c.obj
                0x0000000010002fb8                sleep_us
 .text.sleep_ms
                0x0000000010002fe4       0x32 CMakeFiles/elmio.dir/home/nilodude/desarrollo/picow/pico/pico-sdk/src/common/pico_time/time.c.obj
                0x0000000010002fe4                sleep_ms
 *fill*         0x0000000010003016        0x2 
 .text.best_effort_wfe_or_timeout
                0x0000000010003018       0x7c CMakeFiles/elmio.dir/home/nilodude/desarrollo/picow/pico/pico-sdk/src/common/pico_time/time.c.obj
                0x0000000010003018                best_effort_wfe_or_timeout
 .text.to_us_since_boot
                0x0000000010003094       0x18 CMakeFiles/elmio.dir/home/nilodude/desarrollo/picow/pico/pico-sdk/src/rp2_common/hardware_timer/timer.c.obj
 .text.update_us_since_boot
                0x00000000100030ac       0x40 CMakeFiles/elmio.dir/home/nilodude/desarrollo/picow/pico/pico-sdk/src/rp2_common/hardware_timer/timer.c.obj
 .text.check_hardware_alarm_num_param
                0x00000000100030ec       0x10 CMakeFiles/elmio.dir/home/nilodude/desarrollo/picow/pico/pico-sdk/src/rp2_common/hardware_timer/timer.c.obj
 .text.irq_clear
                0x00000000100030fc       0x24 CMakeFiles/elmio.dir/home/nilodude/desarrollo/picow/pico/pico-sdk/src/rp2_common/hardware_timer/timer.c.obj
 .text.hardware_alarm_claim
                0x0000000010003120       0x2c CMakeFiles/elmio.dir/home/nilodude/desarrollo/picow/pico/pico-sdk/src/rp2_common/hardware_timer/timer.c.obj
                0x0000000010003120                hardware_alarm_claim
 .text.time_us_64
                0x000000001000314c       0x60 CMakeFiles/elmio.dir/home/nilodude/desarrollo/picow/pico/pico-sdk/src/rp2_common/hardware_timer/timer.c.obj
                0x000000001000314c                time_us_64
 .text.busy_wait_us
                0x00000000100031ac       0x6a CMakeFiles/elmio.dir/home/nilodude/desarrollo/picow/pico/pico-sdk/src/rp2_common/hardware_timer/timer.c.obj
                0x00000000100031ac                busy_wait_us
 *fill*         0x0000000010003216        0x2 
 .text.busy_wait_until
                0x0000000010003218       0x6c CMakeFiles/elmio.dir/home/nilodude/desarrollo/picow/pico/pico-sdk/src/rp2_common/hardware_timer/timer.c.obj
                0x0000000010003218                busy_wait_until
 .text.harware_alarm_irq_number
                0x0000000010003284       0x12 CMakeFiles/elmio.dir/home/nilodude/desarrollo/picow/pico/pico-sdk/src/rp2_common/hardware_timer/timer.c.obj
 *fill*         0x0000000010003296        0x2 
 .text.hardware_alarm_irq_handler
                0x0000000010003298      0x13c CMakeFiles/elmio.dir/home/nilodude/desarrollo/picow/pico/pico-sdk/src/rp2_common/hardware_timer/timer.c.obj
 .text.hardware_alarm_set_callback
                0x00000000100033d4      0x134 CMakeFiles/elmio.dir/home/nilodude/desarrollo/picow/pico/pico-sdk/src/rp2_common/hardware_timer/timer.c.obj
                0x00000000100033d4                hardware_alarm_set_callback
 .text.hardware_alarm_set_target
                0x0000000010003508      0x1c4 CMakeFiles/elmio.dir/home/nilodude/desarrollo/picow/pico/pico-sdk/src/rp2_common/hardware_timer/timer.c.obj
                0x0000000010003508                hardware_alarm_set_target
 .text.hardware_alarm_cancel
                0x00000000100036cc       0xb8 CMakeFiles/elmio.dir/home/nilodude/desarrollo/picow/pico/pico-sdk/src/rp2_common/hardware_timer/timer.c.obj
                0x00000000100036cc                hardware_alarm_cancel
 .text.ph_get_node
                0x0000000010003784       0x54 CMakeFiles/elmio.dir/home/nilodude/desarrollo/picow/pico/pico-sdk/src/common/pico_util/pheap.c.obj
 .text.ph_add_child_node
                0x00000000100037d8       0xc4 CMakeFiles/elmio.dir/home/nilodude/desarrollo/picow/pico/pico-sdk/src/common/pico_util/pheap.c.obj
 .text.ph_merge_nodes
                0x000000001000389c       0x7e CMakeFiles/elmio.dir/home/nilodude/desarrollo/picow/pico/pico-sdk/src/common/pico_util/pheap.c.obj
 .text.ph_peek_head
                0x000000001000391a       0x14 CMakeFiles/elmio.dir/home/nilodude/desarrollo/picow/pico/pico-sdk/src/common/pico_util/pheap.c.obj
 .text.ph_remove_and_free_head
                0x000000001000392e       0x1c CMakeFiles/elmio.dir/home/nilodude/desarrollo/picow/pico/pico-sdk/src/common/pico_util/pheap.c.obj
 .text.ph_post_alloc_init
                0x000000001000394a       0x32 CMakeFiles/elmio.dir/home/nilodude/desarrollo/picow/pico/pico-sdk/src/common/pico_util/pheap.c.obj
                0x000000001000394a                ph_post_alloc_init
 .text.ph_clear
                0x000000001000397c       0x78 CMakeFiles/elmio.dir/home/nilodude/desarrollo/picow/pico/pico-sdk/src/common/pico_util/pheap.c.obj
                0x000000001000397c                ph_clear
 .text.ph_merge_two_pass
                0x00000000100039f4       0xd0 CMakeFiles/elmio.dir/home/nilodude/desarrollo/picow/pico/pico-sdk/src/common/pico_util/pheap.c.obj
                0x00000000100039f4                ph_merge_two_pass
 .text.ph_remove_any_head
                0x0000000010003ac4      0x140 CMakeFiles/elmio.dir/home/nilodude/desarrollo/picow/pico/pico-sdk/src/common/pico_util/pheap.c.obj
 .text.ph_remove_head
                0x0000000010003c04       0x44 CMakeFiles/elmio.dir/home/nilodude/desarrollo/picow/pico/pico-sdk/src/common/pico_util/pheap.c.obj
                0x0000000010003c04                ph_remove_head
 .text.ph_remove_and_free_node
                0x0000000010003c48      0x154 CMakeFiles/elmio.dir/home/nilodude/desarrollo/picow/pico/pico-sdk/src/common/pico_util/pheap.c.obj
                0x0000000010003c48                ph_remove_and_free_node
 .text.uart_get_index
                0x0000000010003d9c       0x24 CMakeFiles/elmio.dir/home/nilodude/desarrollo/picow/pico/pico-sdk/src/rp2_common/hardware_uart/uart.c.obj
 .text.uart_get_hw
                0x0000000010003dc0       0x1a CMakeFiles/elmio.dir/home/nilodude/desarrollo/picow/pico/pico-sdk/src/rp2_common/hardware_uart/uart.c.obj
 *fill*         0x0000000010003dda        0x2 
 .text.reset_block
                0x0000000010003ddc       0x2c CMakeFiles/elmio.dir/home/nilodude/desarrollo/picow/pico/pico-sdk/src/rp2_common/hardware_uart/uart.c.obj
 .text.unreset_block_wait
                0x0000000010003e08       0x3c CMakeFiles/elmio.dir/home/nilodude/desarrollo/picow/pico/pico-sdk/src/rp2_common/hardware_uart/uart.c.obj
 .text.uart_reset
                0x0000000010003e44       0x2c CMakeFiles/elmio.dir/home/nilodude/desarrollo/picow/pico/pico-sdk/src/rp2_common/hardware_uart/uart.c.obj
 .text.uart_unreset
                0x0000000010003e70       0x2c CMakeFiles/elmio.dir/home/nilodude/desarrollo/picow/pico/pico-sdk/src/rp2_common/hardware_uart/uart.c.obj
 .text.uart_init
                0x0000000010003e9c       0x98 CMakeFiles/elmio.dir/home/nilodude/desarrollo/picow/pico/pico-sdk/src/rp2_common/hardware_uart/uart.c.obj
                0x0000000010003e9c                uart_init
 .text.uart_disable_before_lcr_write
                0x0000000010003f34       0xac CMakeFiles/elmio.dir/home/nilodude/desarrollo/picow/pico/pico-sdk/src/rp2_common/hardware_uart/uart.c.obj
 .text.uart_write_lcr_bits_masked
                0x0000000010003fe0       0x66 CMakeFiles/elmio.dir/home/nilodude/desarrollo/picow/pico/pico-sdk/src/rp2_common/hardware_uart/uart.c.obj
 *fill*         0x0000000010004046        0x2 
 .text.uart_set_baudrate
                0x0000000010004048       0xa8 CMakeFiles/elmio.dir/home/nilodude/desarrollo/picow/pico/pico-sdk/src/rp2_common/hardware_uart/uart.c.obj
                0x0000000010004048                uart_set_baudrate
 .text.uart_set_format
                0x00000000100040f0       0x54 CMakeFiles/elmio.dir/home/nilodude/desarrollo/picow/pico/pico-sdk/src/rp2_common/hardware_uart/uart.c.obj
                0x00000000100040f0                uart_set_format
 .text.uart_set_translate_crlf
                0x0000000010004144       0x3c CMakeFiles/elmio.dir/home/nilodude/desarrollo/picow/pico/pico-sdk/src/rp2_common/hardware_uart/uart.c.obj
                0x0000000010004144                uart_set_translate_crlf
 .text.busy_wait_at_least_cycles
                0x0000000010004180       0x18 CMakeFiles/elmio.dir/home/nilodude/desarrollo/picow/pico/pico-sdk/src/rp2_common/hardware_clocks/clocks.c.obj
 .text.has_glitchless_mux
                0x0000000010004198       0x32 CMakeFiles/elmio.dir/home/nilodude/desarrollo/picow/pico/pico-sdk/src/rp2_common/hardware_clocks/clocks.c.obj
 *fill*         0x00000000100041ca        0x2 
 .text.clock_configure
                0x00000000100041cc      0x27c CMakeFiles/elmio.dir/home/nilodude/desarrollo/picow/pico/pico-sdk/src/rp2_common/hardware_clocks/clocks.c.obj
                0x00000000100041cc                clock_configure
 .text.clocks_init
                0x0000000010004448      0x148 CMakeFiles/elmio.dir/home/nilodude/desarrollo/picow/pico/pico-sdk/src/rp2_common/hardware_clocks/clocks.c.obj
                0x0000000010004448                clocks_init
 .text.clock_get_hz
                0x0000000010004590       0x24 CMakeFiles/elmio.dir/home/nilodude/desarrollo/picow/pico/pico-sdk/src/rp2_common/hardware_clocks/clocks.c.obj
                0x0000000010004590                clock_get_hz
 .text.reset_block
                0x00000000100045b4       0x2c CMakeFiles/elmio.dir/home/nilodude/desarrollo/picow/pico/pico-sdk/src/rp2_common/hardware_pll/pll.c.obj
 .text.unreset_block_wait
                0x00000000100045e0       0x3c CMakeFiles/elmio.dir/home/nilodude/desarrollo/picow/pico/pico-sdk/src/rp2_common/hardware_pll/pll.c.obj
 .text.pll_init
                0x000000001000461c      0x180 CMakeFiles/elmio.dir/home/nilodude/desarrollo/picow/pico/pico-sdk/src/rp2_common/hardware_pll/pll.c.obj
                0x000000001000461c                pll_init
 .text.watchdog_start_tick
                0x000000001000479c       0x20 CMakeFiles/elmio.dir/home/nilodude/desarrollo/picow/pico/pico-sdk/src/rp2_common/hardware_watchdog/watchdog.c.obj
                0x000000001000479c                watchdog_start_tick
 .text.watchdog_update
                0x00000000100047bc       0x1c CMakeFiles/elmio.dir/home/nilodude/desarrollo/picow/pico/pico-sdk/src/rp2_common/hardware_watchdog/watchdog.c.obj
                0x00000000100047bc                watchdog_update
 .text._watchdog_enable
                0x00000000100047d8       0xf4 CMakeFiles/elmio.dir/home/nilodude/desarrollo/picow/pico/pico-sdk/src/rp2_common/hardware_watchdog/watchdog.c.obj
                0x00000000100047d8                _watchdog_enable
 .text.watchdog_reboot
                0x00000000100048cc       0x74 CMakeFiles/elmio.dir/home/nilodude/desarrollo/picow/pico/pico-sdk/src/rp2_common/hardware_watchdog/watchdog.c.obj
                0x00000000100048cc                watchdog_reboot
 .text.xosc_init
                0x0000000010004940       0x48 CMakeFiles/elmio.dir/home/nilodude/desarrollo/picow/pico/pico-sdk/src/rp2_common/hardware_xosc/xosc.c.obj
                0x0000000010004940                xosc_init
 .text.__breakpoint
                0x0000000010004988        0xc CMakeFiles/elmio.dir/home/nilodude/desarrollo/picow/pico/pico-sdk/src/rp2_common/pico_runtime/runtime.c.obj
 .text.reset_block
                0x0000000010004994       0x2c CMakeFiles/elmio.dir/home/nilodude/desarrollo/picow/pico/pico-sdk/src/rp2_common/pico_runtime/runtime.c.obj
 .text.unreset_block_wait
                0x00000000100049c0       0x3c CMakeFiles/elmio.dir/home/nilodude/desarrollo/picow/pico/pico-sdk/src/rp2_common/pico_runtime/runtime.c.obj
 .text.runtime_init
                0x00000000100049fc      0x138 CMakeFiles/elmio.dir/home/nilodude/desarrollo/picow/pico/pico-sdk/src/rp2_common/pico_runtime/runtime.c.obj
                0x00000000100049fc                runtime_init
 .text._exit    0x0000000010004b34        0xe CMakeFiles/elmio.dir/home/nilodude/desarrollo/picow/pico/pico-sdk/src/rp2_common/pico_runtime/runtime.c.obj
                0x0000000010004b34                _exit
 .text.exit     0x0000000010004b42       0x10 CMakeFiles/elmio.dir/home/nilodude/desarrollo/picow/pico/pico-sdk/src/rp2_common/pico_runtime/runtime.c.obj
                0x0000000010004b42                exit
 *fill*         0x0000000010004b52        0x2 
 .text.__assert_func
                0x0000000010004b54       0x4c CMakeFiles/elmio.dir/home/nilodude/desarrollo/picow/pico/pico-sdk/src/rp2_common/pico_runtime/runtime.c.obj
                0x0000000010004b54                __assert_func
 .text.panic    0x0000000010004ba0       0x40 CMakeFiles/elmio.dir/home/nilodude/desarrollo/picow/pico/pico-sdk/src/rp2_common/pico_runtime/runtime.c.obj
                0x0000000010004ba0                panic
 .text._out_null
                0x0000000010004be0       0x1c CMakeFiles/elmio.dir/home/nilodude/desarrollo/picow/pico/pico-sdk/src/rp2_common/pico_printf/printf.c.obj
 .text._out_fct
                0x0000000010004bfc       0x36 CMakeFiles/elmio.dir/home/nilodude/desarrollo/picow/pico/pico-sdk/src/rp2_common/pico_printf/printf.c.obj
 .text._strnlen_s
                0x0000000010004c32       0x36 CMakeFiles/elmio.dir/home/nilodude/desarrollo/picow/pico/pico-sdk/src/rp2_common/pico_printf/printf.c.obj
 .text._is_digit
                0x0000000010004c68       0x32 CMakeFiles/elmio.dir/home/nilodude/desarrollo/picow/pico/pico-sdk/src/rp2_common/pico_printf/printf.c.obj
 .text._atoi    0x0000000010004c9a       0x46 CMakeFiles/elmio.dir/home/nilodude/desarrollo/picow/pico/pico-sdk/src/rp2_common/pico_printf/printf.c.obj
 .text._out_rev
                0x0000000010004ce0       0x9a CMakeFiles/elmio.dir/home/nilodude/desarrollo/picow/pico/pico-sdk/src/rp2_common/pico_printf/printf.c.obj
 .text._ntoa_format
                0x0000000010004d7a      0x1ac CMakeFiles/elmio.dir/home/nilodude/desarrollo/picow/pico/pico-sdk/src/rp2_common/pico_printf/printf.c.obj
 .text._ntoa_long
                0x0000000010004f26       0xd2 CMakeFiles/elmio.dir/home/nilodude/desarrollo/picow/pico/pico-sdk/src/rp2_common/pico_printf/printf.c.obj
 .text._ntoa_long_long
                0x0000000010004ff8       0xe6 CMakeFiles/elmio.dir/home/nilodude/desarrollo/picow/pico/pico-sdk/src/rp2_common/pico_printf/printf.c.obj
 *fill*         0x00000000100050de        0x2 
 .text._ftoa    0x00000000100050e0      0x494 CMakeFiles/elmio.dir/home/nilodude/desarrollo/picow/pico/pico-sdk/src/rp2_common/pico_printf/printf.c.obj
 .text._etoa    0x0000000010005574      0x594 CMakeFiles/elmio.dir/home/nilodude/desarrollo/picow/pico/pico-sdk/src/rp2_common/pico_printf/printf.c.obj
 .text._vsnprintf
                0x0000000010005b08      0x8a0 CMakeFiles/elmio.dir/home/nilodude/desarrollo/picow/pico/pico-sdk/src/rp2_common/pico_printf/printf.c.obj
 .text.vfctprintf
                0x00000000100063a8       0x40 CMakeFiles/elmio.dir/home/nilodude/desarrollo/picow/pico/pico-sdk/src/rp2_common/pico_printf/printf.c.obj
                0x00000000100063a8                vfctprintf
 .text          0x00000000100063e8       0x10 CMakeFiles/elmio.dir/home/nilodude/desarrollo/picow/pico/pico-sdk/src/rp2_common/pico_bit_ops/bit_ops_aeabi.S.obj
 .text.rom_func_lookup
                0x00000000100063f8       0x2c CMakeFiles/elmio.dir/home/nilodude/desarrollo/picow/pico/pico-sdk/src/rp2_common/pico_bootrom/bootrom.c.obj
                0x00000000100063f8                rom_func_lookup
 .text.rom_data_lookup
                0x0000000010006424       0x28 CMakeFiles/elmio.dir/home/nilodude/desarrollo/picow/pico/pico-sdk/src/rp2_common/pico_bootrom/bootrom.c.obj
                0x0000000010006424                rom_data_lookup
 .text.rom_funcs_lookup
                0x000000001000644c       0x68 CMakeFiles/elmio.dir/home/nilodude/desarrollo/picow/pico/pico-sdk/src/rp2_common/pico_bootrom/bootrom.c.obj
                0x000000001000644c                rom_funcs_lookup
 .text.__wrap___aeabi_idiv
                0x00000000100064b4       0x50 CMakeFiles/elmio.dir/home/nilodude/desarrollo/picow/pico/pico-sdk/src/rp2_common/pico_divider/divider.S.obj
                0x00000000100064b4                __wrap___aeabi_idivmod
                0x00000000100064b4                divmod_s32s32
                0x00000000100064b4                div_s32s32
                0x00000000100064b4                __wrap___aeabi_idiv
                0x00000000100064bc                divmod_s32s32_unsafe
                0x00000000100064e8                divmod_s32s32_savestate
 .text.__wrap___aeabi_uidiv
                0x0000000010006504       0x4c CMakeFiles/elmio.dir/home/nilodude/desarrollo/picow/pico/pico-sdk/src/rp2_common/pico_divider/divider.S.obj
                0x0000000010006504                __wrap___aeabi_uidiv
                0x0000000010006504                __wrap___aeabi_uidivmod
                0x0000000010006504                div_u32u32
                0x0000000010006504                divmod_u32u32
                0x000000001000650c                divmod_u32u32_unsafe
                0x0000000010006534                divmod_u32u32_savestate
 .text.__wrap___aeabi_ldiv
                0x0000000010006550      0x424 CMakeFiles/elmio.dir/home/nilodude/desarrollo/picow/pico/pico-sdk/src/rp2_common/pico_divider/divider.S.obj
                0x0000000010006550                div_s64s64
                0x0000000010006550                divmod_s64s64
                0x0000000010006550                __wrap___aeabi_ldivmod
                0x0000000010006580                div_u64u64
                0x0000000010006580                divmod_u64u64
                0x0000000010006580                __wrap___aeabi_uldivmod
                0x0000000010006590                divmod_u64u64_savestate
                0x00000000100065b0                divmod_s64s64_unsafe
                0x0000000010006638                divmod_u64u64_unsafe
 .text.__wrap___aeabi_darithmetic
                0x0000000010006974       0x80 CMakeFiles/elmio.dir/home/nilodude/desarrollo/picow/pico/pico-sdk/src/rp2_common/pico_double/double_aeabi.S.obj
                0x0000000010006974                __wrap___aeabi_drsub
                0x000000001000697a                __wrap___aeabi_dsub
                0x000000001000698c                __wrap___aeabi_dadd
                0x000000001000699e                __wrap___aeabi_ddiv
                0x00000000100069da                __wrap___aeabi_dmul
 .text.__wrap___aeabi_cdcmple
                0x00000000100069f4       0x6c CMakeFiles/elmio.dir/home/nilodude/desarrollo/picow/pico/pico-sdk/src/rp2_common/pico_double/double_aeabi.S.obj
                0x00000000100069f4                __wrap___aeabi_cdrcmple
                0x0000000010006a04                __wrap___aeabi_cdcmple
                0x0000000010006a04                __wrap___aeabi_cdcmpeq
 .text.__wrap___aeabi_dcmplt
                0x0000000010006a60        0xc CMakeFiles/elmio.dir/home/nilodude/desarrollo/picow/pico/pico-sdk/src/rp2_common/pico_double/double_aeabi.S.obj
                0x0000000010006a60                __wrap___aeabi_dcmplt
 .text.__wrap___aeabi_dcmpge
                0x0000000010006a6c       0x10 CMakeFiles/elmio.dir/home/nilodude/desarrollo/picow/pico/pico-sdk/src/rp2_common/pico_double/double_aeabi.S.obj
                0x0000000010006a6c                __wrap___aeabi_dcmpge
 .text.__wrap___aeabi_dcmpgt
                0x0000000010006a7c        0xa CMakeFiles/elmio.dir/home/nilodude/desarrollo/picow/pico/pico-sdk/src/rp2_common/pico_double/double_aeabi.S.obj
                0x0000000010006a7c                __wrap___aeabi_dcmpgt
 .text.__wrap___aeabi_dcmpun
                0x0000000010006a86       0x1c CMakeFiles/elmio.dir/home/nilodude/desarrollo/picow/pico/pico-sdk/src/rp2_common/pico_double/double_aeabi.S.obj
                0x0000000010006a86                __wrap___aeabi_dcmpun
 *fill*         0x0000000010006aa2        0x2 
 .text.__wrap___aeabi_i2d
                0x0000000010006aa4       0x38 CMakeFiles/elmio.dir/home/nilodude/desarrollo/picow/pico/pico-sdk/src/rp2_common/pico_double/double_aeabi.S.obj
                0x0000000010006aa4                __wrap___aeabi_ui2d
                0x0000000010006aac                __wrap___aeabi_i2d
 .text.__wrap___aeabi_d2iz
                0x0000000010006adc       0x48 CMakeFiles/elmio.dir/home/nilodude/desarrollo/picow/pico/pico-sdk/src/rp2_common/pico_double/double_aeabi.S.obj
                0x0000000010006adc                __wrap___aeabi_d2iz
                0x0000000010006adc                double2int_z
 .text.__wrap___aeabi_d2uiz
                0x0000000010006b24       0x18 CMakeFiles/elmio.dir/home/nilodude/desarrollo/picow/pico/pico-sdk/src/rp2_common/pico_double/double_aeabi.S.obj
                0x0000000010006b24                double2uint
                0x0000000010006b24                __wrap___aeabi_d2uiz
 .text.rp2040_rom_version
                0x0000000010006b3c        0xe CMakeFiles/elmio.dir/home/nilodude/desarrollo/picow/pico/pico-sdk/src/rp2_common/pico_double/double_init_rom.c.obj
 .text.rom_table_code
                0x0000000010006b4a       0x26 CMakeFiles/elmio.dir/home/nilodude/desarrollo/picow/pico/pico-sdk/src/rp2_common/pico_double/double_init_rom.c.obj
 .text.__aeabi_double_init
                0x0000000010006b70       0xfc CMakeFiles/elmio.dir/home/nilodude/desarrollo/picow/pico/pico-sdk/src/rp2_common/pico_double/double_init_rom.c.obj
                0x0000000010006b70                __aeabi_double_init
 .text.double_table_shim_on_use_helper
                0x0000000010006c6c       0x2c CMakeFiles/elmio.dir/home/nilodude/desarrollo/picow/pico/pico-sdk/src/rp2_common/pico_double/double_v1_rom_shim.S.obj
                0x0000000010006c6c                double_table_shim_on_use_helper
 .text.__wrap___aeabi_dsub
                0x0000000010006c98       0x10 CMakeFiles/elmio.dir/home/nilodude/desarrollo/picow/pico/pico-sdk/src/rp2_common/pico_double/double_v1_rom_shim.S.obj
                0x0000000010006c98                drsub_shim
                0x0000000010006c9e                dsub_shim
 .text.dadd_shim
                0x0000000010006ca8      0x15c CMakeFiles/elmio.dir/home/nilodude/desarrollo/picow/pico/pico-sdk/src/rp2_common/pico_double/double_v1_rom_shim.S.obj
                0x0000000010006ca8                dadd_shim
 .text.dmul_shim
                0x0000000010006e04      0x15c CMakeFiles/elmio.dir/home/nilodude/desarrollo/picow/pico/pico-sdk/src/rp2_common/pico_double/double_v1_rom_shim.S.obj
                0x0000000010006e04                dmul_shim
 .text.ddiv_shim
                0x0000000010006f60      0x1b0 CMakeFiles/elmio.dir/home/nilodude/desarrollo/picow/pico/pico-sdk/src/rp2_common/pico_double/double_v1_rom_shim.S.obj
                0x0000000010006f60                ddiv_shim
 .text.double2uint_shim
                0x0000000010007110        0xe CMakeFiles/elmio.dir/home/nilodude/desarrollo/picow/pico/pico-sdk/src/rp2_common/pico_double/double_v1_rom_shim.S.obj
                0x0000000010007110                double2uint_shim
                0x0000000010007112                double2ufix_shim
 *fill*         0x000000001000711e        0x2 
 .text.double2uint64_shim
                0x0000000010007120       0x70 CMakeFiles/elmio.dir/home/nilodude/desarrollo/picow/pico/pico-sdk/src/rp2_common/pico_double/double_v1_rom_shim.S.obj
                0x0000000010007120                double2uint64_shim
                0x0000000010007122                double2ufix64_shim
                0x0000000010007142                d2fix_a
 .text.dunpacks
                0x0000000010007190       0x3c CMakeFiles/elmio.dir/home/nilodude/desarrollo/picow/pico/pico-sdk/src/rp2_common/pico_double/double_v1_rom_shim.S.obj
                0x0000000010007190                dunpacks
 .text.__aeabi_lmul
                0x00000000100071cc       0x32 CMakeFiles/elmio.dir/home/nilodude/desarrollo/picow/pico/pico-sdk/src/rp2_common/pico_int64_ops/pico_int64_ops_aeabi.S.obj
                0x00000000100071cc                __wrap___aeabi_lmul
 *fill*         0x00000000100071fe        0x2 
 .text.__wrap___aeabi_farithmetic
                0x0000000010007200       0x48 CMakeFiles/elmio.dir/home/nilodude/desarrollo/picow/pico/pico-sdk/src/rp2_common/pico_float/float_aeabi.S.obj
                0x0000000010007200                __wrap___aeabi_frsub
                0x0000000010007206                __wrap___aeabi_fsub
                0x000000001000720c                __wrap___aeabi_fadd
                0x0000000010007212                __wrap___aeabi_fdiv
                0x000000001000723a                __wrap___aeabi_fmul
 .text.__wrap___aeabi_ui2f
                0x0000000010007248        0xa CMakeFiles/elmio.dir/home/nilodude/desarrollo/picow/pico/pico-sdk/src/rp2_common/pico_float/float_aeabi.S.obj
                0x0000000010007248                __wrap___aeabi_ui2f
 *fill*         0x0000000010007252        0x2 
 .text.__wrap___aeabi_i2f
                0x0000000010007254       0x44 CMakeFiles/elmio.dir/home/nilodude/desarrollo/picow/pico/pico-sdk/src/rp2_common/pico_float/float_aeabi.S.obj
                0x0000000010007254                __wrap___aeabi_i2f
 .text.__wrap___aeabi_f2uiz
                0x0000000010007298        0xc CMakeFiles/elmio.dir/home/nilodude/desarrollo/picow/pico/pico-sdk/src/rp2_common/pico_float/float_aeabi.S.obj
                0x0000000010007298                __wrap___aeabi_f2uiz
 .text.rp2040_rom_version
                0x00000000100072a4        0xe CMakeFiles/elmio.dir/home/nilodude/desarrollo/picow/pico/pico-sdk/src/rp2_common/pico_float/float_init_rom.c.obj
 .text.rom_table_code
                0x00000000100072b2       0x26 CMakeFiles/elmio.dir/home/nilodude/desarrollo/picow/pico/pico-sdk/src/rp2_common/pico_float/float_init_rom.c.obj
 .text.__aeabi_float_init
                0x00000000100072d8      0x130 CMakeFiles/elmio.dir/home/nilodude/desarrollo/picow/pico/pico-sdk/src/rp2_common/pico_float/float_init_rom.c.obj
                0x00000000100072d8                __aeabi_float_init
 .text.float_table_shim_on_use_helper
                0x0000000010007408       0x2c CMakeFiles/elmio.dir/home/nilodude/desarrollo/picow/pico/pico-sdk/src/rp2_common/pico_float/float_v1_rom_shim.S.obj
                0x0000000010007408                float_table_shim_on_use_helper
 .text          0x0000000010007434       0x10 CMakeFiles/elmio.dir/home/nilodude/desarrollo/picow/pico/pico-sdk/src/rp2_common/pico_mem_ops/mem_ops_aeabi.S.obj
                0x0000000010007434                __aeabi_mem_init
 .text.memset   0x0000000010007444        0xc CMakeFiles/elmio.dir/home/nilodude/desarrollo/picow/pico/pico-sdk/src/rp2_common/pico_mem_ops/mem_ops_aeabi.S.obj
                0x0000000010007444                __wrap_memset
 .text.memcpy   0x0000000010007450        0xc CMakeFiles/elmio.dir/home/nilodude/desarrollo/picow/pico/pico-sdk/src/rp2_common/pico_mem_ops/mem_ops_aeabi.S.obj
                0x0000000010007450                __wrap___aeabi_memcpy
                0x0000000010007450                __wrap_memcpy
 .text.to_us_since_boot
                0x000000001000745c       0x18 CMakeFiles/elmio.dir/home/nilodude/desarrollo/picow/pico/pico-sdk/src/rp2_common/pico_stdio/stdio.c.obj
 .text.update_us_since_boot
                0x0000000010007474       0x40 CMakeFiles/elmio.dir/home/nilodude/desarrollo/picow/pico/pico-sdk/src/rp2_common/pico_stdio/stdio.c.obj
 .text.get_absolute_time
                0x00000000100074b4       0x2c CMakeFiles/elmio.dir/home/nilodude/desarrollo/picow/pico/pico-sdk/src/rp2_common/pico_stdio/stdio.c.obj
 .text.delayed_by_ms
                0x00000000100074e0       0x80 CMakeFiles/elmio.dir/home/nilodude/desarrollo/picow/pico/pico-sdk/src/rp2_common/pico_stdio/stdio.c.obj
 .text.make_timeout_time_ms
                0x0000000010007560       0x2a CMakeFiles/elmio.dir/home/nilodude/desarrollo/picow/pico/pico-sdk/src/rp2_common/pico_stdio/stdio.c.obj
 *fill*         0x000000001000758a        0x2 
 .text.stdout_serialize_begin
                0x000000001000758c       0x30 CMakeFiles/elmio.dir/home/nilodude/desarrollo/picow/pico/pico-sdk/src/rp2_common/pico_stdio/stdio.c.obj
                0x000000001000758c                stdout_serialize_begin
 .text.stdout_serialize_end
                0x00000000100075bc       0x18 CMakeFiles/elmio.dir/home/nilodude/desarrollo/picow/pico/pico-sdk/src/rp2_common/pico_stdio/stdio.c.obj
                0x00000000100075bc                stdout_serialize_end
 .text.stdio_out_chars_no_crlf
                0x00000000100075d4       0x20 CMakeFiles/elmio.dir/home/nilodude/desarrollo/picow/pico/pico-sdk/src/rp2_common/pico_stdio/stdio.c.obj
 .text.stdio_out_chars_crlf
                0x00000000100075f4       0xf4 CMakeFiles/elmio.dir/home/nilodude/desarrollo/picow/pico/pico-sdk/src/rp2_common/pico_stdio/stdio.c.obj
 .text.stdio_put_string
                0x00000000100076e8       0xcc CMakeFiles/elmio.dir/home/nilodude/desarrollo/picow/pico/pico-sdk/src/rp2_common/pico_stdio/stdio.c.obj
 .text.__wrap_puts
                0x00000000100077b4       0x2e CMakeFiles/elmio.dir/home/nilodude/desarrollo/picow/pico/pico-sdk/src/rp2_common/pico_stdio/stdio.c.obj
                0x00000000100077b4                __wrap_puts
 *fill*         0x00000000100077e2        0x2 
 .text.stdio_set_driver_enabled
                0x00000000100077e4       0x68 CMakeFiles/elmio.dir/home/nilodude/desarrollo/picow/pico/pico-sdk/src/rp2_common/pico_stdio/stdio.c.obj
                0x00000000100077e4                stdio_set_driver_enabled
 .text.stdio_flush
                0x000000001000784c       0x38 CMakeFiles/elmio.dir/home/nilodude/desarrollo/picow/pico/pico-sdk/src/rp2_common/pico_stdio/stdio.c.obj
                0x000000001000784c                stdio_flush
 .text.stdio_stack_buffer_flush
                0x0000000010007884       0x6c CMakeFiles/elmio.dir/home/nilodude/desarrollo/picow/pico/pico-sdk/src/rp2_common/pico_stdio/stdio.c.obj
 .text.stdio_buffered_printer
                0x00000000100078f0       0x3e CMakeFiles/elmio.dir/home/nilodude/desarrollo/picow/pico/pico-sdk/src/rp2_common/pico_stdio/stdio.c.obj
 *fill*         0x000000001000792e        0x2 
 .text.__wrap_vprintf
                0x0000000010007930       0x5c CMakeFiles/elmio.dir/home/nilodude/desarrollo/picow/pico/pico-sdk/src/rp2_common/pico_stdio/stdio.c.obj
                0x0000000010007930                __wrap_vprintf
 .text.__wrap_printf
                0x000000001000798c       0x2e CMakeFiles/elmio.dir/home/nilodude/desarrollo/picow/pico/pico-sdk/src/rp2_common/pico_stdio/stdio.c.obj
                0x000000001000798c                __wrap_printf
 .text.stdio_init_all
                0x00000000100079ba       0x3c CMakeFiles/elmio.dir/home/nilodude/desarrollo/picow/pico/pico-sdk/src/rp2_common/pico_stdio/stdio.c.obj
                0x00000000100079ba                stdio_init_all
 *fill*         0x00000000100079f6        0x2 
 .text.uart_get_index
                0x00000000100079f8       0x24 CMakeFiles/elmio.dir/home/nilodude/desarrollo/picow/pico/pico-sdk/src/rp2_common/pico_stdio_uart/stdio_uart.c.obj
 .text.uart_get_hw
                0x0000000010007a1c       0x1a CMakeFiles/elmio.dir/home/nilodude/desarrollo/picow/pico/pico-sdk/src/rp2_common/pico_stdio_uart/stdio_uart.c.obj
 .text.uart_set_irq_enables
                0x0000000010007a36       0xde CMakeFiles/elmio.dir/home/nilodude/desarrollo/picow/pico/pico-sdk/src/rp2_common/pico_stdio_uart/stdio_uart.c.obj
 .text.uart_is_writable
                0x0000000010007b14       0x26 CMakeFiles/elmio.dir/home/nilodude/desarrollo/picow/pico/pico-sdk/src/rp2_common/pico_stdio_uart/stdio_uart.c.obj
 .text.uart_is_readable
                0x0000000010007b3a       0x26 CMakeFiles/elmio.dir/home/nilodude/desarrollo/picow/pico/pico-sdk/src/rp2_common/pico_stdio_uart/stdio_uart.c.obj
 .text.uart_write_blocking
                0x0000000010007b60       0x58 CMakeFiles/elmio.dir/home/nilodude/desarrollo/picow/pico/pico-sdk/src/rp2_common/pico_stdio_uart/stdio_uart.c.obj
 .text.uart_read_blocking
                0x0000000010007bb8       0x58 CMakeFiles/elmio.dir/home/nilodude/desarrollo/picow/pico/pico-sdk/src/rp2_common/pico_stdio_uart/stdio_uart.c.obj
 .text.uart_putc_raw
                0x0000000010007c10       0x22 CMakeFiles/elmio.dir/home/nilodude/desarrollo/picow/pico/pico-sdk/src/rp2_common/pico_stdio_uart/stdio_uart.c.obj
 *fill*         0x0000000010007c32        0x2 
 .text.uart_putc
                0x0000000010007c34       0x4c CMakeFiles/elmio.dir/home/nilodude/desarrollo/picow/pico/pico-sdk/src/rp2_common/pico_stdio_uart/stdio_uart.c.obj
 .text.uart_getc
                0x0000000010007c80       0x22 CMakeFiles/elmio.dir/home/nilodude/desarrollo/picow/pico/pico-sdk/src/rp2_common/pico_stdio_uart/stdio_uart.c.obj
 *fill*         0x0000000010007ca2        0x2 
 .text.stdio_uart_init
                0x0000000010007ca4       0x44 CMakeFiles/elmio.dir/home/nilodude/desarrollo/picow/pico/pico-sdk/src/rp2_common/pico_stdio_uart/stdio_uart.c.obj
                0x0000000010007ca4                stdio_uart_init
 .text.stdio_uart_init_full
                0x0000000010007ce8       0x5c CMakeFiles/elmio.dir/home/nilodude/desarrollo/picow/pico/pico-sdk/src/rp2_common/pico_stdio_uart/stdio_uart.c.obj
                0x0000000010007ce8                stdio_uart_init_full
 .text.stdio_uart_out_chars
                0x0000000010007d44       0x40 CMakeFiles/elmio.dir/home/nilodude/desarrollo/picow/pico/pico-sdk/src/rp2_common/pico_stdio_uart/stdio_uart.c.obj
 .text.stdio_uart_in_chars
                0x0000000010007d84       0x74 CMakeFiles/elmio.dir/home/nilodude/desarrollo/picow/pico/pico-sdk/src/rp2_common/pico_stdio_uart/stdio_uart.c.obj
                0x0000000010007d84                stdio_uart_in_chars
 .text.on_uart_rx
                0x0000000010007df8       0x38 CMakeFiles/elmio.dir/home/nilodude/desarrollo/picow/pico/pico-sdk/src/rp2_common/pico_stdio_uart/stdio_uart.c.obj
 .text.stdio_uart_set_chars_available_callback
                0x0000000010007e30       0xa4 CMakeFiles/elmio.dir/home/nilodude/desarrollo/picow/pico/pico-sdk/src/rp2_common/pico_stdio_uart/stdio_uart.c.obj
 .text.reset_usb_boot
                0x0000000010007ed4       0x24 CMakeFiles/elmio.dir/home/nilodude/desarrollo/picow/pico/pico-sdk/src/rp2_common/pico_stdio_usb/reset_interface.c.obj
 .text.resetd_init
                0x0000000010007ef8        0xa CMakeFiles/elmio.dir/home/nilodude/desarrollo/picow/pico/pico-sdk/src/rp2_common/pico_stdio_usb/reset_interface.c.obj
 *fill*         0x0000000010007f02        0x2 
 .text.resetd_reset
                0x0000000010007f04       0x20 CMakeFiles/elmio.dir/home/nilodude/desarrollo/picow/pico/pico-sdk/src/rp2_common/pico_stdio_usb/reset_interface.c.obj
 .text.resetd_open
                0x0000000010007f24       0x64 CMakeFiles/elmio.dir/home/nilodude/desarrollo/picow/pico/pico-sdk/src/rp2_common/pico_stdio_usb/reset_interface.c.obj
 .text.resetd_control_xfer_cb
                0x0000000010007f88       0xb0 CMakeFiles/elmio.dir/home/nilodude/desarrollo/picow/pico/pico-sdk/src/rp2_common/pico_stdio_usb/reset_interface.c.obj
 .text.resetd_xfer_cb
                0x0000000010008038       0x2a CMakeFiles/elmio.dir/home/nilodude/desarrollo/picow/pico/pico-sdk/src/rp2_common/pico_stdio_usb/reset_interface.c.obj
 *fill*         0x0000000010008062        0x2 
 .text.usbd_app_driver_get_cb
                0x0000000010008064       0x1c CMakeFiles/elmio.dir/home/nilodude/desarrollo/picow/pico/pico-sdk/src/rp2_common/pico_stdio_usb/reset_interface.c.obj
                0x0000000010008064                usbd_app_driver_get_cb
 .text.tud_cdc_line_coding_cb
                0x0000000010008080       0x44 CMakeFiles/elmio.dir/home/nilodude/desarrollo/picow/pico/pico-sdk/src/rp2_common/pico_stdio_usb/reset_interface.c.obj
                0x0000000010008080                tud_cdc_line_coding_cb
 .text.to_us_since_boot
                0x00000000100080c4       0x18 CMakeFiles/elmio.dir/home/nilodude/desarrollo/picow/pico/pico-sdk/src/rp2_common/pico_stdio_usb/stdio_usb.c.obj
 .text.update_us_since_boot
                0x00000000100080dc       0x40 CMakeFiles/elmio.dir/home/nilodude/desarrollo/picow/pico/pico-sdk/src/rp2_common/pico_stdio_usb/stdio_usb.c.obj
 .text.get_absolute_time
                0x000000001000811c       0x2c CMakeFiles/elmio.dir/home/nilodude/desarrollo/picow/pico/pico-sdk/src/rp2_common/pico_stdio_usb/stdio_usb.c.obj
 .text.delayed_by_us
                0x0000000010008148       0x68 CMakeFiles/elmio.dir/home/nilodude/desarrollo/picow/pico/pico-sdk/src/rp2_common/pico_stdio_usb/stdio_usb.c.obj
 .text.delayed_by_ms
                0x00000000100081b0       0x80 CMakeFiles/elmio.dir/home/nilodude/desarrollo/picow/pico/pico-sdk/src/rp2_common/pico_stdio_usb/stdio_usb.c.obj
 .text.make_timeout_time_ms
                0x0000000010008230       0x2a CMakeFiles/elmio.dir/home/nilodude/desarrollo/picow/pico/pico-sdk/src/rp2_common/pico_stdio_usb/stdio_usb.c.obj
 .text.alarm_pool_add_alarm_in_us
                0x000000001000825a       0x54 CMakeFiles/elmio.dir/home/nilodude/desarrollo/picow/pico/pico-sdk/src/rp2_common/pico_stdio_usb/stdio_usb.c.obj
 .text.add_alarm_in_us
                0x00000000100082ae       0x34 CMakeFiles/elmio.dir/home/nilodude/desarrollo/picow/pico/pico-sdk/src/rp2_common/pico_stdio_usb/stdio_usb.c.obj
 .text.critical_section_enter_blocking
                0x00000000100082e2       0x46 CMakeFiles/elmio.dir/home/nilodude/desarrollo/picow/pico/pico-sdk/src/rp2_common/pico_stdio_usb/stdio_usb.c.obj
 .text.critical_section_exit
                0x0000000010008328       0x3e CMakeFiles/elmio.dir/home/nilodude/desarrollo/picow/pico/pico-sdk/src/rp2_common/pico_stdio_usb/stdio_usb.c.obj
 .text.critical_section_is_initialized
                0x0000000010008366       0x1a CMakeFiles/elmio.dir/home/nilodude/desarrollo/picow/pico/pico-sdk/src/rp2_common/pico_stdio_usb/stdio_usb.c.obj
 .text.tud_cdc_connected
                0x0000000010008380       0x12 CMakeFiles/elmio.dir/home/nilodude/desarrollo/picow/pico/pico-sdk/src/rp2_common/pico_stdio_usb/stdio_usb.c.obj
 .text.tud_cdc_available
                0x0000000010008392       0x12 CMakeFiles/elmio.dir/home/nilodude/desarrollo/picow/pico/pico-sdk/src/rp2_common/pico_stdio_usb/stdio_usb.c.obj
 .text.tud_cdc_read
                0x00000000100083a4       0x20 CMakeFiles/elmio.dir/home/nilodude/desarrollo/picow/pico/pico-sdk/src/rp2_common/pico_stdio_usb/stdio_usb.c.obj
 .text.tud_cdc_write
                0x00000000100083c4       0x20 CMakeFiles/elmio.dir/home/nilodude/desarrollo/picow/pico/pico-sdk/src/rp2_common/pico_stdio_usb/stdio_usb.c.obj
 .text.tud_cdc_write_flush
                0x00000000100083e4       0x12 CMakeFiles/elmio.dir/home/nilodude/desarrollo/picow/pico/pico-sdk/src/rp2_common/pico_stdio_usb/stdio_usb.c.obj
 .text.tud_cdc_write_available
                0x00000000100083f6       0x12 CMakeFiles/elmio.dir/home/nilodude/desarrollo/picow/pico/pico-sdk/src/rp2_common/pico_stdio_usb/stdio_usb.c.obj
 .text.timer_task
                0x0000000010008408       0x64 CMakeFiles/elmio.dir/home/nilodude/desarrollo/picow/pico/pico-sdk/src/rp2_common/pico_stdio_usb/stdio_usb.c.obj
 .text.low_priority_worker_irq
                0x000000001000846c       0xa0 CMakeFiles/elmio.dir/home/nilodude/desarrollo/picow/pico/pico-sdk/src/rp2_common/pico_stdio_usb/stdio_usb.c.obj
 .text.usb_irq  0x000000001000850c       0x18 CMakeFiles/elmio.dir/home/nilodude/desarrollo/picow/pico/pico-sdk/src/rp2_common/pico_stdio_usb/stdio_usb.c.obj
 .text.stdio_usb_out_chars
                0x0000000010008524      0x120 CMakeFiles/elmio.dir/home/nilodude/desarrollo/picow/pico/pico-sdk/src/rp2_common/pico_stdio_usb/stdio_usb.c.obj
 .text.stdio_usb_in_chars
                0x0000000010008644       0xa8 CMakeFiles/elmio.dir/home/nilodude/desarrollo/picow/pico/pico-sdk/src/rp2_common/pico_stdio_usb/stdio_usb.c.obj
                0x0000000010008644                stdio_usb_in_chars
 .text.tud_cdc_rx_cb
                0x00000000100086ec       0x34 CMakeFiles/elmio.dir/home/nilodude/desarrollo/picow/pico/pico-sdk/src/rp2_common/pico_stdio_usb/stdio_usb.c.obj
                0x00000000100086ec                tud_cdc_rx_cb
 .text.stdio_usb_set_chars_available_callback
                0x0000000010008720       0x28 CMakeFiles/elmio.dir/home/nilodude/desarrollo/picow/pico/pico-sdk/src/rp2_common/pico_stdio_usb/stdio_usb.c.obj
                0x0000000010008720                stdio_usb_set_chars_available_callback
 .text.stdio_usb_init
                0x0000000010008748      0x104 CMakeFiles/elmio.dir/home/nilodude/desarrollo/picow/pico/pico-sdk/src/rp2_common/pico_stdio_usb/stdio_usb.c.obj
                0x0000000010008748                stdio_usb_init
 .text.stdio_usb_connected
                0x000000001000884c       0x10 CMakeFiles/elmio.dir/home/nilodude/desarrollo/picow/pico/pico-sdk/src/rp2_common/pico_stdio_usb/stdio_usb.c.obj
                0x000000001000884c                stdio_usb_connected
 .text.tud_descriptor_device_cb
                0x000000001000885c       0x10 CMakeFiles/elmio.dir/home/nilodude/desarrollo/picow/pico/pico-sdk/src/rp2_common/pico_stdio_usb/stdio_usb_descriptors.c.obj
                0x000000001000885c                tud_descriptor_device_cb
 .text.tud_descriptor_configuration_cb
                0x000000001000886c       0x1c CMakeFiles/elmio.dir/home/nilodude/desarrollo/picow/pico/pico-sdk/src/rp2_common/pico_stdio_usb/stdio_usb_descriptors.c.obj
                0x000000001000886c                tud_descriptor_configuration_cb
 .text.tud_descriptor_string_cb
                0x0000000010008888       0xd4 CMakeFiles/elmio.dir/home/nilodude/desarrollo/picow/pico/pico-sdk/src/rp2_common/pico_stdio_usb/stdio_usb_descriptors.c.obj
                0x0000000010008888                tud_descriptor_string_cb
 .text._retrieve_unique_id_on_boot
                0x000000001000895c       0x18 CMakeFiles/elmio.dir/home/nilodude/desarrollo/picow/pico/pico-sdk/src/rp2_common/pico_unique_id/unique_id.c.obj
 .text.pico_get_unique_board_id_string
                0x0000000010008974       0x9c CMakeFiles/elmio.dir/home/nilodude/desarrollo/picow/pico/pico-sdk/src/rp2_common/pico_unique_id/unique_id.c.obj
                0x0000000010008974                pico_get_unique_board_id_string
 .text.flash_get_unique_id
                0x0000000010008a10       0x70 CMakeFiles/elmio.dir/home/nilodude/desarrollo/picow/pico/pico-sdk/src/rp2_common/hardware_flash/flash.c.obj
                0x0000000010008a10                flash_get_unique_id
 .text.time_us_32
                0x0000000010008a80       0x14 CMakeFiles/elmio.dir/home/nilodude/desarrollo/picow/pico/pico-sdk/lib/tinyusb/src/portable/raspberrypi/rp2040/dcd_rp2040.c.obj
 .text.hw_data_offset
                0x0000000010008a94       0x1c CMakeFiles/elmio.dir/home/nilodude/desarrollo/picow/pico/pico-sdk/lib/tinyusb/src/portable/raspberrypi/rp2040/dcd_rp2040.c.obj
 .text.dcd_event_sof
                0x0000000010008ab0       0x52 CMakeFiles/elmio.dir/home/nilodude/desarrollo/picow/pico/pico-sdk/lib/tinyusb/src/portable/raspberrypi/rp2040/dcd_rp2040.c.obj
 *fill*         0x0000000010008b02        0x2 
 .text.hw_endpoint_get_by_addr
                0x0000000010008b04       0x70 CMakeFiles/elmio.dir/home/nilodude/desarrollo/picow/pico/pico-sdk/lib/tinyusb/src/portable/raspberrypi/rp2040/dcd_rp2040.c.obj
 .text._hw_endpoint_alloc
                0x0000000010008b74       0xcc CMakeFiles/elmio.dir/home/nilodude/desarrollo/picow/pico/pico-sdk/lib/tinyusb/src/portable/raspberrypi/rp2040/dcd_rp2040.c.obj
 .text.hw_endpoint_init
                0x0000000010008c40      0x128 CMakeFiles/elmio.dir/home/nilodude/desarrollo/picow/pico/pico-sdk/lib/tinyusb/src/portable/raspberrypi/rp2040/dcd_rp2040.c.obj
 .text.hw_endpoint_xfer
                0x0000000010008d68       0x3a CMakeFiles/elmio.dir/home/nilodude/desarrollo/picow/pico/pico-sdk/lib/tinyusb/src/portable/raspberrypi/rp2040/dcd_rp2040.c.obj
 *fill*         0x0000000010008da2        0x2 
 .text.dcd_init
                0x0000000010008da4       0xa0 CMakeFiles/elmio.dir/home/nilodude/desarrollo/picow/pico/pico-sdk/lib/tinyusb/src/portable/raspberrypi/rp2040/dcd_rp2040.c.obj
                0x0000000010008da4                dcd_init
 .text.dcd_int_enable
                0x0000000010008e44       0x40 CMakeFiles/elmio.dir/home/nilodude/desarrollo/picow/pico/pico-sdk/lib/tinyusb/src/portable/raspberrypi/rp2040/dcd_rp2040.c.obj
                0x0000000010008e44                dcd_int_enable
 .text.dcd_set_address
                0x0000000010008e84       0x48 CMakeFiles/elmio.dir/home/nilodude/desarrollo/picow/pico/pico-sdk/lib/tinyusb/src/portable/raspberrypi/rp2040/dcd_rp2040.c.obj
                0x0000000010008e84                dcd_set_address
 .text.dcd_connect
                0x0000000010008ecc       0x20 CMakeFiles/elmio.dir/home/nilodude/desarrollo/picow/pico/pico-sdk/lib/tinyusb/src/portable/raspberrypi/rp2040/dcd_rp2040.c.obj
                0x0000000010008ecc                dcd_connect
 .text.dcd_edpt0_status_complete
                0x0000000010008eec       0x50 CMakeFiles/elmio.dir/home/nilodude/desarrollo/picow/pico/pico-sdk/lib/tinyusb/src/portable/raspberrypi/rp2040/dcd_rp2040.c.obj
                0x0000000010008eec                dcd_edpt0_status_complete
 .text.dcd_edpt_open
                0x0000000010008f3c       0x64 CMakeFiles/elmio.dir/home/nilodude/desarrollo/picow/pico/pico-sdk/lib/tinyusb/src/portable/raspberrypi/rp2040/dcd_rp2040.c.obj
                0x0000000010008f3c                dcd_edpt_open
 .text.dcd_edpt_close_all
                0x0000000010008fa0       0x18 CMakeFiles/elmio.dir/home/nilodude/desarrollo/picow/pico/pico-sdk/lib/tinyusb/src/portable/raspberrypi/rp2040/dcd_rp2040.c.obj
                0x0000000010008fa0                dcd_edpt_close_all
 .text.dcd_edpt_xfer
                0x0000000010008fb8       0x60 CMakeFiles/elmio.dir/home/nilodude/desarrollo/picow/pico/pico-sdk/lib/tinyusb/src/portable/raspberrypi/rp2040/dcd_rp2040.c.obj
                0x0000000010008fb8                dcd_edpt_xfer
 .text.dcd_edpt_stall
                0x0000000010009018       0x7c CMakeFiles/elmio.dir/home/nilodude/desarrollo/picow/pico/pico-sdk/lib/tinyusb/src/portable/raspberrypi/rp2040/dcd_rp2040.c.obj
                0x0000000010009018                dcd_edpt_stall
 .text.dcd_edpt_clear_stall
                0x0000000010009094       0x5e CMakeFiles/elmio.dir/home/nilodude/desarrollo/picow/pico/pico-sdk/lib/tinyusb/src/portable/raspberrypi/rp2040/dcd_rp2040.c.obj
                0x0000000010009094                dcd_edpt_clear_stall
 *fill*         0x00000000100090f2        0x2 
 .text.reset_block
                0x00000000100090f4       0x2c CMakeFiles/elmio.dir/home/nilodude/desarrollo/picow/pico/pico-sdk/lib/tinyusb/src/portable/raspberrypi/rp2040/rp2040_usb.c.obj
 .text.unreset_block_wait
                0x0000000010009120       0x3c CMakeFiles/elmio.dir/home/nilodude/desarrollo/picow/pico/pico-sdk/lib/tinyusb/src/portable/raspberrypi/rp2040/rp2040_usb.c.obj
 .text.time_us_32
                0x000000001000915c       0x14 CMakeFiles/elmio.dir/home/nilodude/desarrollo/picow/pico/pico-sdk/lib/tinyusb/src/portable/raspberrypi/rp2040/rp2040_usb.c.obj
 .text.rp2040_usb_init
                0x0000000010009170       0x48 CMakeFiles/elmio.dir/home/nilodude/desarrollo/picow/pico/pico-sdk/lib/tinyusb/src/portable/raspberrypi/rp2040/rp2040_usb.c.obj
                0x0000000010009170                rp2040_usb_init
 .text.hw_endpoint_xfer_start
                0x00000000100091b8       0x8c CMakeFiles/elmio.dir/home/nilodude/desarrollo/picow/pico/pico-sdk/lib/tinyusb/src/portable/raspberrypi/rp2040/rp2040_usb.c.obj
                0x00000000100091b8                hw_endpoint_xfer_start
 .text.critical_section_enter_blocking
                0x0000000010009244       0x46 CMakeFiles/elmio.dir/home/nilodude/desarrollo/picow/pico/pico-sdk/lib/tinyusb/src/device/usbd.c.obj
 .text.critical_section_exit
                0x000000001000928a       0x3e CMakeFiles/elmio.dir/home/nilodude/desarrollo/picow/pico/pico-sdk/lib/tinyusb/src/device/usbd.c.obj
 .text.get_driver
                0x00000000100092c8       0x74 CMakeFiles/elmio.dir/home/nilodude/desarrollo/picow/pico/pico-sdk/lib/tinyusb/src/device/usbd.c.obj
 .text.tud_mounted
                0x000000001000933c       0x1c CMakeFiles/elmio.dir/home/nilodude/desarrollo/picow/pico/pico-sdk/lib/tinyusb/src/device/usbd.c.obj
                0x000000001000933c                tud_mounted
 .text.tud_suspended
                0x0000000010009358       0x20 CMakeFiles/elmio.dir/home/nilodude/desarrollo/picow/pico/pico-sdk/lib/tinyusb/src/device/usbd.c.obj
                0x0000000010009358                tud_suspended
 .text.tud_inited
                0x0000000010009378       0x1c CMakeFiles/elmio.dir/home/nilodude/desarrollo/picow/pico/pico-sdk/lib/tinyusb/src/device/usbd.c.obj
                0x0000000010009378                tud_inited
 .text.tud_init
                0x0000000010009394      0x10c CMakeFiles/elmio.dir/home/nilodude/desarrollo/picow/pico/pico-sdk/lib/tinyusb/src/device/usbd.c.obj
                0x0000000010009394                tud_init
 .text.configuration_reset
                0x00000000100094a0       0x90 CMakeFiles/elmio.dir/home/nilodude/desarrollo/picow/pico/pico-sdk/lib/tinyusb/src/device/usbd.c.obj
 .text.usbd_reset
                0x0000000010009530       0x22 CMakeFiles/elmio.dir/home/nilodude/desarrollo/picow/pico/pico-sdk/lib/tinyusb/src/device/usbd.c.obj
 *fill*         0x0000000010009552        0x2 
 .text.tud_task_ext
                0x0000000010009554      0x2b0 CMakeFiles/elmio.dir/home/nilodude/desarrollo/picow/pico/pico-sdk/lib/tinyusb/src/device/usbd.c.obj
                0x0000000010009554                tud_task_ext
 .text.invoke_class_control
                0x0000000010009804       0x36 CMakeFiles/elmio.dir/home/nilodude/desarrollo/picow/pico/pico-sdk/lib/tinyusb/src/device/usbd.c.obj
 *fill*         0x000000001000983a        0x2 
 .text.process_control_request
                0x000000001000983c      0x4f0 CMakeFiles/elmio.dir/home/nilodude/desarrollo/picow/pico/pico-sdk/lib/tinyusb/src/device/usbd.c.obj
 .text.process_set_config
                0x0000000010009d2c      0x240 CMakeFiles/elmio.dir/home/nilodude/desarrollo/picow/pico/pico-sdk/lib/tinyusb/src/device/usbd.c.obj
 .text.process_get_descriptor
                0x0000000010009f6c      0x1d4 CMakeFiles/elmio.dir/home/nilodude/desarrollo/picow/pico/pico-sdk/lib/tinyusb/src/device/usbd.c.obj
 .text.usbd_open_edpt_pair
                0x000000001000a140       0xc0 CMakeFiles/elmio.dir/home/nilodude/desarrollo/picow/pico/pico-sdk/lib/tinyusb/src/device/usbd.c.obj
                0x000000001000a140                usbd_open_edpt_pair
 .text.usbd_defer_func
                0x000000001000a200       0x48 CMakeFiles/elmio.dir/home/nilodude/desarrollo/picow/pico/pico-sdk/lib/tinyusb/src/device/usbd.c.obj
                0x000000001000a200                usbd_defer_func
 .text.usbd_edpt_open
                0x000000001000a248       0x74 CMakeFiles/elmio.dir/home/nilodude/desarrollo/picow/pico/pico-sdk/lib/tinyusb/src/device/usbd.c.obj
                0x000000001000a248                usbd_edpt_open
 .text.usbd_edpt_claim
                0x000000001000a2bc       0x7c CMakeFiles/elmio.dir/home/nilodude/desarrollo/picow/pico/pico-sdk/lib/tinyusb/src/device/usbd.c.obj
                0x000000001000a2bc                usbd_edpt_claim
 .text.usbd_edpt_release
                0x000000001000a338       0x7c CMakeFiles/elmio.dir/home/nilodude/desarrollo/picow/pico/pico-sdk/lib/tinyusb/src/device/usbd.c.obj
                0x000000001000a338                usbd_edpt_release
 .text.usbd_edpt_xfer
                0x000000001000a3b4      0x108 CMakeFiles/elmio.dir/home/nilodude/desarrollo/picow/pico/pico-sdk/lib/tinyusb/src/device/usbd.c.obj
                0x000000001000a3b4                usbd_edpt_xfer
 .text.usbd_edpt_stall
                0x000000001000a4bc       0xc4 CMakeFiles/elmio.dir/home/nilodude/desarrollo/picow/pico/pico-sdk/lib/tinyusb/src/device/usbd.c.obj
                0x000000001000a4bc                usbd_edpt_stall
 .text.usbd_edpt_clear_stall
                0x000000001000a580       0xc4 CMakeFiles/elmio.dir/home/nilodude/desarrollo/picow/pico/pico-sdk/lib/tinyusb/src/device/usbd.c.obj
                0x000000001000a580                usbd_edpt_clear_stall
 .text.usbd_edpt_stalled
                0x000000001000a644       0x74 CMakeFiles/elmio.dir/home/nilodude/desarrollo/picow/pico/pico-sdk/lib/tinyusb/src/device/usbd.c.obj
                0x000000001000a644                usbd_edpt_stalled
 .text._status_stage_xact
                0x000000001000a6b8       0x42 CMakeFiles/elmio.dir/home/nilodude/desarrollo/picow/pico/pico-sdk/lib/tinyusb/src/device/usbd_control.c.obj
 *fill*         0x000000001000a6fa        0x2 
 .text.tud_control_status
                0x000000001000a6fc       0x4c CMakeFiles/elmio.dir/home/nilodude/desarrollo/picow/pico/pico-sdk/lib/tinyusb/src/device/usbd_control.c.obj
                0x000000001000a6fc                tud_control_status
 .text._data_stage_xact
                0x000000001000a748       0xb0 CMakeFiles/elmio.dir/home/nilodude/desarrollo/picow/pico/pico-sdk/lib/tinyusb/src/device/usbd_control.c.obj
 .text.tud_control_xfer
                0x000000001000a7f8       0xe0 CMakeFiles/elmio.dir/home/nilodude/desarrollo/picow/pico/pico-sdk/lib/tinyusb/src/device/usbd_control.c.obj
                0x000000001000a7f8                tud_control_xfer
 .text.usbd_control_reset
                0x000000001000a8d8       0x1c CMakeFiles/elmio.dir/home/nilodude/desarrollo/picow/pico/pico-sdk/lib/tinyusb/src/device/usbd_control.c.obj
                0x000000001000a8d8                usbd_control_reset
 .text.usbd_control_set_complete_callback
                0x000000001000a8f4       0x1c CMakeFiles/elmio.dir/home/nilodude/desarrollo/picow/pico/pico-sdk/lib/tinyusb/src/device/usbd_control.c.obj
                0x000000001000a8f4                usbd_control_set_complete_callback
 .text.usbd_control_set_request
                0x000000001000a910       0x38 CMakeFiles/elmio.dir/home/nilodude/desarrollo/picow/pico/pico-sdk/lib/tinyusb/src/device/usbd_control.c.obj
                0x000000001000a910                usbd_control_set_request
 .text.usbd_control_xfer_cb
                0x000000001000a948      0x170 CMakeFiles/elmio.dir/home/nilodude/desarrollo/picow/pico/pico-sdk/lib/tinyusb/src/device/usbd_control.c.obj
                0x000000001000a948                usbd_control_xfer_cb
 .text._prep_out_transaction
                0x000000001000aab8       0xa4 CMakeFiles/elmio.dir/home/nilodude/desarrollo/picow/pico/pico-sdk/lib/tinyusb/src/class/cdc/cdc_device.c.obj
 .text.tud_cdc_n_connected
                0x000000001000ab5c       0x88 CMakeFiles/elmio.dir/home/nilodude/desarrollo/picow/pico/pico-sdk/lib/tinyusb/src/class/cdc/cdc_device.c.obj
                0x000000001000ab5c                tud_cdc_n_connected
 .text.tud_cdc_n_available
                0x000000001000abe4       0x34 CMakeFiles/elmio.dir/home/nilodude/desarrollo/picow/pico/pico-sdk/lib/tinyusb/src/class/cdc/cdc_device.c.obj
                0x000000001000abe4                tud_cdc_n_available
 .text.tud_cdc_n_read
                0x000000001000ac18       0x4c CMakeFiles/elmio.dir/home/nilodude/desarrollo/picow/pico/pico-sdk/lib/tinyusb/src/class/cdc/cdc_device.c.obj
                0x000000001000ac18                tud_cdc_n_read
 .text.tud_cdc_n_write
                0x000000001000ac64       0x68 CMakeFiles/elmio.dir/home/nilodude/desarrollo/picow/pico/pico-sdk/lib/tinyusb/src/class/cdc/cdc_device.c.obj
                0x000000001000ac64                tud_cdc_n_write
 .text.tud_cdc_n_write_flush
                0x000000001000accc      0x110 CMakeFiles/elmio.dir/home/nilodude/desarrollo/picow/pico/pico-sdk/lib/tinyusb/src/class/cdc/cdc_device.c.obj
                0x000000001000accc                tud_cdc_n_write_flush
 .text.tud_cdc_n_write_available
                0x000000001000addc       0x34 CMakeFiles/elmio.dir/home/nilodude/desarrollo/picow/pico/pico-sdk/lib/tinyusb/src/class/cdc/cdc_device.c.obj
                0x000000001000addc                tud_cdc_n_write_available
 .text.cdcd_init
                0x000000001000ae10      0x128 CMakeFiles/elmio.dir/home/nilodude/desarrollo/picow/pico/pico-sdk/lib/tinyusb/src/class/cdc/cdc_device.c.obj
                0x000000001000ae10                cdcd_init
 .text.cdcd_reset
                0x000000001000af38       0x78 CMakeFiles/elmio.dir/home/nilodude/desarrollo/picow/pico/pico-sdk/lib/tinyusb/src/class/cdc/cdc_device.c.obj
                0x000000001000af38                cdcd_reset
 .text.cdcd_open
                0x000000001000afb0      0x1e8 CMakeFiles/elmio.dir/home/nilodude/desarrollo/picow/pico/pico-sdk/lib/tinyusb/src/class/cdc/cdc_device.c.obj
                0x000000001000afb0                cdcd_open
 .text.cdcd_control_xfer_cb
                0x000000001000b198      0x238 CMakeFiles/elmio.dir/home/nilodude/desarrollo/picow/pico/pico-sdk/lib/tinyusb/src/class/cdc/cdc_device.c.obj
                0x000000001000b198                cdcd_control_xfer_cb
 .text.cdcd_xfer_cb
                0x000000001000b3d0      0x1b8 CMakeFiles/elmio.dir/home/nilodude/desarrollo/picow/pico/pico-sdk/lib/tinyusb/src/class/cdc/cdc_device.c.obj
                0x000000001000b3d0                cdcd_xfer_cb
 .text.tusb_init
                0x000000001000b588       0x24 CMakeFiles/elmio.dir/home/nilodude/desarrollo/picow/pico/pico-sdk/lib/tinyusb/src/tusb.c.obj
                0x000000001000b588                tusb_init
 .text.tusb_inited
                0x000000001000b5ac       0x3a CMakeFiles/elmio.dir/home/nilodude/desarrollo/picow/pico/pico-sdk/lib/tinyusb/src/tusb.c.obj
                0x000000001000b5ac                tusb_inited
 .text.tu_edpt_claim
                0x000000001000b5e6       0x9c CMakeFiles/elmio.dir/home/nilodude/desarrollo/picow/pico/pico-sdk/lib/tinyusb/src/tusb.c.obj
                0x000000001000b5e6                tu_edpt_claim
 .text.tu_edpt_release
                0x000000001000b682       0x7c CMakeFiles/elmio.dir/home/nilodude/desarrollo/picow/pico/pico-sdk/lib/tinyusb/src/tusb.c.obj
                0x000000001000b682                tu_edpt_release
 *fill*         0x000000001000b6fe        0x2 
 .text.tu_edpt_validate
                0x000000001000b700       0xd8 CMakeFiles/elmio.dir/home/nilodude/desarrollo/picow/pico/pico-sdk/lib/tinyusb/src/tusb.c.obj
                0x000000001000b700                tu_edpt_validate
 .text.tu_edpt_bind_driver
                0x000000001000b7d8       0x98 CMakeFiles/elmio.dir/home/nilodude/desarrollo/picow/pico/pico-sdk/lib/tinyusb/src/tusb.c.obj
                0x000000001000b7d8                tu_edpt_bind_driver
 .text.tu_fifo_config
                0x000000001000b870       0xfc CMakeFiles/elmio.dir/home/nilodude/desarrollo/picow/pico/pico-sdk/lib/tinyusb/src/common/tusb_fifo.c.obj
                0x000000001000b870                tu_fifo_config
 .text._ff_push_const_addr
                0x000000001000b96c       0xd0 CMakeFiles/elmio.dir/home/nilodude/desarrollo/picow/pico/pico-sdk/lib/tinyusb/src/common/tusb_fifo.c.obj
 .text._ff_pull_const_addr
                0x000000001000ba3c       0x96 CMakeFiles/elmio.dir/home/nilodude/desarrollo/picow/pico/pico-sdk/lib/tinyusb/src/common/tusb_fifo.c.obj
 .text._ff_push
                0x000000001000bad2       0x40 CMakeFiles/elmio.dir/home/nilodude/desarrollo/picow/pico/pico-sdk/lib/tinyusb/src/common/tusb_fifo.c.obj
 .text._ff_push_n
                0x000000001000bb12      0x22a CMakeFiles/elmio.dir/home/nilodude/desarrollo/picow/pico/pico-sdk/lib/tinyusb/src/common/tusb_fifo.c.obj
 .text._ff_pull
                0x000000001000bd3c       0x40 CMakeFiles/elmio.dir/home/nilodude/desarrollo/picow/pico/pico-sdk/lib/tinyusb/src/common/tusb_fifo.c.obj
 .text._ff_pull_n
                0x000000001000bd7c      0x22e CMakeFiles/elmio.dir/home/nilodude/desarrollo/picow/pico/pico-sdk/lib/tinyusb/src/common/tusb_fifo.c.obj
 .text.advance_index
                0x000000001000bfaa       0x76 CMakeFiles/elmio.dir/home/nilodude/desarrollo/picow/pico/pico-sdk/lib/tinyusb/src/common/tusb_fifo.c.obj
 .text._tu_fifo_peek
                0x000000001000c020      0x140 CMakeFiles/elmio.dir/home/nilodude/desarrollo/picow/pico/pico-sdk/lib/tinyusb/src/common/tusb_fifo.c.obj
 .text._tu_fifo_peek_n
                0x000000001000c160      0x16a CMakeFiles/elmio.dir/home/nilodude/desarrollo/picow/pico/pico-sdk/lib/tinyusb/src/common/tusb_fifo.c.obj
 .text._tu_fifo_write_n
                0x000000001000c2ca      0x2c6 CMakeFiles/elmio.dir/home/nilodude/desarrollo/picow/pico/pico-sdk/lib/tinyusb/src/common/tusb_fifo.c.obj
 .text._tu_fifo_read_n
                0x000000001000c590       0xa6 CMakeFiles/elmio.dir/home/nilodude/desarrollo/picow/pico/pico-sdk/lib/tinyusb/src/common/tusb_fifo.c.obj
 .text.tu_fifo_count
                0x000000001000c636       0x94 CMakeFiles/elmio.dir/home/nilodude/desarrollo/picow/pico/pico-sdk/lib/tinyusb/src/common/tusb_fifo.c.obj
                0x000000001000c636                tu_fifo_count
 .text.tu_fifo_empty
                0x000000001000c6ca       0x24 CMakeFiles/elmio.dir/home/nilodude/desarrollo/picow/pico/pico-sdk/lib/tinyusb/src/common/tusb_fifo.c.obj
                0x000000001000c6ca                tu_fifo_empty
 .text.tu_fifo_full
                0x000000001000c6ee       0x7c CMakeFiles/elmio.dir/home/nilodude/desarrollo/picow/pico/pico-sdk/lib/tinyusb/src/common/tusb_fifo.c.obj
                0x000000001000c6ee                tu_fifo_full
 .text.tu_fifo_remaining
                0x000000001000c76a       0xac CMakeFiles/elmio.dir/home/nilodude/desarrollo/picow/pico/pico-sdk/lib/tinyusb/src/common/tusb_fifo.c.obj
                0x000000001000c76a                tu_fifo_remaining
 .text.tu_fifo_read
                0x000000001000c816       0x90 CMakeFiles/elmio.dir/home/nilodude/desarrollo/picow/pico/pico-sdk/lib/tinyusb/src/common/tusb_fifo.c.obj
                0x000000001000c816                tu_fifo_read
 .text.tu_fifo_read_n
                0x000000001000c8a6       0x26 CMakeFiles/elmio.dir/home/nilodude/desarrollo/picow/pico/pico-sdk/lib/tinyusb/src/common/tusb_fifo.c.obj
                0x000000001000c8a6                tu_fifo_read_n
 .text.tu_fifo_write
                0x000000001000c8cc       0xfe CMakeFiles/elmio.dir/home/nilodude/desarrollo/picow/pico/pico-sdk/lib/tinyusb/src/common/tusb_fifo.c.obj
                0x000000001000c8cc                tu_fifo_write
 .text.tu_fifo_write_n
                0x000000001000c9ca       0x26 CMakeFiles/elmio.dir/home/nilodude/desarrollo/picow/pico/pico-sdk/lib/tinyusb/src/common/tusb_fifo.c.obj
                0x000000001000c9ca                tu_fifo_write_n
 .text.tu_fifo_clear
                0x000000001000c9f0       0x9a CMakeFiles/elmio.dir/home/nilodude/desarrollo/picow/pico/pico-sdk/lib/tinyusb/src/common/tusb_fifo.c.obj
                0x000000001000c9f0                tu_fifo_clear
 .text.tu_fifo_set_overwritable
                0x000000001000ca8a       0xaa CMakeFiles/elmio.dir/home/nilodude/desarrollo/picow/pico/pico-sdk/lib/tinyusb/src/common/tusb_fifo.c.obj
                0x000000001000ca8a                tu_fifo_set_overwritable
 .text._pio_major_instr_bits
                0x000000001000cb34       0x18 CMakeFiles/elmio.dir/home/nilodude/desarrollo/picow/pico/pico-sdk/src/rp2_common/hardware_pio/pio.c.obj
 .text._pio_encode_instr_and_args
                0x000000001000cb4c       0x2c CMakeFiles/elmio.dir/home/nilodude/desarrollo/picow/pico/pico-sdk/src/rp2_common/hardware_pio/pio.c.obj
 .text._pio_encode_instr_and_src_dest
                0x000000001000cb78       0x34 CMakeFiles/elmio.dir/home/nilodude/desarrollo/picow/pico/pico-sdk/src/rp2_common/hardware_pio/pio.c.obj
 .text.pio_encode_jmp
                0x000000001000cbac       0x1e CMakeFiles/elmio.dir/home/nilodude/desarrollo/picow/pico/pico-sdk/src/rp2_common/hardware_pio/pio.c.obj
 .text.pio_encode_set
                0x000000001000cbca       0x28 CMakeFiles/elmio.dir/home/nilodude/desarrollo/picow/pico/pico-sdk/src/rp2_common/hardware_pio/pio.c.obj
 .text.check_sm_param
                0x000000001000cbf2       0x10 CMakeFiles/elmio.dir/home/nilodude/desarrollo/picow/pico/pico-sdk/src/rp2_common/hardware_pio/pio.c.obj
 .text.check_pio_param
                0x000000001000cc02       0x10 CMakeFiles/elmio.dir/home/nilodude/desarrollo/picow/pico/pico-sdk/src/rp2_common/hardware_pio/pio.c.obj
 .text.sm_config_set_clkdiv_int_frac
                0x000000001000cc12       0x32 CMakeFiles/elmio.dir/home/nilodude/desarrollo/picow/pico/pico-sdk/src/rp2_common/hardware_pio/pio.c.obj
 .text.sm_config_set_wrap
                0x000000001000cc44       0x30 CMakeFiles/elmio.dir/home/nilodude/desarrollo/picow/pico/pico-sdk/src/rp2_common/hardware_pio/pio.c.obj
 .text.sm_config_set_in_shift
                0x000000001000cc74       0x68 CMakeFiles/elmio.dir/home/nilodude/desarrollo/picow/pico/pico-sdk/src/rp2_common/hardware_pio/pio.c.obj
 .text.sm_config_set_out_shift
                0x000000001000ccdc       0x68 CMakeFiles/elmio.dir/home/nilodude/desarrollo/picow/pico/pico-sdk/src/rp2_common/hardware_pio/pio.c.obj
 .text.pio_get_default_sm_config
                0x000000001000cd44       0x5c CMakeFiles/elmio.dir/home/nilodude/desarrollo/picow/pico/pico-sdk/src/rp2_common/hardware_pio/pio.c.obj
 .text.pio_sm_set_config
                0x000000001000cda0       0x84 CMakeFiles/elmio.dir/home/nilodude/desarrollo/picow/pico/pico-sdk/src/rp2_common/hardware_pio/pio.c.obj
 .text.pio_get_index
                0x000000001000ce24       0x2c CMakeFiles/elmio.dir/home/nilodude/desarrollo/picow/pico/pico-sdk/src/rp2_common/hardware_pio/pio.c.obj
 .text.pio_sm_set_enabled
                0x000000001000ce50       0x48 CMakeFiles/elmio.dir/home/nilodude/desarrollo/picow/pico/pico-sdk/src/rp2_common/hardware_pio/pio.c.obj
 .text.pio_sm_restart
                0x000000001000ce98       0x40 CMakeFiles/elmio.dir/home/nilodude/desarrollo/picow/pico/pico-sdk/src/rp2_common/hardware_pio/pio.c.obj
 .text.pio_sm_clkdiv_restart
                0x000000001000ced8       0x40 CMakeFiles/elmio.dir/home/nilodude/desarrollo/picow/pico/pico-sdk/src/rp2_common/hardware_pio/pio.c.obj
 .text.pio_sm_exec
                0x000000001000cf18       0x3a CMakeFiles/elmio.dir/home/nilodude/desarrollo/picow/pico/pico-sdk/src/rp2_common/hardware_pio/pio.c.obj
 .text.pio_sm_clear_fifos
                0x000000001000cf52       0x6e CMakeFiles/elmio.dir/home/nilodude/desarrollo/picow/pico/pico-sdk/src/rp2_common/hardware_pio/pio.c.obj
 .text._pio_find_offset_for_program
                0x000000001000cfc0       0xcc CMakeFiles/elmio.dir/home/nilodude/desarrollo/picow/pico/pico-sdk/src/rp2_common/hardware_pio/pio.c.obj
 .text._pio_can_add_program_at_offset
                0x000000001000d08c       0x68 CMakeFiles/elmio.dir/home/nilodude/desarrollo/picow/pico/pico-sdk/src/rp2_common/hardware_pio/pio.c.obj
 .text._pio_add_program_at_offset
                0x000000001000d0f4       0xd8 CMakeFiles/elmio.dir/home/nilodude/desarrollo/picow/pico/pico-sdk/src/rp2_common/hardware_pio/pio.c.obj
 .text.pio_add_program
                0x000000001000d1cc       0x54 CMakeFiles/elmio.dir/home/nilodude/desarrollo/picow/pico/pico-sdk/src/rp2_common/hardware_pio/pio.c.obj
                0x000000001000d1cc                pio_add_program
 .text.pio_sm_set_consecutive_pindirs
                0x000000001000d220      0x13c CMakeFiles/elmio.dir/home/nilodude/desarrollo/picow/pico/pico-sdk/src/rp2_common/hardware_pio/pio.c.obj
                0x000000001000d220                pio_sm_set_consecutive_pindirs
 .text.pio_sm_init
                0x000000001000d35c       0x98 CMakeFiles/elmio.dir/home/nilodude/desarrollo/picow/pico/pico-sdk/src/rp2_common/hardware_pio/pio.c.obj
                0x000000001000d35c                pio_sm_init
 .text          0x000000001000d3f4       0x5c /usr/lib/gcc/arm-none-eabi/10.3.1/../../../arm-none-eabi/lib/thumb/v6-m/nofp/libc.a(lib_a-strlen-stub.o)
                0x000000001000d3f4                strlen
 *(.fini)
 .fini          0x000000001000d450        0x4 /usr/lib/gcc/arm-none-eabi/10.3.1/thumb/v6-m/nofp/crti.o
                0x000000001000d450                _fini