Archive member included to satisfy reference by file (symbol)

/usr/lib/gcc/arm-none-eabi/10.3.1/../../../arm-none-eabi/lib/thumb/v6-m/nofp/libstdc++.a(class_type_info.o)
                              CMakeFiles/elmio.dir/modules/pico-mcp23017/source/mcp23017_input.cpp.obj (vtable for __cxxabiv1::__class_type_info)
/usr/lib/gcc/arm-none-eabi/10.3.1/../../../arm-none-eabi/lib/thumb/v6-m/nofp/libstdc++.a(del_ops.o)
                              /usr/lib/gcc/arm-none-eabi/10.3.1/../../../arm-none-eabi/lib/thumb/v6-m/nofp/libstdc++.a(class_type_info.o) (operator delete(void*, unsigned int))
/usr/lib/gcc/arm-none-eabi/10.3.1/../../../arm-none-eabi/lib/thumb/v6-m/nofp/libstdc++.a(si_class_type_info.o)
                              CMakeFiles/elmio.dir/modules/pico-mcp23017/source/mcp23017_input.cpp.obj (vtable for __cxxabiv1::__si_class_type_info)
/usr/lib/gcc/arm-none-eabi/10.3.1/../../../arm-none-eabi/lib/thumb/v6-m/nofp/libstdc++.a(tinfo.o)
                              /usr/lib/gcc/arm-none-eabi/10.3.1/../../../arm-none-eabi/lib/thumb/v6-m/nofp/libstdc++.a(class_type_info.o) (std::type_info::~type_info())
/usr/lib/gcc/arm-none-eabi/10.3.1/../../../arm-none-eabi/lib/thumb/v6-m/nofp/libstdc++.a(del_op.o)
                              /usr/lib/gcc/arm-none-eabi/10.3.1/../../../arm-none-eabi/lib/thumb/v6-m/nofp/libstdc++.a(del_ops.o) (operator delete(void*))
/usr/lib/gcc/arm-none-eabi/10.3.1/thumb/v6-m/nofp/libgcc.a(_dvmd_tls.o)
                              CMakeFiles/elmio.dir/home/nilodude/desarrollo/picow/pico/pico-sdk/src/rp2_common/pico_divider/divider.S.obj (__aeabi_idiv0)
/usr/lib/gcc/arm-none-eabi/10.3.1/thumb/v6-m/nofp/libgcc.a(unwind-arm.o)
                              CMakeFiles/elmio.dir/elmio.cpp.obj (__aeabi_unwind_cpp_pr1)
/usr/lib/gcc/arm-none-eabi/10.3.1/thumb/v6-m/nofp/libgcc.a(libunwind.o)
                              /usr/lib/gcc/arm-none-eabi/10.3.1/thumb/v6-m/nofp/libgcc.a(unwind-arm.o) (restore_core_regs)
/usr/lib/gcc/arm-none-eabi/10.3.1/thumb/v6-m/nofp/libgcc.a(pr-support.o)
                              /usr/lib/gcc/arm-none-eabi/10.3.1/thumb/v6-m/nofp/libgcc.a(unwind-arm.o) (__gnu_unwind_execute)
/usr/lib/gcc/arm-none-eabi/10.3.1/../../../arm-none-eabi/lib/thumb/v6-m/nofp/libc.a(lib_a-abort.o)
                              /usr/lib/gcc/arm-none-eabi/10.3.1/thumb/v6-m/nofp/libgcc.a(unwind-arm.o) (abort)
/usr/lib/gcc/arm-none-eabi/10.3.1/../../../arm-none-eabi/lib/thumb/v6-m/nofp/libc.a(lib_a-atexit.o)
                              /usr/lib/gcc/arm-none-eabi/10.3.1/../../../arm-none-eabi/lib/thumb/v6-m/nofp/crt0.o (atexit)
/usr/lib/gcc/arm-none-eabi/10.3.1/../../../arm-none-eabi/lib/thumb/v6-m/nofp/libc.a(lib_a-calloc.o)
                              CMakeFiles/elmio.dir/home/nilodude/desarrollo/picow/pico/pico-sdk/src/rp2_common/pico_malloc/pico_malloc.c.obj (calloc)
/usr/lib/gcc/arm-none-eabi/10.3.1/../../../arm-none-eabi/lib/thumb/v6-m/nofp/libc.a(lib_a-callocr.o)
                              /usr/lib/gcc/arm-none-eabi/10.3.1/../../../arm-none-eabi/lib/thumb/v6-m/nofp/libc.a(lib_a-calloc.o) (_calloc_r)
/usr/lib/gcc/arm-none-eabi/10.3.1/../../../arm-none-eabi/lib/thumb/v6-m/nofp/libc.a(lib_a-fini.o)
                              /usr/lib/gcc/arm-none-eabi/10.3.1/../../../arm-none-eabi/lib/thumb/v6-m/nofp/crt0.o (__libc_fini_array)
/usr/lib/gcc/arm-none-eabi/10.3.1/../../../arm-none-eabi/lib/thumb/v6-m/nofp/libc.a(lib_a-impure.o)
                              /usr/lib/gcc/arm-none-eabi/10.3.1/../../../arm-none-eabi/lib/thumb/v6-m/nofp/libc.a(lib_a-calloc.o) (_impure_ptr)
/usr/lib/gcc/arm-none-eabi/10.3.1/../../../arm-none-eabi/lib/thumb/v6-m/nofp/libc.a(lib_a-init.o)
                              /usr/lib/gcc/arm-none-eabi/10.3.1/../../../arm-none-eabi/lib/thumb/v6-m/nofp/crt0.o (__libc_init_array)
/usr/lib/gcc/arm-none-eabi/10.3.1/../../../arm-none-eabi/lib/thumb/v6-m/nofp/libc.a(lib_a-malloc.o)
                              CMakeFiles/elmio.dir/home/nilodude/desarrollo/picow/pico/pico-sdk/src/rp2_common/pico_malloc/pico_malloc.c.obj (malloc)
/usr/lib/gcc/arm-none-eabi/10.3.1/../../../arm-none-eabi/lib/thumb/v6-m/nofp/libc.a(lib_a-mallocr.o)
                              /usr/lib/gcc/arm-none-eabi/10.3.1/../../../arm-none-eabi/lib/thumb/v6-m/nofp/libc.a(lib_a-callocr.o) (_malloc_r)
/usr/lib/gcc/arm-none-eabi/10.3.1/../../../arm-none-eabi/lib/thumb/v6-m/nofp/libc.a(lib_a-mlock.o)
                              /usr/lib/gcc/arm-none-eabi/10.3.1/../../../arm-none-eabi/lib/thumb/v6-m/nofp/libc.a(lib_a-mallocr.o) (__malloc_lock)
/usr/lib/gcc/arm-none-eabi/10.3.1/../../../arm-none-eabi/lib/thumb/v6-m/nofp/libc.a(lib_a-realloc.o)
                              CMakeFiles/elmio.dir/home/nilodude/desarrollo/picow/pico/pico-sdk/src/rp2_common/pico_malloc/pico_malloc.c.obj (realloc)
/usr/lib/gcc/arm-none-eabi/10.3.1/../../../arm-none-eabi/lib/thumb/v6-m/nofp/libc.a(lib_a-reallocr.o)
[...]
Memory Configuration

Name             Origin             Length             Attributes
FLASH            0x0000000010000000 0x0000000000200000 xr
RAM              0x0000000020000000 0x0000000000040000 xrw
SCRATCH_X        0x0000000020040000 0x0000000000001000 xrw
SCRATCH_Y        0x0000000020041000 0x0000000000001000 xrw
*default*        0x0000000000000000 0xffffffffffffffff

Linker script and memory map

LOAD /usr/lib/gcc/arm-none-eabi/10.3.1/thumb/v6-m/nofp/crti.o
LOAD /usr/lib/gcc/arm-none-eabi/10.3.1/thumb/v6-m/nofp/crtbegin.o
LOAD /usr/lib/gcc/arm-none-eabi/10.3.1/../../../arm-none-eabi/lib/thumb/v6-m/nofp/crt0.o

.flash_begin    0x0000000010000000        0x0
                0x0000000010000000                __flash_binary_start = .

.boot2          0x0000000010000000      0x100
                0x0000000010000000                __boot2_start__ = .
 *(.boot2)
 .boot2         0x0000000010000000      0x100 /tmp/cc3JtqVB.o
                0x0000000010000100                __boot2_end__ = .
                0x0000000000000001                ASSERT (((__boot2_end__ - __boot2_start__) == 0x100), ERROR: Pico second stage bootloader must be 256 bytes in size)

.text           0x0000000010000100     0xe0c8
                0x0000000010000100                __logical_binary_start = .
 *(.vectors)
 .vectors       0x0000000010000100       0xd4 CMakeFiles/elmio.dir/home/nilodude/desarrollo/picow/pico/pico-sdk/src/rp2_common/pico_standard_link/crt0.S.obj
                0x0000000010000100                __vectors
                0x0000000010000100                __VECTOR_TABLE
                0x00000000100001c0                isr_invalid
                0x00000000100001c0                __default_isrs_start
                0x00000000100001c2                isr_nmi
                0x00000000100001c4                isr_hardfault
                0x00000000100001c6                isr_svcall
                0x00000000100001c8                isr_pendsv
                0x00000000100001ca                isr_systick
                0x00000000100001cc                isr_irq30
                0x00000000100001cc                __unhandled_user_irq
                0x00000000100001cc                isr_irq13
                0x00000000100001cc                isr_irq27
                0x00000000100001cc                isr_irq31
                0x00000000100001cc                isr_irq5
                0x00000000100001cc                isr_irq11
                0x00000000100001cc                isr_irq23
                0x00000000100001cc                isr_irq18
                0x00000000100001cc                isr_irq28
                0x00000000100001cc                isr_irq19
                0x00000000100001cc                isr_irq0
                0x00000000100001cc                isr_irq6
                0x00000000100001cc                isr_irq22
                0x00000000100001cc                isr_irq17
                0x00000000100001cc                isr_irq14
                0x00000000100001cc                isr_irq2
                0x00000000100001cc                isr_irq10
                0x00000000100001cc                isr_irq8
                0x00000000100001cc                isr_irq24
                0x00000000100001cc                isr_irq1
                0x00000000100001cc                isr_irq7
                0x00000000100001cc                isr_irq21
                0x00000000100001cc                isr_irq20
                0x00000000100001cc                isr_irq15
                0x00000000100001cc                isr_irq25
                0x00000000100001cc                isr_irq4
                0x00000000100001cc                isr_irq16
                0x00000000100001cc                isr_irq29
                0x00000000100001cc                isr_irq26
                0x00000000100001cc                __default_isrs_end
                0x00000000100001cc                isr_irq3
                0x00000000100001cc                isr_irq12
                0x00000000100001cc                isr_irq9
                0x00000000100001d2                unhandled_user_irq_num_in_r0
 *(.binary_info_header)
 .binary_info_header
                0x00000000100001d4       0x14 CMakeFiles/elmio.dir/home/nilodude/desarrollo/picow/pico/pico-sdk/src/rp2_common/pico_standard_link/crt0.S.obj
                0x00000000100001e8                __binary_info_header_end = .
 *(.reset)
 .reset         0x00000000100001e8       0xa0 CMakeFiles/elmio.dir/home/nilodude/desarrollo/picow/pico/pico-sdk/src/rp2_common/pico_standard_link/crt0.S.obj
                0x00000000100001e8                _entry_point
 .reset         0x0000000010000288       0x30 CMakeFiles/elmio.dir/home/nilodude/desarrollo/picow/pico/pico-sdk/src/rp2_common/pico_standard_link/binary_info.c.obj
 *(.init)
 .init          0x00000000100002b8        0x4 /usr/lib/gcc/arm-none-eabi/10.3.1/thumb/v6-m/nofp/crti.o
                0x00000000100002b8                _init
 *(EXCLUDE_FILE(*libm.a: *libc.a:*lib_a-mem*.o *libgcc.a:) .text*)
 .text          0x00000000100002bc       0x98 /usr/lib/gcc/arm-none-eabi/10.3.1/thumb/v6-m/nofp/crtbegin.o
 .text.startup.main
                0x0000000010000354      0x34c CMakeFiles/elmio.dir/elmio.cpp.obj
                0x0000000010000354                main
 .text.startup._GLOBAL__sub_I_buttons
                0x00000000100006a0       0x18 CMakeFiles/elmio.dir/elmio.cpp.obj
 .text.check_gpio_param
                0x00000000100006b8       0x10 CMakeFiles/elmio.dir/home/nilodude/desarrollo/picow/pico/pico-sdk/src/rp2_common/hardware_gpio/gpio.c.obj
 .text.gpio_set_mask
                0x00000000100006c8       0x18 CMakeFiles/elmio.dir/home/nilodude/desarrollo/picow/pico/pico-sdk/src/rp2_common/hardware_gpio/gpio.c.obj
 .text.gpio_clr_mask
                0x00000000100006e0       0x18 CMakeFiles/elmio.dir/home/nilodude/desarrollo/picow/pico/pico-sdk/src/rp2_common/hardware_gpio/gpio.c.obj
 .text.gpio_put
                0x00000000100006f8       0x3a CMakeFiles/elmio.dir/home/nilodude/desarrollo/picow/pico/pico-sdk/src/rp2_common/hardware_gpio/gpio.c.obj
 .text.gpio_set_dir_out_masked
                0x0000000010000732       0x18 CMakeFiles/elmio.dir/home/nilodude/desarrollo/picow/pico/pico-sdk/src/rp2_common/hardware_gpio/gpio.c.obj
 .text.gpio_set_dir_in_masked
                0x000000001000074a       0x18 CMakeFiles/elmio.dir/home/nilodude/desarrollo/picow/pico/pico-sdk/src/rp2_common/hardware_gpio/gpio.c.obj
 .text.gpio_set_dir
                0x0000000010000762       0x3a CMakeFiles/elmio.dir/home/nilodude/desarrollo/picow/pico/pico-sdk/src/rp2_common/hardware_gpio/gpio.c.obj
 .text.gpio_set_function
                0x000000001000079c       0x6c CMakeFiles/elmio.dir/home/nilodude/desarrollo/picow/pico/pico-sdk/src/rp2_common/hardware_gpio/gpio.c.obj
                0x000000001000079c                gpio_set_function
 .text.gpio_set_pulls
                0x0000000010000808       0x7c CMakeFiles/elmio.dir/home/nilodude/desarrollo/picow/pico/pico-sdk/src/rp2_common/hardware_gpio/gpio.c.obj
                0x0000000010000808                gpio_set_pulls
 .text.gpio_init
                0x0000000010000884       0x2e CMakeFiles/elmio.dir/home/nilodude/desarrollo/picow/pico/pico-sdk/src/rp2_common/hardware_gpio/gpio.c.obj
                0x0000000010000884                gpio_init
 *fill*         0x00000000100008b2        0x2 
 .text.running_on_fpga
                0x00000000100008b4       0x1c CMakeFiles/elmio.dir/home/nilodude/desarrollo/picow/pico/pico-sdk/src/rp2_common/pico_platform/platform.c.obj
                0x00000000100008b4                running_on_fpga
 .text.hw_claim_lock
                0x00000000100008d0       0x50 CMakeFiles/elmio.dir/home/nilodude/desarrollo/picow/pico/pico-sdk/src/rp2_common/hardware_claim/claim.c.obj
                0x00000000100008d0                hw_claim_lock
 .text.hw_claim_unlock
                0x0000000010000920       0x4c CMakeFiles/elmio.dir/home/nilodude/desarrollo/picow/pico/pico-sdk/src/rp2_common/hardware_claim/claim.c.obj
                0x0000000010000920                hw_claim_unlock
 .text.hw_is_claimed
                0x000000001000096c       0x32 CMakeFiles/elmio.dir/home/nilodude/desarrollo/picow/pico/pico-sdk/src/rp2_common/hardware_claim/claim.c.obj
                0x000000001000096c                hw_is_claimed
 .text.hw_claim_or_assert
                0x000000001000099e       0x66 CMakeFiles/elmio.dir/home/nilodude/desarrollo/picow/pico/pico-sdk/src/rp2_common/hardware_claim/claim.c.obj
                0x000000001000099e                hw_claim_or_assert
 .text.hw_claim_unused_from_range
                0x0000000010000a04       0xa6 CMakeFiles/elmio.dir/home/nilodude/desarrollo/picow/pico/pico-sdk/src/rp2_common/hardware_claim/claim.c.obj
                0x0000000010000a04                hw_claim_unused_from_range
 *fill*         0x0000000010000aaa        0x2 
 .text.spin_locks_reset
                0x0000000010000aac       0x48 CMakeFiles/elmio.dir/home/nilodude/desarrollo/picow/pico/pico-sdk/src/rp2_common/hardware_sync/sync.c.obj
                0x0000000010000aac                spin_locks_reset
 .text.next_striped_spin_lock_num
                0x0000000010000af4       0x30 CMakeFiles/elmio.dir/home/nilodude/desarrollo/picow/pico/pico-sdk/src/rp2_common/hardware_sync/sync.c.obj
                0x0000000010000af4                next_striped_spin_lock_num
 .text.spin_lock_claim_unused
                0x0000000010000b24       0x30 CMakeFiles/elmio.dir/home/nilodude/desarrollo/picow/pico/pico-sdk/src/rp2_common/hardware_sync/sync.c.obj
                0x0000000010000b24                spin_lock_claim_unused
 .text.check_irq_param
                0x0000000010000b54       0x10 CMakeFiles/elmio.dir/home/nilodude/desarrollo/picow/pico/pico-sdk/src/rp2_common/hardware_irq/irq.c.obj
 .text.user_irq_claimed_ptr
                0x0000000010000b64       0x10 CMakeFiles/elmio.dir/home/nilodude/desarrollo/picow/pico/pico-sdk/src/rp2_common/hardware_irq/irq.c.obj
 .text.get_vtable
                0x0000000010000b74       0x14 CMakeFiles/elmio.dir/home/nilodude/desarrollo/picow/pico/pico-sdk/src/rp2_common/hardware_irq/irq.c.obj
 .text.add_thumb_bit
                0x0000000010000b88       0x16 CMakeFiles/elmio.dir/home/nilodude/desarrollo/picow/pico/pico-sdk/src/rp2_common/hardware_irq/irq.c.obj
 .text.remove_thumb_bit
                0x0000000010000b9e       0x16 CMakeFiles/elmio.dir/home/nilodude/desarrollo/picow/pico/pico-sdk/src/rp2_common/hardware_irq/irq.c.obj
 .text.set_raw_irq_handler_and_unlock
                0x0000000010000bb4       0x68 CMakeFiles/elmio.dir/home/nilodude/desarrollo/picow/pico/pico-sdk/src/rp2_common/hardware_irq/irq.c.obj
 .text.irq_set_enabled
                0x0000000010000c1c       0x30 CMakeFiles/elmio.dir/home/nilodude/desarrollo/picow/pico/pico-sdk/src/rp2_common/hardware_irq/irq.c.obj
                0x0000000010000c1c                irq_set_enabled
 .text.irq_is_enabled
                0x0000000010000c4c       0x30 CMakeFiles/elmio.dir/home/nilodude/desarrollo/picow/pico/pico-sdk/src/rp2_common/hardware_irq/irq.c.obj
                0x0000000010000c4c                irq_is_enabled
 .text.irq_set_mask_enabled
                0x0000000010000c7c       0x40 CMakeFiles/elmio.dir/home/nilodude/desarrollo/picow/pico/pico-sdk/src/rp2_common/hardware_irq/irq.c.obj
                0x0000000010000c7c                irq_set_mask_enabled
 .text.irq_set_pending
                0x0000000010000cbc       0x28 CMakeFiles/elmio.dir/home/nilodude/desarrollo/picow/pico/pico-sdk/src/rp2_common/hardware_irq/irq.c.obj
                0x0000000010000cbc                irq_set_pending
 .text.is_shared_irq_raw_handler
                0x0000000010000ce4       0x24 CMakeFiles/elmio.dir/home/nilodude/desarrollo/picow/pico/pico-sdk/src/rp2_common/hardware_irq/irq.c.obj
 .text.irq_has_shared_handler
                0x0000000010000d08       0x44 CMakeFiles/elmio.dir/home/nilodude/desarrollo/picow/pico/pico-sdk/src/rp2_common/hardware_irq/irq.c.obj
                0x0000000010000d08                irq_has_shared_handler
 .text.irq_get_vtable_handler
                0x0000000010000d4c       0x28 CMakeFiles/elmio.dir/home/nilodude/desarrollo/picow/pico/pico-sdk/src/rp2_common/hardware_irq/irq.c.obj
                0x0000000010000d4c                irq_get_vtable_handler
 .text.irq_set_exclusive_handler
                0x0000000010000d74       0xa4 CMakeFiles/elmio.dir/home/nilodude/desarrollo/picow/pico/pico-sdk/src/rp2_common/hardware_irq/irq.c.obj
                0x0000000010000d74                irq_set_exclusive_handler
 .text.make_branch
                0x0000000010000e18       0x74 CMakeFiles/elmio.dir/home/nilodude/desarrollo/picow/pico/pico-sdk/src/rp2_common/hardware_irq/irq.c.obj
 .text.insert_branch_and_link
                0x0000000010000e8c       0x74 CMakeFiles/elmio.dir/home/nilodude/desarrollo/picow/pico/pico-sdk/src/rp2_common/hardware_irq/irq.c.obj
 .text.resolve_branch
                0x0000000010000f00       0x5c CMakeFiles/elmio.dir/home/nilodude/desarrollo/picow/pico/pico-sdk/src/rp2_common/hardware_irq/irq.c.obj
 .text.slot_diff
                0x0000000010000f5c       0x30 CMakeFiles/elmio.dir/home/nilodude/desarrollo/picow/pico/pico-sdk/src/rp2_common/hardware_irq/irq.c.obj
 .text.get_slot_index
                0x0000000010000f8c       0x24 CMakeFiles/elmio.dir/home/nilodude/desarrollo/picow/pico/pico-sdk/src/rp2_common/hardware_irq/irq.c.obj
 .text.irq_add_shared_handler
                0x0000000010000fb0      0x2d8 CMakeFiles/elmio.dir/home/nilodude/desarrollo/picow/pico/pico-sdk/src/rp2_common/hardware_irq/irq.c.obj
                0x0000000010000fb0                irq_add_shared_handler
 .text.irq_remove_handler
                0x0000000010001288      0x250 CMakeFiles/elmio.dir/home/nilodude/desarrollo/picow/pico/pico-sdk/src/rp2_common/hardware_irq/irq.c.obj
                0x0000000010001288                irq_remove_handler
 .text.irq_add_tail_to_free_list
                0x00000000100014d8      0x1b8 CMakeFiles/elmio.dir/home/nilodude/desarrollo/picow/pico/pico-sdk/src/rp2_common/hardware_irq/irq.c.obj
                0x00000000100014d8                irq_add_tail_to_free_list
 .text.irq_init_priorities
                0x0000000010001690       0x3c CMakeFiles/elmio.dir/home/nilodude/desarrollo/picow/pico/pico-sdk/src/rp2_common/hardware_irq/irq.c.obj
                0x0000000010001690                irq_init_priorities
 .text.user_irq_claim_unused
                0x00000000100016cc       0x40 CMakeFiles/elmio.dir/home/nilodude/desarrollo/picow/pico/pico-sdk/src/rp2_common/hardware_irq/irq.c.obj
                0x00000000100016cc                user_irq_claim_unused
 .text.lock_init
                0x000000001000170c       0x2c CMakeFiles/elmio.dir/home/nilodude/desarrollo/picow/pico/pico-sdk/src/common/pico_sync/lock_core.c.obj
                0x000000001000170c                lock_init
 .text.to_us_since_boot
                0x0000000010001738       0x18 CMakeFiles/elmio.dir/home/nilodude/desarrollo/picow/pico/pico-sdk/src/common/pico_sync/mutex.c.obj
 .text.update_us_since_boot
                0x0000000010001750       0x40 CMakeFiles/elmio.dir/home/nilodude/desarrollo/picow/pico/pico-sdk/src/common/pico_sync/mutex.c.obj
 .text.get_absolute_time
                0x0000000010001790       0x2c CMakeFiles/elmio.dir/home/nilodude/desarrollo/picow/pico/pico-sdk/src/common/pico_sync/mutex.c.obj
 .text.delayed_by_ms
                0x00000000100017bc       0x80 CMakeFiles/elmio.dir/home/nilodude/desarrollo/picow/pico/pico-sdk/src/common/pico_sync/mutex.c.obj
 .text.make_timeout_time_ms
                0x000000001000183c       0x2a CMakeFiles/elmio.dir/home/nilodude/desarrollo/picow/pico/pico-sdk/src/common/pico_sync/mutex.c.obj
 .text.mutex_init
                0x0000000010001866       0x2e CMakeFiles/elmio.dir/home/nilodude/desarrollo/picow/pico/pico-sdk/src/common/pico_sync/mutex.c.obj
                0x0000000010001866                mutex_init
 .text.recursive_mutex_init
                0x0000000010001894       0x34 CMakeFiles/elmio.dir/home/nilodude/desarrollo/picow/pico/pico-sdk/src/common/pico_sync/mutex.c.obj
                0x0000000010001894                recursive_mutex_init
 .text.critical_section_init
                0x00000000100018c8       0x24 CMakeFiles/elmio.dir/home/nilodude/desarrollo/picow/pico/pico-sdk/src/common/pico_sync/critical_section.c.obj
                0x00000000100018c8                critical_section_init
 .text.critical_section_init_with_lock_num
                0x00000000100018ec       0x34 CMakeFiles/elmio.dir/home/nilodude/desarrollo/picow/pico/pico-sdk/src/common/pico_sync/critical_section.c.obj
                0x00000000100018ec                critical_section_init_with_lock_num
 .text.to_us_since_boot
                0x0000000010001920       0x18 CMakeFiles/elmio.dir/home/nilodude/desarrollo/picow/pico/pico-sdk/src/common/pico_time/time.c.obj
 .text.update_us_since_boot
                0x0000000010001938       0x40 CMakeFiles/elmio.dir/home/nilodude/desarrollo/picow/pico/pico-sdk/src/common/pico_time/time.c.obj
 .text.time_reached
                0x0000000010001978       0x64 CMakeFiles/elmio.dir/home/nilodude/desarrollo/picow/pico/pico-sdk/src/common/pico_time/time.c.obj
 .text.get_absolute_time
                0x00000000100019dc       0x2c CMakeFiles/elmio.dir/home/nilodude/desarrollo/picow/pico/pico-sdk/src/common/pico_time/time.c.obj
 .text.delayed_by_us
                0x0000000010001a08       0x68 CMakeFiles/elmio.dir/home/nilodude/desarrollo/picow/pico/pico-sdk/src/common/pico_time/time.c.obj
 .text.make_timeout_time_us
                0x0000000010001a70       0x36 CMakeFiles/elmio.dir/home/nilodude/desarrollo/picow/pico/pico-sdk/src/common/pico_time/time.c.obj
 .text.absolute_time_diff_us
                0x0000000010001aa6       0x40 CMakeFiles/elmio.dir/home/nilodude/desarrollo/picow/pico/pico-sdk/src/common/pico_time/time.c.obj
 .text.add_alarm_at
                0x0000000010001ae6       0x34 CMakeFiles/elmio.dir/home/nilodude/desarrollo/picow/pico/pico-sdk/src/common/pico_time/time.c.obj
 .text.cancel_alarm
                0x0000000010001b1a       0x22 CMakeFiles/elmio.dir/home/nilodude/desarrollo/picow/pico/pico-sdk/src/common/pico_time/time.c.obj
 .text.ph_get_node
                0x0000000010001b3c       0x54 CMakeFiles/elmio.dir/home/nilodude/desarrollo/picow/pico/pico-sdk/src/common/pico_time/time.c.obj
 .text.ph_add_child_node
                0x0000000010001b90       0xc4 CMakeFiles/elmio.dir/home/nilodude/desarrollo/picow/pico/pico-sdk/src/common/pico_time/time.c.obj
 .text.ph_merge_nodes
                0x0000000010001c54       0x7e CMakeFiles/elmio.dir/home/nilodude/desarrollo/picow/pico/pico-sdk/src/common/pico_time/time.c.obj
 .text.ph_new_node
                0x0000000010001cd2       0x6a CMakeFiles/elmio.dir/home/nilodude/desarrollo/picow/pico/pico-sdk/src/common/pico_time/time.c.obj
 .text.ph_insert_node
                0x0000000010001d3c       0x7c CMakeFiles/elmio.dir/home/nilodude/desarrollo/picow/pico/pico-sdk/src/common/pico_time/time.c.obj
 .text.ph_peek_head
                0x0000000010001db8       0x14 CMakeFiles/elmio.dir/home/nilodude/desarrollo/picow/pico/pico-sdk/src/common/pico_time/time.c.obj
 .text.ph_contains_node
                0x0000000010001dcc       0x46 CMakeFiles/elmio.dir/home/nilodude/desarrollo/picow/pico/pico-sdk/src/common/pico_time/time.c.obj
 *fill*         0x0000000010001e12        0x2 
 .text.ph_free_node
                0x0000000010001e14       0x98 CMakeFiles/elmio.dir/home/nilodude/desarrollo/picow/pico/pico-sdk/src/common/pico_time/time.c.obj
 .text.default_alarm_pool_initialized
                0x0000000010001eac       0x18 CMakeFiles/elmio.dir/home/nilodude/desarrollo/picow/pico/pico-sdk/src/common/pico_time/time.c.obj
 .text.get_entry
                0x0000000010001ec4       0x5c CMakeFiles/elmio.dir/home/nilodude/desarrollo/picow/pico/pico-sdk/src/common/pico_time/time.c.obj
 .text.get_entry_id_high
                0x0000000010001f20       0x50 CMakeFiles/elmio.dir/home/nilodude/desarrollo/picow/pico/pico-sdk/src/common/pico_time/time.c.obj
 .text.timer_pool_entry_comparator
                0x0000000010001f70       0x76 CMakeFiles/elmio.dir/home/nilodude/desarrollo/picow/pico/pico-sdk/src/common/pico_time/time.c.obj
                0x0000000010001f70                timer_pool_entry_comparator
 .text.make_public_id
                0x0000000010001fe6       0x26 CMakeFiles/elmio.dir/home/nilodude/desarrollo/picow/pico/pico-sdk/src/common/pico_time/time.c.obj
 .text.alarm_pool_init_default
                0x000000001000200c       0x50 CMakeFiles/elmio.dir/home/nilodude/desarrollo/picow/pico/pico-sdk/src/common/pico_time/time.c.obj
                0x000000001000200c                alarm_pool_init_default
 .text.alarm_pool_get_default
                0x000000001000205c       0x30 CMakeFiles/elmio.dir/home/nilodude/desarrollo/picow/pico/pico-sdk/src/common/pico_time/time.c.obj
                0x000000001000205c                alarm_pool_get_default
 .text.add_alarm_under_lock
                0x000000001000208c      0x128 CMakeFiles/elmio.dir/home/nilodude/desarrollo/picow/pico/pico-sdk/src/common/pico_time/time.c.obj
 .text.alarm_pool_alarm_callback
                0x00000000100021b4      0x414 CMakeFiles/elmio.dir/home/nilodude/desarrollo/picow/pico/pico-sdk/src/common/pico_time/time.c.obj
 .text.alarm_pool_post_alloc_init
                0x00000000100025c8       0x68 CMakeFiles/elmio.dir/home/nilodude/desarrollo/picow/pico/pico-sdk/src/common/pico_time/time.c.obj
 .text.alarm_pool_add_alarm_at
                0x0000000010002630      0x192 CMakeFiles/elmio.dir/home/nilodude/desarrollo/picow/pico/pico-sdk/src/common/pico_time/time.c.obj
                0x0000000010002630                alarm_pool_add_alarm_at
 *fill*         0x00000000100027c2        0x2 
 .text.alarm_pool_cancel_alarm
                0x00000000100027c4      0x134 CMakeFiles/elmio.dir/home/nilodude/desarrollo/picow/pico/pico-sdk/src/common/pico_time/time.c.obj
                0x00000000100027c4                alarm_pool_cancel_alarm
 .text.alarm_pool_core_num
                0x00000000100028f8       0x14 CMakeFiles/elmio.dir/home/nilodude/desarrollo/picow/pico/pico-sdk/src/common/pico_time/time.c.obj
                0x00000000100028f8                alarm_pool_core_num
 .text.sleep_until_callback
                0x000000001000290c       0x80 CMakeFiles/elmio.dir/home/nilodude/desarrollo/picow/pico/pico-sdk/src/common/pico_time/time.c.obj
 .text.sleep_until
                0x000000001000298c      0x14c CMakeFiles/elmio.dir/home/nilodude/desarrollo/picow/pico/pico-sdk/src/common/pico_time/time.c.obj
                0x000000001000298c                sleep_until
 .text.sleep_us
                0x0000000010002ad8       0x2c CMakeFiles/elmio.dir/home/nilodude/desarrollo/picow/pico/pico-sdk/src/common/pico_time/time.c.obj
                0x0000000010002ad8                sleep_us
 .text.sleep_ms
                0x0000000010002b04       0x32 CMakeFiles/elmio.dir/home/nilodude/desarrollo/picow/pico/pico-sdk/src/common/pico_time/time.c.obj
                0x0000000010002b04                sleep_ms
 *fill*         0x0000000010002b36        0x2 
 .text.best_effort_wfe_or_timeout
                0x0000000010002b38       0x7c CMakeFiles/elmio.dir/home/nilodude/desarrollo/picow/pico/pico-sdk/src/common/pico_time/time.c.obj
                0x0000000010002b38                best_effort_wfe_or_timeout
 .text.to_us_since_boot
                0x0000000010002bb4       0x18 CMakeFiles/elmio.dir/home/nilodude/desarrollo/picow/pico/pico-sdk/src/rp2_common/hardware_timer/timer.c.obj
 .text.update_us_since_boot
                0x0000000010002bcc       0x40 CMakeFiles/elmio.dir/home/nilodude/desarrollo/picow/pico/pico-sdk/src/rp2_common/hardware_timer/timer.c.obj
 .text.check_hardware_alarm_num_param
                0x0000000010002c0c       0x10 CMakeFiles/elmio.dir/home/nilodude/desarrollo/picow/pico/pico-sdk/src/rp2_common/hardware_timer/timer.c.obj
 .text.irq_clear
                0x0000000010002c1c       0x24 CMakeFiles/elmio.dir/home/nilodude/desarrollo/picow/pico/pico-sdk/src/rp2_common/hardware_timer/timer.c.obj
 .text.hardware_alarm_claim
                0x0000000010002c40       0x2c CMakeFiles/elmio.dir/home/nilodude/desarrollo/picow/pico/pico-sdk/src/rp2_common/hardware_timer/timer.c.obj
                0x0000000010002c40                hardware_alarm_claim
 .text.time_us_64
                0x0000000010002c6c       0x60 CMakeFiles/elmio.dir/home/nilodude/desarrollo/picow/pico/pico-sdk/src/rp2_common/hardware_timer/timer.c.obj
                0x0000000010002c6c                time_us_64
 .text.busy_wait_us
                0x0000000010002ccc       0x6a CMakeFiles/elmio.dir/home/nilodude/desarrollo/picow/pico/pico-sdk/src/rp2_common/hardware_timer/timer.c.obj
                0x0000000010002ccc                busy_wait_us
 *fill*         0x0000000010002d36        0x2 
 .text.busy_wait_until
                0x0000000010002d38       0x6c CMakeFiles/elmio.dir/home/nilodude/desarrollo/picow/pico/pico-sdk/src/rp2_common/hardware_timer/timer.c.obj
                0x0000000010002d38                busy_wait_until
 .text.harware_alarm_irq_number
                0x0000000010002da4       0x12 CMakeFiles/elmio.dir/home/nilodude/desarrollo/picow/pico/pico-sdk/src/rp2_common/hardware_timer/timer.c.obj
 *fill*         0x0000000010002db6        0x2 
 .text.hardware_alarm_irq_handler
                0x0000000010002db8      0x13c CMakeFiles/elmio.dir/home/nilodude/desarrollo/picow/pico/pico-sdk/src/rp2_common/hardware_timer/timer.c.obj
 .text.hardware_alarm_set_callback
                0x0000000010002ef4      0x134 CMakeFiles/elmio.dir/home/nilodude/desarrollo/picow/pico/pico-sdk/src/rp2_common/hardware_timer/timer.c.obj
                0x0000000010002ef4                hardware_alarm_set_callback
 .text.hardware_alarm_set_target
                0x0000000010003028      0x1c4 CMakeFiles/elmio.dir/home/nilodude/desarrollo/picow/pico/pico-sdk/src/rp2_common/hardware_timer/timer.c.obj
                0x0000000010003028                hardware_alarm_set_target
 .text.hardware_alarm_cancel
                0x00000000100031ec       0xb8 CMakeFiles/elmio.dir/home/nilodude/desarrollo/picow/pico/pico-sdk/src/rp2_common/hardware_timer/timer.c.obj
                0x00000000100031ec                hardware_alarm_cancel
 .text.ph_get_node
                0x00000000100032a4       0x54 CMakeFiles/elmio.dir/home/nilodude/desarrollo/picow/pico/pico-sdk/src/common/pico_util/pheap.c.obj
 .text.ph_add_child_node
                0x00000000100032f8       0xc4 CMakeFiles/elmio.dir/home/nilodude/desarrollo/picow/pico/pico-sdk/src/common/pico_util/pheap.c.obj
 .text.ph_merge_nodes
                0x00000000100033bc       0x7e CMakeFiles/elmio.dir/home/nilodude/desarrollo/picow/pico/pico-sdk/src/common/pico_util/pheap.c.obj
 .text.ph_peek_head
                0x000000001000343a       0x14 CMakeFiles/elmio.dir/home/nilodude/desarrollo/picow/pico/pico-sdk/src/common/pico_util/pheap.c.obj
 .text.ph_remove_and_free_head
                0x000000001000344e       0x1c CMakeFiles/elmio.dir/home/nilodude/desarrollo/picow/pico/pico-sdk/src/common/pico_util/pheap.c.obj
 .text.ph_post_alloc_init
                0x000000001000346a       0x32 CMakeFiles/elmio.dir/home/nilodude/desarrollo/picow/pico/pico-sdk/src/common/pico_util/pheap.c.obj
                0x000000001000346a                ph_post_alloc_init
 .text.ph_clear
                0x000000001000349c       0x78 CMakeFiles/elmio.dir/home/nilodude/desarrollo/picow/pico/pico-sdk/src/common/pico_util/pheap.c.obj
                0x000000001000349c                ph_clear
 .text.ph_merge_two_pass
                0x0000000010003514       0xd0 CMakeFiles/elmio.dir/home/nilodude/desarrollo/picow/pico/pico-sdk/src/common/pico_util/pheap.c.obj
                0x0000000010003514                ph_merge_two_pass
 .text.ph_remove_any_head
                0x00000000100035e4      0x140 CMakeFiles/elmio.dir/home/nilodude/desarrollo/picow/pico/pico-sdk/src/common/pico_util/pheap.c.obj
 .text.ph_remove_head
                0x0000000010003724       0x44 CMakeFiles/elmio.dir/home/nilodude/desarrollo/picow/pico/pico-sdk/src/common/pico_util/pheap.c.obj
                0x0000000010003724                ph_remove_head
 .text.ph_remove_and_free_node
                0x0000000010003768      0x154 CMakeFiles/elmio.dir/home/nilodude/desarrollo/picow/pico/pico-sdk/src/common/pico_util/pheap.c.obj
                0x0000000010003768                ph_remove_and_free_node
 .text.uart_get_index
                0x00000000100038bc       0x24 CMakeFiles/elmio.dir/home/nilodude/desarrollo/picow/pico/pico-sdk/src/rp2_common/hardware_uart/uart.c.obj
 .text.uart_get_hw
                0x00000000100038e0       0x1a CMakeFiles/elmio.dir/home/nilodude/desarrollo/picow/pico/pico-sdk/src/rp2_common/hardware_uart/uart.c.obj
 *fill*         0x00000000100038fa        0x2 
 .text.reset_block
                0x00000000100038fc       0x2c CMakeFiles/elmio.dir/home/nilodude/desarrollo/picow/pico/pico-sdk/src/rp2_common/hardware_uart/uart.c.obj
 .text.unreset_block_wait
                0x0000000010003928       0x3c CMakeFiles/elmio.dir/home/nilodude/desarrollo/picow/pico/pico-sdk/src/rp2_common/hardware_uart/uart.c.obj
 .text.uart_reset
                0x0000000010003964       0x2c CMakeFiles/elmio.dir/home/nilodude/desarrollo/picow/pico/pico-sdk/src/rp2_common/hardware_uart/uart.c.obj
 .text.uart_unreset
                0x0000000010003990       0x2c CMakeFiles/elmio.dir/home/nilodude/desarrollo/picow/pico/pico-sdk/src/rp2_common/hardware_uart/uart.c.obj
 .text.uart_init
                0x00000000100039bc       0x98 CMakeFiles/elmio.dir/home/nilodude/desarrollo/picow/pico/pico-sdk/src/rp2_common/hardware_uart/uart.c.obj
                0x00000000100039bc                uart_init
 .text.uart_disable_before_lcr_write
                0x0000000010003a54       0xac CMakeFiles/elmio.dir/home/nilodude/desarrollo/picow/pico/pico-sdk/src/rp2_common/hardware_uart/uart.c.obj
 .text.uart_write_lcr_bits_masked
                0x0000000010003b00       0x66 CMakeFiles/elmio.dir/home/nilodude/desarrollo/picow/pico/pico-sdk/src/rp2_common/hardware_uart/uart.c.obj
 *fill*         0x0000000010003b66        0x2 
 .text.uart_set_baudrate
                0x0000000010003b68       0xa8 CMakeFiles/elmio.dir/home/nilodude/desarrollo/picow/pico/pico-sdk/src/rp2_common/hardware_uart/uart.c.obj
                0x0000000010003b68                uart_set_baudrate
 .text.uart_set_format
                0x0000000010003c10       0x54 CMakeFiles/elmio.dir/home/nilodude/desarrollo/picow/pico/pico-sdk/src/rp2_common/hardware_uart/uart.c.obj
                0x0000000010003c10                uart_set_format
 .text.uart_set_translate_crlf
                0x0000000010003c64       0x3c CMakeFiles/elmio.dir/home/nilodude/desarrollo/picow/pico/pico-sdk/src/rp2_common/hardware_uart/uart.c.obj
                0x0000000010003c64                uart_set_translate_crlf
 .text.busy_wait_at_least_cycles
                0x0000000010003ca0       0x18 CMakeFiles/elmio.dir/home/nilodude/desarrollo/picow/pico/pico-sdk/src/rp2_common/hardware_clocks/clocks.c.obj
 .text.has_glitchless_mux
                0x0000000010003cb8       0x32 CMakeFiles/elmio.dir/home/nilodude/desarrollo/picow/pico/pico-sdk/src/rp2_common/hardware_clocks/clocks.c.obj
 *fill*         0x0000000010003cea        0x2 
 .text.clock_configure
                0x0000000010003cec      0x27c CMakeFiles/elmio.dir/home/nilodude/desarrollo/picow/pico/pico-sdk/src/rp2_common/hardware_clocks/clocks.c.obj
                0x0000000010003cec                clock_configure
 .text.clocks_init
                0x0000000010003f68      0x148 CMakeFiles/elmio.dir/home/nilodude/desarrollo/picow/pico/pico-sdk/src/rp2_common/hardware_clocks/clocks.c.obj
                0x0000000010003f68                clocks_init
 .text.clock_get_hz
                0x00000000100040b0       0x24 CMakeFiles/elmio.dir/home/nilodude/desarrollo/picow/pico/pico-sdk/src/rp2_common/hardware_clocks/clocks.c.obj
                0x00000000100040b0                clock_get_hz
 .text.reset_block
                0x00000000100040d4       0x2c CMakeFiles/elmio.dir/home/nilodude/desarrollo/picow/pico/pico-sdk/src/rp2_common/hardware_pll/pll.c.obj
 .text.unreset_block_wait
                0x0000000010004100       0x3c CMakeFiles/elmio.dir/home/nilodude/desarrollo/picow/pico/pico-sdk/src/rp2_common/hardware_pll/pll.c.obj
 .text.pll_init
                0x000000001000413c      0x180 CMakeFiles/elmio.dir/home/nilodude/desarrollo/picow/pico/pico-sdk/src/rp2_common/hardware_pll/pll.c.obj
                0x000000001000413c                pll_init
 .text.watchdog_start_tick
                0x00000000100042bc       0x20 CMakeFiles/elmio.dir/home/nilodude/desarrollo/picow/pico/pico-sdk/src/rp2_common/hardware_watchdog/watchdog.c.obj
                0x00000000100042bc                watchdog_start_tick
 .text.watchdog_update
                0x00000000100042dc       0x1c CMakeFiles/elmio.dir/home/nilodude/desarrollo/picow/pico/pico-sdk/src/rp2_common/hardware_watchdog/watchdog.c.obj
                0x00000000100042dc                watchdog_update
 .text._watchdog_enable
                0x00000000100042f8       0xf4 CMakeFiles/elmio.dir/home/nilodude/desarrollo/picow/pico/pico-sdk/src/rp2_common/hardware_watchdog/watchdog.c.obj
                0x00000000100042f8                _watchdog_enable
 .text.watchdog_reboot
                0x00000000100043ec       0x74 CMakeFiles/elmio.dir/home/nilodude/desarrollo/picow/pico/pico-sdk/src/rp2_common/hardware_watchdog/watchdog.c.obj
                0x00000000100043ec                watchdog_reboot
 .text.xosc_init
                0x0000000010004460       0x48 CMakeFiles/elmio.dir/home/nilodude/desarrollo/picow/pico/pico-sdk/src/rp2_common/hardware_xosc/xosc.c.obj
                0x0000000010004460                xosc_init
 .text.__breakpoint
                0x00000000100044a8        0xc CMakeFiles/elmio.dir/home/nilodude/desarrollo/picow/pico/pico-sdk/src/rp2_common/pico_runtime/runtime.c.obj
 .text.reset_block
                0x00000000100044b4       0x2c CMakeFiles/elmio.dir/home/nilodude/desarrollo/picow/pico/pico-sdk/src/rp2_common/pico_runtime/runtime.c.obj
 .text.unreset_block_wait
                0x00000000100044e0       0x3c CMakeFiles/elmio.dir/home/nilodude/desarrollo/picow/pico/pico-sdk/src/rp2_common/pico_runtime/runtime.c.obj
 .text.runtime_init
                0x000000001000451c      0x138 CMakeFiles/elmio.dir/home/nilodude/desarrollo/picow/pico/pico-sdk/src/rp2_common/pico_runtime/runtime.c.obj
                0x000000001000451c                runtime_init
 .text._exit    0x0000000010004654        0xe CMakeFiles/elmio.dir/home/nilodude/desarrollo/picow/pico/pico-sdk/src/rp2_common/pico_runtime/runtime.c.obj
                0x0000000010004654                _exit
 *fill*         0x0000000010004662        0x2 
 .text._sbrk    0x0000000010004664       0x58 CMakeFiles/elmio.dir/home/nilodude/desarrollo/picow/pico/pico-sdk/src/rp2_common/pico_runtime/runtime.c.obj
                0x0000000010004664                _sbrk
 .text._getpid  0x00000000100046bc        0xc CMakeFiles/elmio.dir/home/nilodude/desarrollo/picow/pico/pico-sdk/src/rp2_common/pico_runtime/runtime.c.obj
                0x00000000100046bc                _getpid
 .text._kill    0x00000000100046c8       0x16 CMakeFiles/elmio.dir/home/nilodude/desarrollo/picow/pico/pico-sdk/src/rp2_common/pico_runtime/runtime.c.obj
                0x00000000100046c8                _kill
 .text.exit     0x00000000100046de       0x10 CMakeFiles/elmio.dir/home/nilodude/desarrollo/picow/pico/pico-sdk/src/rp2_common/pico_runtime/runtime.c.obj
                0x00000000100046de                exit
 *fill*         0x00000000100046ee        0x2 
 .text.__assert_func
                0x00000000100046f0       0x4c CMakeFiles/elmio.dir/home/nilodude/desarrollo/picow/pico/pico-sdk/src/rp2_common/pico_runtime/runtime.c.obj
                0x00000000100046f0                __assert_func
 .text.panic    0x000000001000473c       0x40 CMakeFiles/elmio.dir/home/nilodude/desarrollo/picow/pico/pico-sdk/src/rp2_common/pico_runtime/runtime.c.obj
                0x000000001000473c                panic
 .text._out_null
                0x000000001000477c       0x1c CMakeFiles/elmio.dir/home/nilodude/desarrollo/picow/pico/pico-sdk/src/rp2_common/pico_printf/printf.c.obj
 .text._out_fct
                0x0000000010004798       0x36 CMakeFiles/elmio.dir/home/nilodude/desarrollo/picow/pico/pico-sdk/src/rp2_common/pico_printf/printf.c.obj
 .text._strnlen_s
                0x00000000100047ce       0x36 CMakeFiles/elmio.dir/home/nilodude/desarrollo/picow/pico/pico-sdk/src/rp2_common/pico_printf/printf.c.obj
 .text._is_digit
                0x0000000010004804       0x32 CMakeFiles/elmio.dir/home/nilodude/desarrollo/picow/pico/pico-sdk/src/rp2_common/pico_printf/printf.c.obj
 .text._atoi    0x0000000010004836       0x46 CMakeFiles/elmio.dir/home/nilodude/desarrollo/picow/pico/pico-sdk/src/rp2_common/pico_printf/printf.c.obj
 .text._out_rev
                0x000000001000487c       0x9a CMakeFiles/elmio.dir/home/nilodude/desarrollo/picow/pico/pico-sdk/src/rp2_common/pico_printf/printf.c.obj
 .text._ntoa_format
                0x0000000010004916      0x1ac CMakeFiles/elmio.dir/home/nilodude/desarrollo/picow/pico/pico-sdk/src/rp2_common/pico_printf/printf.c.obj
 .text._ntoa_long
                0x0000000010004ac2       0xd2 CMakeFiles/elmio.dir/home/nilodude/desarrollo/picow/pico/pico-sdk/src/rp2_common/pico_printf/printf.c.obj
 .text._ntoa_long_long
                0x0000000010004b94       0xe6 CMakeFiles/elmio.dir/home/nilodude/desarrollo/picow/pico/pico-sdk/src/rp2_common/pico_printf/printf.c.obj
 *fill*         0x0000000010004c7a        0x2 
 .text._ftoa    0x0000000010004c7c      0x494 CMakeFiles/elmio.dir/home/nilodude/desarrollo/picow/pico/pico-sdk/src/rp2_common/pico_printf/printf.c.obj
 .text._etoa    0x0000000010005110      0x594 CMakeFiles/elmio.dir/home/nilodude/desarrollo/picow/pico/pico-sdk/src/rp2_common/pico_printf/printf.c.obj
 .text._vsnprintf
                0x00000000100056a4      0x8a0 CMakeFiles/elmio.dir/home/nilodude/desarrollo/picow/pico/pico-sdk/src/rp2_common/pico_printf/printf.c.obj
 .text.vfctprintf
                0x0000000010005f44       0x40 CMakeFiles/elmio.dir/home/nilodude/desarrollo/picow/pico/pico-sdk/src/rp2_common/pico_printf/printf.c.obj
                0x0000000010005f44                vfctprintf
 .text          0x0000000010005f84       0x10 CMakeFiles/elmio.dir/home/nilodude/desarrollo/picow/pico/pico-sdk/src/rp2_common/pico_bit_ops/bit_ops_aeabi.S.obj
 .text.rom_func_lookup
                0x0000000010005f94       0x2c CMakeFiles/elmio.dir/home/nilodude/desarrollo/picow/pico/pico-sdk/src/rp2_common/pico_bootrom/bootrom.c.obj
                0x0000000010005f94                rom_func_lookup
 .text.rom_data_lookup
                0x0000000010005fc0       0x28 CMakeFiles/elmio.dir/home/nilodude/desarrollo/picow/pico/pico-sdk/src/rp2_common/pico_bootrom/bootrom.c.obj
                0x0000000010005fc0                rom_data_lookup
 .text.rom_funcs_lookup
                0x0000000010005fe8       0x68 CMakeFiles/elmio.dir/home/nilodude/desarrollo/picow/pico/pico-sdk/src/rp2_common/pico_bootrom/bootrom.c.obj
                0x0000000010005fe8                rom_funcs_lookup
 .text.__wrap___aeabi_idiv
                0x0000000010006050       0x50 CMakeFiles/elmio.dir/home/nilodude/desarrollo/picow/pico/pico-sdk/src/rp2_common/pico_divider/divider.S.obj
                0x0000000010006050                __wrap___aeabi_idivmod
                0x0000000010006050                divmod_s32s32
                0x0000000010006050                div_s32s32
                0x0000000010006050                __wrap___aeabi_idiv
                0x0000000010006058                divmod_s32s32_unsafe
                0x0000000010006084                divmod_s32s32_savestate
 .text.__wrap___aeabi_uidiv
                0x00000000100060a0       0x4c CMakeFiles/elmio.dir/home/nilodude/desarrollo/picow/pico/pico-sdk/src/rp2_common/pico_divider/divider.S.obj
                0x00000000100060a0                __wrap___aeabi_uidiv
                0x00000000100060a0                __wrap___aeabi_uidivmod
                0x00000000100060a0                div_u32u32
                0x00000000100060a0                divmod_u32u32
                0x00000000100060a8                divmod_u32u32_unsafe
                0x00000000100060d0                divmod_u32u32_savestate
 .text.__wrap___aeabi_ldiv
                0x00000000100060ec      0x424 CMakeFiles/elmio.dir/home/nilodude/desarrollo/picow/pico/pico-sdk/src/rp2_common/pico_divider/divider.S.obj
                0x00000000100060ec                div_s64s64
                0x00000000100060ec                divmod_s64s64
                0x00000000100060ec                __wrap___aeabi_ldivmod
                0x000000001000611c                div_u64u64
                0x000000001000611c                divmod_u64u64
                0x000000001000611c                __wrap___aeabi_uldivmod
                0x000000001000612c                divmod_u64u64_savestate
                0x000000001000614c                divmod_s64s64_unsafe
                0x00000000100061d4                divmod_u64u64_unsafe
 .text.__wrap___aeabi_darithmetic
                0x0000000010006510       0x80 CMakeFiles/elmio.dir/home/nilodude/desarrollo/picow/pico/pico-sdk/src/rp2_common/pico_double/double_aeabi.S.obj
                0x0000000010006510                __wrap___aeabi_drsub
                0x0000000010006516                __wrap___aeabi_dsub
                0x0000000010006528                __wrap___aeabi_dadd
                0x000000001000653a                __wrap___aeabi_ddiv
                0x0000000010006576                __wrap___aeabi_dmul
 .text.__wrap___aeabi_cdcmple
                0x0000000010006590       0x6c CMakeFiles/elmio.dir/home/nilodude/desarrollo/picow/pico/pico-sdk/src/rp2_common/pico_double/double_aeabi.S.obj
                0x0000000010006590                __wrap___aeabi_cdrcmple
                0x00000000100065a0                __wrap___aeabi_cdcmple
                0x00000000100065a0                __wrap___aeabi_cdcmpeq
 .text.__wrap___aeabi_dcmplt
                0x00000000100065fc        0xc CMakeFiles/elmio.dir/home/nilodude/desarrollo/picow/pico/pico-sdk/src/rp2_common/pico_double/double_aeabi.S.obj
                0x00000000100065fc                __wrap___aeabi_dcmplt
 .text.__wrap___aeabi_dcmpge
                0x0000000010006608       0x10 CMakeFiles/elmio.dir/home/nilodude/desarrollo/picow/pico/pico-sdk/src/rp2_common/pico_double/double_aeabi.S.obj
                0x0000000010006608                __wrap___aeabi_dcmpge
 .text.__wrap___aeabi_dcmpgt
                0x0000000010006618        0xa CMakeFiles/elmio.dir/home/nilodude/desarrollo/picow/pico/pico-sdk/src/rp2_common/pico_double/double_aeabi.S.obj
                0x0000000010006618                __wrap___aeabi_dcmpgt
 .text.__wrap___aeabi_dcmpun
                0x0000000010006622       0x1c CMakeFiles/elmio.dir/home/nilodude/desarrollo/picow/pico/pico-sdk/src/rp2_common/pico_double/double_aeabi.S.obj
                0x0000000010006622                __wrap___aeabi_dcmpun
 *fill*         0x000000001000663e        0x2 
 .text.__wrap___aeabi_i2d
                0x0000000010006640       0x38 CMakeFiles/elmio.dir/home/nilodude/desarrollo/picow/pico/pico-sdk/src/rp2_common/pico_double/double_aeabi.S.obj
                0x0000000010006640                __wrap___aeabi_ui2d
                0x0000000010006648                __wrap___aeabi_i2d
 .text.__wrap___aeabi_d2iz
                0x0000000010006678       0x48 CMakeFiles/elmio.dir/home/nilodude/desarrollo/picow/pico/pico-sdk/src/rp2_common/pico_double/double_aeabi.S.obj
                0x0000000010006678                __wrap___aeabi_d2iz
                0x0000000010006678                double2int_z
 .text.__wrap___aeabi_d2uiz
                0x00000000100066c0       0x18 CMakeFiles/elmio.dir/home/nilodude/desarrollo/picow/pico/pico-sdk/src/rp2_common/pico_double/double_aeabi.S.obj
                0x00000000100066c0                double2uint
                0x00000000100066c0                __wrap___aeabi_d2uiz
 .text.rp2040_rom_version
                0x00000000100066d8        0xe CMakeFiles/elmio.dir/home/nilodude/desarrollo/picow/pico/pico-sdk/src/rp2_common/pico_double/double_init_rom.c.obj
 .text.rom_table_code
                0x00000000100066e6       0x26 CMakeFiles/elmio.dir/home/nilodude/desarrollo/picow/pico/pico-sdk/src/rp2_common/pico_double/double_init_rom.c.obj
 .text.__aeabi_double_init
                0x000000001000670c       0xfc CMakeFiles/elmio.dir/home/nilodude/desarrollo/picow/pico/pico-sdk/src/rp2_common/pico_double/double_init_rom.c.obj
                0x000000001000670c                __aeabi_double_init
 .text.double_table_shim_on_use_helper
                0x0000000010006808       0x2c CMakeFiles/elmio.dir/home/nilodude/desarrollo/picow/pico/pico-sdk/src/rp2_common/pico_double/double_v1_rom_shim.S.obj
                0x0000000010006808                double_table_shim_on_use_helper
 .text.__wrap___aeabi_dsub
                0x0000000010006834       0x10 CMakeFiles/elmio.dir/home/nilodude/desarrollo/picow/pico/pico-sdk/src/rp2_common/pico_double/double_v1_rom_shim.S.obj
                0x0000000010006834                drsub_shim
                0x000000001000683a                dsub_shim
 .text.dadd_shim
                0x0000000010006844      0x15c CMakeFiles/elmio.dir/home/nilodude/desarrollo/picow/pico/pico-sdk/src/rp2_common/pico_double/double_v1_rom_shim.S.obj
                0x0000000010006844                dadd_shim
 .text.dmul_shim
                0x00000000100069a0      0x15c CMakeFiles/elmio.dir/home/nilodude/desarrollo/picow/pico/pico-sdk/src/rp2_common/pico_double/double_v1_rom_shim.S.obj
                0x00000000100069a0                dmul_shim
 .text.ddiv_shim
                0x0000000010006afc      0x1b0 CMakeFiles/elmio.dir/home/nilodude/desarrollo/picow/pico/pico-sdk/src/rp2_common/pico_double/double_v1_rom_shim.S.obj
                0x0000000010006afc                ddiv_shim
 .text.double2uint_shim
                0x0000000010006cac        0xe CMakeFiles/elmio.dir/home/nilodude/desarrollo/picow/pico/pico-sdk/src/rp2_common/pico_double/double_v1_rom_shim.S.obj
                0x0000000010006cac                double2uint_shim
                0x0000000010006cae                double2ufix_shim
 *fill*         0x0000000010006cba        0x2 
 .text.double2uint64_shim
                0x0000000010006cbc       0x70 CMakeFiles/elmio.dir/home/nilodude/desarrollo/picow/pico/pico-sdk/src/rp2_common/pico_double/double_v1_rom_shim.S.obj
                0x0000000010006cbc                double2uint64_shim
                0x0000000010006cbe                double2ufix64_shim
                0x0000000010006cde                d2fix_a
 .text.dunpacks
                0x0000000010006d2c       0x3c CMakeFiles/elmio.dir/home/nilodude/desarrollo/picow/pico/pico-sdk/src/rp2_common/pico_double/double_v1_rom_shim.S.obj
                0x0000000010006d2c                dunpacks
 .text.__aeabi_lmul
                0x0000000010006d68       0x32 CMakeFiles/elmio.dir/home/nilodude/desarrollo/picow/pico/pico-sdk/src/rp2_common/pico_int64_ops/pico_int64_ops_aeabi.S.obj
                0x0000000010006d68                __wrap___aeabi_lmul
 *fill*         0x0000000010006d9a        0x2 
 .text.__wrap___aeabi_farithmetic
                0x0000000010006d9c       0x48 CMakeFiles/elmio.dir/home/nilodude/desarrollo/picow/pico/pico-sdk/src/rp2_common/pico_float/float_aeabi.S.obj
                0x0000000010006d9c                __wrap___aeabi_frsub
                0x0000000010006da2                __wrap___aeabi_fsub
                0x0000000010006da8                __wrap___aeabi_fadd
                0x0000000010006dae                __wrap___aeabi_fdiv
                0x0000000010006dd6                __wrap___aeabi_fmul
 .text.__wrap___aeabi_ui2f
                0x0000000010006de4        0xa CMakeFiles/elmio.dir/home/nilodude/desarrollo/picow/pico/pico-sdk/src/rp2_common/pico_float/float_aeabi.S.obj
                0x0000000010006de4                __wrap___aeabi_ui2f
 *fill*         0x0000000010006dee        0x2 
 .text.__wrap___aeabi_i2f
                0x0000000010006df0       0x44 CMakeFiles/elmio.dir/home/nilodude/desarrollo/picow/pico/pico-sdk/src/rp2_common/pico_float/float_aeabi.S.obj
                0x0000000010006df0                __wrap___aeabi_i2f
 .text.__wrap___aeabi_f2uiz
                0x0000000010006e34        0xc CMakeFiles/elmio.dir/home/nilodude/desarrollo/picow/pico/pico-sdk/src/rp2_common/pico_float/float_aeabi.S.obj
                0x0000000010006e34                __wrap___aeabi_f2uiz
 .text.rp2040_rom_version
                0x0000000010006e40        0xe CMakeFiles/elmio.dir/home/nilodude/desarrollo/picow/pico/pico-sdk/src/rp2_common/pico_float/float_init_rom.c.obj
 .text.rom_table_code
                0x0000000010006e4e       0x26 CMakeFiles/elmio.dir/home/nilodude/desarrollo/picow/pico/pico-sdk/src/rp2_common/pico_float/float_init_rom.c.obj
 .text.__aeabi_float_init
                0x0000000010006e74      0x130 CMakeFiles/elmio.dir/home/nilodude/desarrollo/picow/pico/pico-sdk/src/rp2_common/pico_float/float_init_rom.c.obj
                0x0000000010006e74                __aeabi_float_init
 .text.float_table_shim_on_use_helper
                0x0000000010006fa4       0x2c CMakeFiles/elmio.dir/home/nilodude/desarrollo/picow/pico/pico-sdk/src/rp2_common/pico_float/float_v1_rom_shim.S.obj
                0x0000000010006fa4                float_table_shim_on_use_helper
 .text          0x0000000010006fd0       0x10 CMakeFiles/elmio.dir/home/nilodude/desarrollo/picow/pico/pico-sdk/src/rp2_common/pico_mem_ops/mem_ops_aeabi.S.obj
                0x0000000010006fd0                __aeabi_mem_init
 .text.memset   0x0000000010006fe0        0xc CMakeFiles/elmio.dir/home/nilodude/desarrollo/picow/pico/pico-sdk/src/rp2_common/pico_mem_ops/mem_ops_aeabi.S.obj
                0x0000000010006fe0                __wrap_memset
 .text.memcpy   0x0000000010006fec        0xc CMakeFiles/elmio.dir/home/nilodude/desarrollo/picow/pico/pico-sdk/src/rp2_common/pico_mem_ops/mem_ops_aeabi.S.obj
                0x0000000010006fec                __wrap___aeabi_memcpy
                0x0000000010006fec                __wrap_memcpy
 .text.to_us_since_boot
                0x0000000010006ff8       0x18 CMakeFiles/elmio.dir/home/nilodude/desarrollo/picow/pico/pico-sdk/src/rp2_common/pico_stdio/stdio.c.obj
 .text.update_us_since_boot
                0x0000000010007010       0x40 CMakeFiles/elmio.dir/home/nilodude/desarrollo/picow/pico/pico-sdk/src/rp2_common/pico_stdio/stdio.c.obj
 .text.get_absolute_time
                0x0000000010007050       0x2c CMakeFiles/elmio.dir/home/nilodude/desarrollo/picow/pico/pico-sdk/src/rp2_common/pico_stdio/stdio.c.obj
 .text.delayed_by_ms
                0x000000001000707c       0x80 CMakeFiles/elmio.dir/home/nilodude/desarrollo/picow/pico/pico-sdk/src/rp2_common/pico_stdio/stdio.c.obj
 .text.make_timeout_time_ms
                0x00000000100070fc       0x2a CMakeFiles/elmio.dir/home/nilodude/desarrollo/picow/pico/pico-sdk/src/rp2_common/pico_stdio/stdio.c.obj
 *fill*         0x0000000010007126        0x2 
 .text.stdout_serialize_begin
                0x0000000010007128       0x30 CMakeFiles/elmio.dir/home/nilodude/desarrollo/picow/pico/pico-sdk/src/rp2_common/pico_stdio/stdio.c.obj
                0x0000000010007128                stdout_serialize_begin
 .text.stdout_serialize_end
                0x0000000010007158       0x18 CMakeFiles/elmio.dir/home/nilodude/desarrollo/picow/pico/pico-sdk/src/rp2_common/pico_stdio/stdio.c.obj
                0x0000000010007158                stdout_serialize_end
 .text.stdio_out_chars_no_crlf
                0x0000000010007170       0x20 CMakeFiles/elmio.dir/home/nilodude/desarrollo/picow/pico/pico-sdk/src/rp2_common/pico_stdio/stdio.c.obj
 .text.stdio_out_chars_crlf
                0x0000000010007190       0xf4 CMakeFiles/elmio.dir/home/nilodude/desarrollo/picow/pico/pico-sdk/src/rp2_common/pico_stdio/stdio.c.obj
 .text.stdio_put_string
                0x0000000010007284       0xcc CMakeFiles/elmio.dir/home/nilodude/desarrollo/picow/pico/pico-sdk/src/rp2_common/pico_stdio/stdio.c.obj
 .text.__wrap_puts
                0x0000000010007350       0x2e CMakeFiles/elmio.dir/home/nilodude/desarrollo/picow/pico/pico-sdk/src/rp2_common/pico_stdio/stdio.c.obj
                0x0000000010007350                __wrap_puts
 *fill*         0x000000001000737e        0x2 
 .text.stdio_set_driver_enabled
                0x0000000010007380       0x68 CMakeFiles/elmio.dir/home/nilodude/desarrollo/picow/pico/pico-sdk/src/rp2_common/pico_stdio/stdio.c.obj
                0x0000000010007380                stdio_set_driver_enabled
 .text.stdio_flush
                0x00000000100073e8       0x38 CMakeFiles/elmio.dir/home/nilodude/desarrollo/picow/pico/pico-sdk/src/rp2_common/pico_stdio/stdio.c.obj
                0x00000000100073e8                stdio_flush
 .text.stdio_stack_buffer_flush
                0x0000000010007420       0x6c CMakeFiles/elmio.dir/home/nilodude/desarrollo/picow/pico/pico-sdk/src/rp2_common/pico_stdio/stdio.c.obj
 .text.stdio_buffered_printer
                0x000000001000748c       0x3e CMakeFiles/elmio.dir/home/nilodude/desarrollo/picow/pico/pico-sdk/src/rp2_common/pico_stdio/stdio.c.obj
 *fill*         0x00000000100074ca        0x2 
 .text.__wrap_vprintf
                0x00000000100074cc       0x5c CMakeFiles/elmio.dir/home/nilodude/desarrollo/picow/pico/pico-sdk/src/rp2_common/pico_stdio/stdio.c.obj
                0x00000000100074cc                __wrap_vprintf
 .text.__wrap_printf
                0x0000000010007528       0x2e CMakeFiles/elmio.dir/home/nilodude/desarrollo/picow/pico/pico-sdk/src/rp2_common/pico_stdio/stdio.c.obj
                0x0000000010007528                __wrap_printf
 .text.stdio_init_all
                0x0000000010007556       0x3c CMakeFiles/elmio.dir/home/nilodude/desarrollo/picow/pico/pico-sdk/src/rp2_common/pico_stdio/stdio.c.obj
                0x0000000010007556                stdio_init_all
 *fill*         0x0000000010007592        0x2 
 .text.uart_get_index
                0x0000000010007594       0x24 CMakeFiles/elmio.dir/home/nilodude/desarrollo/picow/pico/pico-sdk/src/rp2_common/pico_stdio_uart/stdio_uart.c.obj
 .text.uart_get_hw
                0x00000000100075b8       0x1a CMakeFiles/elmio.dir/home/nilodude/desarrollo/picow/pico/pico-sdk/src/rp2_common/pico_stdio_uart/stdio_uart.c.obj
 .text.uart_set_irq_enables
                0x00000000100075d2       0xde CMakeFiles/elmio.dir/home/nilodude/desarrollo/picow/pico/pico-sdk/src/rp2_common/pico_stdio_uart/stdio_uart.c.obj
 .text.uart_is_writable
                0x00000000100076b0       0x26 CMakeFiles/elmio.dir/home/nilodude/desarrollo/picow/pico/pico-sdk/src/rp2_common/pico_stdio_uart/stdio_uart.c.obj
 .text.uart_is_readable
                0x00000000100076d6       0x26 CMakeFiles/elmio.dir/home/nilodude/desarrollo/picow/pico/pico-sdk/src/rp2_common/pico_stdio_uart/stdio_uart.c.obj
 .text.uart_write_blocking
                0x00000000100076fc       0x58 CMakeFiles/elmio.dir/home/nilodude/desarrollo/picow/pico/pico-sdk/src/rp2_common/pico_stdio_uart/stdio_uart.c.obj
 .text.uart_read_blocking
                0x0000000010007754       0x58 CMakeFiles/elmio.dir/home/nilodude/desarrollo/picow/pico/pico-sdk/src/rp2_common/pico_stdio_uart/stdio_uart.c.obj
 .text.uart_putc_raw
                0x00000000100077ac       0x22 CMakeFiles/elmio.dir/home/nilodude/desarrollo/picow/pico/pico-sdk/src/rp2_common/pico_stdio_uart/stdio_uart.c.obj
 *fill*         0x00000000100077ce        0x2 
 .text.uart_putc
                0x00000000100077d0       0x4c CMakeFiles/elmio.dir/home/nilodude/desarrollo/picow/pico/pico-sdk/src/rp2_common/pico_stdio_uart/stdio_uart.c.obj
 .text.uart_getc
                0x000000001000781c       0x22 CMakeFiles/elmio.dir/home/nilodude/desarrollo/picow/pico/pico-sdk/src/rp2_common/pico_stdio_uart/stdio_uart.c.obj
 *fill*         0x000000001000783e        0x2 
 .text.stdio_uart_init
                0x0000000010007840       0x44 CMakeFiles/elmio.dir/home/nilodude/desarrollo/picow/pico/pico-sdk/src/rp2_common/pico_stdio_uart/stdio_uart.c.obj
                0x0000000010007840                stdio_uart_init
 .text.stdio_uart_init_full
                0x0000000010007884       0x5c CMakeFiles/elmio.dir/home/nilodude/desarrollo/picow/pico/pico-sdk/src/rp2_common/pico_stdio_uart/stdio_uart.c.obj
                0x0000000010007884                stdio_uart_init_full
 .text.stdio_uart_out_chars
                0x00000000100078e0       0x40 CMakeFiles/elmio.dir/home/nilodude/desarrollo/picow/pico/pico-sdk/src/rp2_common/pico_stdio_uart/stdio_uart.c.obj
 .text.stdio_uart_in_chars
                0x0000000010007920       0x74 CMakeFiles/elmio.dir/home/nilodude/desarrollo/picow/pico/pico-sdk/src/rp2_common/pico_stdio_uart/stdio_uart.c.obj
                0x0000000010007920                stdio_uart_in_chars
 .text.on_uart_rx
                0x0000000010007994       0x38 CMakeFiles/elmio.dir/home/nilodude/desarrollo/picow/pico/pico-sdk/src/rp2_common/pico_stdio_uart/stdio_uart.c.obj
 .text.stdio_uart_set_chars_available_callback
                0x00000000100079cc       0xa4 CMakeFiles/elmio.dir/home/nilodude/desarrollo/picow/pico/pico-sdk/src/rp2_common/pico_stdio_uart/stdio_uart.c.obj
 .text.reset_usb_boot
                0x0000000010007a70       0x24 CMakeFiles/elmio.dir/home/nilodude/desarrollo/picow/pico/pico-sdk/src/rp2_common/pico_stdio_usb/reset_interface.c.obj
 .text.resetd_init
                0x0000000010007a94        0xa CMakeFiles/elmio.dir/home/nilodude/desarrollo/picow/pico/pico-sdk/src/rp2_common/pico_stdio_usb/reset_interface.c.obj
 *fill*         0x0000000010007a9e        0x2 
 .text.resetd_reset
                0x0000000010007aa0       0x20 CMakeFiles/elmio.dir/home/nilodude/desarrollo/picow/pico/pico-sdk/src/rp2_common/pico_stdio_usb/reset_interface.c.obj
 .text.resetd_open
                0x0000000010007ac0       0x64 CMakeFiles/elmio.dir/home/nilodude/desarrollo/picow/pico/pico-sdk/src/rp2_common/pico_stdio_usb/reset_interface.c.obj
 .text.resetd_control_xfer_cb
                0x0000000010007b24       0xb0 CMakeFiles/elmio.dir/home/nilodude/desarrollo/picow/pico/pico-sdk/src/rp2_common/pico_stdio_usb/reset_interface.c.obj
 .text.resetd_xfer_cb
                0x0000000010007bd4       0x2a CMakeFiles/elmio.dir/home/nilodude/desarrollo/picow/pico/pico-sdk/src/rp2_common/pico_stdio_usb/reset_interface.c.obj
 *fill*         0x0000000010007bfe        0x2 
 .text.usbd_app_driver_get_cb
                0x0000000010007c00       0x1c CMakeFiles/elmio.dir/home/nilodude/desarrollo/picow/pico/pico-sdk/src/rp2_common/pico_stdio_usb/reset_interface.c.obj
                0x0000000010007c00                usbd_app_driver_get_cb
 .text.tud_cdc_line_coding_cb
                0x0000000010007c1c       0x44 CMakeFiles/elmio.dir/home/nilodude/desarrollo/picow/pico/pico-sdk/src/rp2_common/pico_stdio_usb/reset_interface.c.obj
                0x0000000010007c1c                tud_cdc_line_coding_cb
 .text.to_us_since_boot
                0x0000000010007c60       0x18 CMakeFiles/elmio.dir/home/nilodude/desarrollo/picow/pico/pico-sdk/src/rp2_common/pico_stdio_usb/stdio_usb.c.obj
 .text.update_us_since_boot
                0x0000000010007c78       0x40 CMakeFiles/elmio.dir/home/nilodude/desarrollo/picow/pico/pico-sdk/src/rp2_common/pico_stdio_usb/stdio_usb.c.obj
 .text.get_absolute_time
                0x0000000010007cb8       0x2c CMakeFiles/elmio.dir/home/nilodude/desarrollo/picow/pico/pico-sdk/src/rp2_common/pico_stdio_usb/stdio_usb.c.obj
 .text.delayed_by_us
                0x0000000010007ce4       0x68 CMakeFiles/elmio.dir/home/nilodude/desarrollo/picow/pico/pico-sdk/src/rp2_common/pico_stdio_usb/stdio_usb.c.obj
 .text.delayed_by_ms
                0x0000000010007d4c       0x80 CMakeFiles/elmio.dir/home/nilodude/desarrollo/picow/pico/pico-sdk/src/rp2_common/pico_stdio_usb/stdio_usb.c.obj
 .text.make_timeout_time_ms
                0x0000000010007dcc       0x2a CMakeFiles/elmio.dir/home/nilodude/desarrollo/picow/pico/pico-sdk/src/rp2_common/pico_stdio_usb/stdio_usb.c.obj
 .text.alarm_pool_add_alarm_in_us
                0x0000000010007df6       0x54 CMakeFiles/elmio.dir/home/nilodude/desarrollo/picow/pico/pico-sdk/src/rp2_common/pico_stdio_usb/stdio_usb.c.obj
 .text.add_alarm_in_us
                0x0000000010007e4a       0x34 CMakeFiles/elmio.dir/home/nilodude/desarrollo/picow/pico/pico-sdk/src/rp2_common/pico_stdio_usb/stdio_usb.c.obj
 .text.critical_section_enter_blocking
                0x0000000010007e7e       0x46 CMakeFiles/elmio.dir/home/nilodude/desarrollo/picow/pico/pico-sdk/src/rp2_common/pico_stdio_usb/stdio_usb.c.obj
 .text.critical_section_exit
                0x0000000010007ec4       0x3e CMakeFiles/elmio.dir/home/nilodude/desarrollo/picow/pico/pico-sdk/src/rp2_common/pico_stdio_usb/stdio_usb.c.obj
 .text.critical_section_is_initialized
                0x0000000010007f02       0x1a CMakeFiles/elmio.dir/home/nilodude/desarrollo/picow/pico/pico-sdk/src/rp2_common/pico_stdio_usb/stdio_usb.c.obj
 .text.tud_cdc_connected
                0x0000000010007f1c       0x12 CMakeFiles/elmio.dir/home/nilodude/desarrollo/picow/pico/pico-sdk/src/rp2_common/pico_stdio_usb/stdio_usb.c.obj
 .text.tud_cdc_available
                0x0000000010007f2e       0x12 CMakeFiles/elmio.dir/home/nilodude/desarrollo/picow/pico/pico-sdk/src/rp2_common/pico_stdio_usb/stdio_usb.c.obj
 .text.tud_cdc_read
                0x0000000010007f40       0x20 CMakeFiles/elmio.dir/home/nilodude/desarrollo/picow/pico/pico-sdk/src/rp2_common/pico_stdio_usb/stdio_usb.c.obj
 .text.tud_cdc_write
                0x0000000010007f60       0x20 CMakeFiles/elmio.dir/home/nilodude/desarrollo/picow/pico/pico-sdk/src/rp2_common/pico_stdio_usb/stdio_usb.c.obj
 .text.tud_cdc_write_flush
                0x0000000010007f80       0x12 CMakeFiles/elmio.dir/home/nilodude/desarrollo/picow/pico/pico-sdk/src/rp2_common/pico_stdio_usb/stdio_usb.c.obj
 .text.tud_cdc_write_available
                0x0000000010007f92       0x12 CMakeFiles/elmio.dir/home/nilodude/desarrollo/picow/pico/pico-sdk/src/rp2_common/pico_stdio_usb/stdio_usb.c.obj
 .text.timer_task
                0x0000000010007fa4       0x64 CMakeFiles/elmio.dir/home/nilodude/desarrollo/picow/pico/pico-sdk/src/rp2_common/pico_stdio_usb/stdio_usb.c.obj
 .text.low_priority_worker_irq
                0x0000000010008008       0xa0 CMakeFiles/elmio.dir/home/nilodude/desarrollo/picow/pico/pico-sdk/src/rp2_common/pico_stdio_usb/stdio_usb.c.obj
 .text.usb_irq  0x00000000100080a8       0x18 CMakeFiles/elmio.dir/home/nilodude/desarrollo/picow/pico/pico-sdk/src/rp2_common/pico_stdio_usb/stdio_usb.c.obj
 .text.stdio_usb_out_chars
                0x00000000100080c0      0x120 CMakeFiles/elmio.dir/home/nilodude/desarrollo/picow/pico/pico-sdk/src/rp2_common/pico_stdio_usb/stdio_usb.c.obj
 .text.stdio_usb_in_chars
                0x00000000100081e0       0xa8 CMakeFiles/elmio.dir/home/nilodude/desarrollo/picow/pico/pico-sdk/src/rp2_common/pico_stdio_usb/stdio_usb.c.obj
                0x00000000100081e0                stdio_usb_in_chars
 .text.tud_cdc_rx_cb
                0x0000000010008288       0x34 CMakeFiles/elmio.dir/home/nilodude/desarrollo/picow/pico/pico-sdk/src/rp2_common/pico_stdio_usb/stdio_usb.c.obj
                0x0000000010008288                tud_cdc_rx_cb
 .text.stdio_usb_set_chars_available_callback
                0x00000000100082bc       0x28 CMakeFiles/elmio.dir/home/nilodude/desarrollo/picow/pico/pico-sdk/src/rp2_common/pico_stdio_usb/stdio_usb.c.obj
                0x00000000100082bc                stdio_usb_set_chars_available_callback
 .text.stdio_usb_init
                0x00000000100082e4      0x104 CMakeFiles/elmio.dir/home/nilodude/desarrollo/picow/pico/pico-sdk/src/rp2_common/pico_stdio_usb/stdio_usb.c.obj
                0x00000000100082e4                stdio_usb_init
 .text.stdio_usb_connected
                0x00000000100083e8       0x10 CMakeFiles/elmio.dir/home/nilodude/desarrollo/picow/pico/pico-sdk/src/rp2_common/pico_stdio_usb/stdio_usb.c.obj
                0x00000000100083e8                stdio_usb_connected
 .text.tud_descriptor_device_cb
                0x00000000100083f8       0x10 CMakeFiles/elmio.dir/home/nilodude/desarrollo/picow/pico/pico-sdk/src/rp2_common/pico_stdio_usb/stdio_usb_descriptors.c.obj
                0x00000000100083f8                tud_descriptor_device_cb
 .text.tud_descriptor_configuration_cb
                0x0000000010008408       0x1c CMakeFiles/elmio.dir/home/nilodude/desarrollo/picow/pico/pico-sdk/src/rp2_common/pico_stdio_usb/stdio_usb_descriptors.c.obj
                0x0000000010008408                tud_descriptor_configuration_cb
 .text.tud_descriptor_string_cb
                0x0000000010008424       0xd4 CMakeFiles/elmio.dir/home/nilodude/desarrollo/picow/pico/pico-sdk/src/rp2_common/pico_stdio_usb/stdio_usb_descriptors.c.obj
                0x0000000010008424                tud_descriptor_string_cb
 .text._retrieve_unique_id_on_boot
                0x00000000100084f8       0x18 CMakeFiles/elmio.dir/home/nilodude/desarrollo/picow/pico/pico-sdk/src/rp2_common/pico_unique_id/unique_id.c.obj
 .text.pico_get_unique_board_id_string
                0x0000000010008510       0x9c CMakeFiles/elmio.dir/home/nilodude/desarrollo/picow/pico/pico-sdk/src/rp2_common/pico_unique_id/unique_id.c.obj
                0x0000000010008510                pico_get_unique_board_id_string
 .text.flash_get_unique_id
                0x00000000100085ac       0x70 CMakeFiles/elmio.dir/home/nilodude/desarrollo/picow/pico/pico-sdk/src/rp2_common/hardware_flash/flash.c.obj
                0x00000000100085ac                flash_get_unique_id
 .text.time_us_32
                0x000000001000861c       0x14 CMakeFiles/elmio.dir/home/nilodude/desarrollo/picow/pico/pico-sdk/lib/tinyusb/src/portable/raspberrypi/rp2040/dcd_rp2040.c.obj
 .text.hw_data_offset
                0x0000000010008630       0x1c CMakeFiles/elmio.dir/home/nilodude/desarrollo/picow/pico/pico-sdk/lib/tinyusb/src/portable/raspberrypi/rp2040/dcd_rp2040.c.obj
 .text.dcd_event_sof
                0x000000001000864c       0x52 CMakeFiles/elmio.dir/home/nilodude/desarrollo/picow/pico/pico-sdk/lib/tinyusb/src/portable/raspberrypi/rp2040/dcd_rp2040.c.obj
 *fill*         0x000000001000869e        0x2 
 .text.hw_endpoint_get_by_addr
                0x00000000100086a0       0x70 CMakeFiles/elmio.dir/home/nilodude/desarrollo/picow/pico/pico-sdk/lib/tinyusb/src/portable/raspberrypi/rp2040/dcd_rp2040.c.obj
 .text._hw_endpoint_alloc
                0x0000000010008710       0xcc CMakeFiles/elmio.dir/home/nilodude/desarrollo/picow/pico/pico-sdk/lib/tinyusb/src/portable/raspberrypi/rp2040/dcd_rp2040.c.obj
 .text.hw_endpoint_init
                0x00000000100087dc      0x128 CMakeFiles/elmio.dir/home/nilodude/desarrollo/picow/pico/pico-sdk/lib/tinyusb/src/portable/raspberrypi/rp2040/dcd_rp2040.c.obj
 .text.hw_endpoint_xfer
                0x0000000010008904       0x3a CMakeFiles/elmio.dir/home/nilodude/desarrollo/picow/pico/pico-sdk/lib/tinyusb/src/portable/raspberrypi/rp2040/dcd_rp2040.c.obj
 *fill*         0x000000001000893e        0x2 
 .text.dcd_init
                0x0000000010008940       0xa0 CMakeFiles/elmio.dir/home/nilodude/desarrollo/picow/pico/pico-sdk/lib/tinyusb/src/portable/raspberrypi/rp2040/dcd_rp2040.c.obj
                0x0000000010008940                dcd_init
 .text.dcd_int_enable
                0x00000000100089e0       0x40 CMakeFiles/elmio.dir/home/nilodude/desarrollo/picow/pico/pico-sdk/lib/tinyusb/src/portable/raspberrypi/rp2040/dcd_rp2040.c.obj
                0x00000000100089e0                dcd_int_enable
 .text.dcd_set_address
                0x0000000010008a20       0x48 CMakeFiles/elmio.dir/home/nilodude/desarrollo/picow/pico/pico-sdk/lib/tinyusb/src/portable/raspberrypi/rp2040/dcd_rp2040.c.obj
                0x0000000010008a20                dcd_set_address
 .text.dcd_connect
                0x0000000010008a68       0x20 CMakeFiles/elmio.dir/home/nilodude/desarrollo/picow/pico/pico-sdk/lib/tinyusb/src/portable/raspberrypi/rp2040/dcd_rp2040.c.obj
                0x0000000010008a68                dcd_connect
 .text.dcd_edpt0_status_complete
                0x0000000010008a88       0x50 CMakeFiles/elmio.dir/home/nilodude/desarrollo/picow/pico/pico-sdk/lib/tinyusb/src/portable/raspberrypi/rp2040/dcd_rp2040.c.obj
                0x0000000010008a88                dcd_edpt0_status_complete
 .text.dcd_edpt_open
                0x0000000010008ad8       0x64 CMakeFiles/elmio.dir/home/nilodude/desarrollo/picow/pico/pico-sdk/lib/tinyusb/src/portable/raspberrypi/rp2040/dcd_rp2040.c.obj
                0x0000000010008ad8                dcd_edpt_open
 .text.dcd_edpt_close_all
                0x0000000010008b3c       0x18 CMakeFiles/elmio.dir/home/nilodude/desarrollo/picow/pico/pico-sdk/lib/tinyusb/src/portable/raspberrypi/rp2040/dcd_rp2040.c.obj
                0x0000000010008b3c                dcd_edpt_close_all
 .text.dcd_edpt_xfer
                0x0000000010008b54       0x60 CMakeFiles/elmio.dir/home/nilodude/desarrollo/picow/pico/pico-sdk/lib/tinyusb/src/portable/raspberrypi/rp2040/dcd_rp2040.c.obj
                0x0000000010008b54                dcd_edpt_xfer
 .text.dcd_edpt_stall
                0x0000000010008bb4       0x7c CMakeFiles/elmio.dir/home/nilodude/desarrollo/picow/pico/pico-sdk/lib/tinyusb/src/portable/raspberrypi/rp2040/dcd_rp2040.c.obj
                0x0000000010008bb4                dcd_edpt_stall
 .text.dcd_edpt_clear_stall
                0x0000000010008c30       0x5e CMakeFiles/elmio.dir/home/nilodude/desarrollo/picow/pico/pico-sdk/lib/tinyusb/src/portable/raspberrypi/rp2040/dcd_rp2040.c.obj
                0x0000000010008c30                dcd_edpt_clear_stall
 *fill*         0x0000000010008c8e        0x2 
 .text.reset_block
                0x0000000010008c90       0x2c CMakeFiles/elmio.dir/home/nilodude/desarrollo/picow/pico/pico-sdk/lib/tinyusb/src/portable/raspberrypi/rp2040/rp2040_usb.c.obj
 .text.unreset_block_wait
                0x0000000010008cbc       0x3c CMakeFiles/elmio.dir/home/nilodude/desarrollo/picow/pico/pico-sdk/lib/tinyusb/src/portable/raspberrypi/rp2040/rp2040_usb.c.obj
 .text.time_us_32
                0x0000000010008cf8       0x14 CMakeFiles/elmio.dir/home/nilodude/desarrollo/picow/pico/pico-sdk/lib/tinyusb/src/portable/raspberrypi/rp2040/rp2040_usb.c.obj
 .text.rp2040_usb_init
                0x0000000010008d0c       0x48 CMakeFiles/elmio.dir/home/nilodude/desarrollo/picow/pico/pico-sdk/lib/tinyusb/src/portable/raspberrypi/rp2040/rp2040_usb.c.obj
                0x0000000010008d0c                rp2040_usb_init
 .text.hw_endpoint_xfer_start
                0x0000000010008d54       0x8c CMakeFiles/elmio.dir/home/nilodude/desarrollo/picow/pico/pico-sdk/lib/tinyusb/src/portable/raspberrypi/rp2040/rp2040_usb.c.obj
                0x0000000010008d54                hw_endpoint_xfer_start
 .text.critical_section_enter_blocking
                0x0000000010008de0       0x46 CMakeFiles/elmio.dir/home/nilodude/desarrollo/picow/pico/pico-sdk/lib/tinyusb/src/device/usbd.c.obj
 .text.critical_section_exit
                0x0000000010008e26       0x3e CMakeFiles/elmio.dir/home/nilodude/desarrollo/picow/pico/pico-sdk/lib/tinyusb/src/device/usbd.c.obj
 .text.get_driver
                0x0000000010008e64       0x74 CMakeFiles/elmio.dir/home/nilodude/desarrollo/picow/pico/pico-sdk/lib/tinyusb/src/device/usbd.c.obj
 .text.tud_mounted
                0x0000000010008ed8       0x1c CMakeFiles/elmio.dir/home/nilodude/desarrollo/picow/pico/pico-sdk/lib/tinyusb/src/device/usbd.c.obj
                0x0000000010008ed8                tud_mounted
 .text.tud_suspended
                0x0000000010008ef4       0x20 CMakeFiles/elmio.dir/home/nilodude/desarrollo/picow/pico/pico-sdk/lib/tinyusb/src/device/usbd.c.obj
                0x0000000010008ef4                tud_suspended
 .text.tud_inited
                0x0000000010008f14       0x1c CMakeFiles/elmio.dir/home/nilodude/desarrollo/picow/pico/pico-sdk/lib/tinyusb/src/device/usbd.c.obj
                0x0000000010008f14                tud_inited
 .text.tud_init
                0x0000000010008f30      0x10c CMakeFiles/elmio.dir/home/nilodude/desarrollo/picow/pico/pico-sdk/lib/tinyusb/src/device/usbd.c.obj
                0x0000000010008f30                tud_init
 .text.configuration_reset
                0x000000001000903c       0x90 CMakeFiles/elmio.dir/home/nilodude/desarrollo/picow/pico/pico-sdk/lib/tinyusb/src/device/usbd.c.obj
 .text.usbd_reset
                0x00000000100090cc       0x22 CMakeFiles/elmio.dir/home/nilodude/desarrollo/picow/pico/pico-sdk/lib/tinyusb/src/device/usbd.c.obj
 *fill*         0x00000000100090ee        0x2 
 .text.tud_task_ext
                0x00000000100090f0      0x2b0 CMakeFiles/elmio.dir/home/nilodude/desarrollo/picow/pico/pico-sdk/lib/tinyusb/src/device/usbd.c.obj
                0x00000000100090f0                tud_task_ext
 .text.invoke_class_control
                0x00000000100093a0       0x36 CMakeFiles/elmio.dir/home/nilodude/desarrollo/picow/pico/pico-sdk/lib/tinyusb/src/device/usbd.c.obj
 *fill*         0x00000000100093d6        0x2 
 .text.process_control_request
                0x00000000100093d8      0x4f0 CMakeFiles/elmio.dir/home/nilodude/desarrollo/picow/pico/pico-sdk/lib/tinyusb/src/device/usbd.c.obj
 .text.process_set_config
                0x00000000100098c8      0x240 CMakeFiles/elmio.dir/home/nilodude/desarrollo/picow/pico/pico-sdk/lib/tinyusb/src/device/usbd.c.obj
 .text.process_get_descriptor
                0x0000000010009b08      0x1d4 CMakeFiles/elmio.dir/home/nilodude/desarrollo/picow/pico/pico-sdk/lib/tinyusb/src/device/usbd.c.obj
 .text.usbd_open_edpt_pair
                0x0000000010009cdc       0xc0 CMakeFiles/elmio.dir/home/nilodude/desarrollo/picow/pico/pico-sdk/lib/tinyusb/src/device/usbd.c.obj
                0x0000000010009cdc                usbd_open_edpt_pair
 .text.usbd_defer_func
                0x0000000010009d9c       0x48 CMakeFiles/elmio.dir/home/nilodude/desarrollo/picow/pico/pico-sdk/lib/tinyusb/src/device/usbd.c.obj
                0x0000000010009d9c                usbd_defer_func
 .text.usbd_edpt_open
                0x0000000010009de4       0x74 CMakeFiles/elmio.dir/home/nilodude/desarrollo/picow/pico/pico-sdk/lib/tinyusb/src/device/usbd.c.obj
                0x0000000010009de4                usbd_edpt_open
 .text.usbd_edpt_claim
                0x0000000010009e58       0x7c CMakeFiles/elmio.dir/home/nilodude/desarrollo/picow/pico/pico-sdk/lib/tinyusb/src/device/usbd.c.obj
                0x0000000010009e58                usbd_edpt_claim
 .text.usbd_edpt_release
                0x0000000010009ed4       0x7c CMakeFiles/elmio.dir/home/nilodude/desarrollo/picow/pico/pico-sdk/lib/tinyusb/src/device/usbd.c.obj
                0x0000000010009ed4                usbd_edpt_release
 .text.usbd_edpt_xfer
                0x0000000010009f50      0x108 CMakeFiles/elmio.dir/home/nilodude/desarrollo/picow/pico/pico-sdk/lib/tinyusb/src/device/usbd.c.obj
                0x0000000010009f50                usbd_edpt_xfer
 .text.usbd_edpt_stall
                0x000000001000a058       0xc4 CMakeFiles/elmio.dir/home/nilodude/desarrollo/picow/pico/pico-sdk/lib/tinyusb/src/device/usbd.c.obj
                0x000000001000a058                usbd_edpt_stall
 .text.usbd_edpt_clear_stall
                0x000000001000a11c       0xc4 CMakeFiles/elmio.dir/home/nilodude/desarrollo/picow/pico/pico-sdk/lib/tinyusb/src/device/usbd.c.obj
                0x000000001000a11c                usbd_edpt_clear_stall
 .text.usbd_edpt_stalled
                0x000000001000a1e0       0x74 CMakeFiles/elmio.dir/home/nilodude/desarrollo/picow/pico/pico-sdk/lib/tinyusb/src/device/usbd.c.obj
                0x000000001000a1e0                usbd_edpt_stalled
 .text._status_stage_xact
                0x000000001000a254       0x42 CMakeFiles/elmio.dir/home/nilodude/desarrollo/picow/pico/pico-sdk/lib/tinyusb/src/device/usbd_control.c.obj
 *fill*         0x000000001000a296        0x2 
 .text.tud_control_status
                0x000000001000a298       0x4c CMakeFiles/elmio.dir/home/nilodude/desarrollo/picow/pico/pico-sdk/lib/tinyusb/src/device/usbd_control.c.obj
                0x000000001000a298                tud_control_status
 .text._data_stage_xact
                0x000000001000a2e4       0xb0 CMakeFiles/elmio.dir/home/nilodude/desarrollo/picow/pico/pico-sdk/lib/tinyusb/src/device/usbd_control.c.obj
 .text.tud_control_xfer
                0x000000001000a394       0xe0 CMakeFiles/elmio.dir/home/nilodude/desarrollo/picow/pico/pico-sdk/lib/tinyusb/src/device/usbd_control.c.obj
                0x000000001000a394                tud_control_xfer
 .text.usbd_control_reset
                0x000000001000a474       0x1c CMakeFiles/elmio.dir/home/nilodude/desarrollo/picow/pico/pico-sdk/lib/tinyusb/src/device/usbd_control.c.obj
                0x000000001000a474                usbd_control_reset
 .text.usbd_control_set_complete_callback
                0x000000001000a490       0x1c CMakeFiles/elmio.dir/home/nilodude/desarrollo/picow/pico/pico-sdk/lib/tinyusb/src/device/usbd_control.c.obj
                0x000000001000a490                usbd_control_set_complete_callback
 .text.usbd_control_set_request
                0x000000001000a4ac       0x38 CMakeFiles/elmio.dir/home/nilodude/desarrollo/picow/pico/pico-sdk/lib/tinyusb/src/device/usbd_control.c.obj
                0x000000001000a4ac                usbd_control_set_request
 .text.usbd_control_xfer_cb
                0x000000001000a4e4      0x170 CMakeFiles/elmio.dir/home/nilodude/desarrollo/picow/pico/pico-sdk/lib/tinyusb/src/device/usbd_control.c.obj
                0x000000001000a4e4                usbd_control_xfer_cb
 .text._prep_out_transaction
                0x000000001000a654       0xa4 CMakeFiles/elmio.dir/home/nilodude/desarrollo/picow/pico/pico-sdk/lib/tinyusb/src/class/cdc/cdc_device.c.obj
 .text.tud_cdc_n_connected
                0x000000001000a6f8       0x88 CMakeFiles/elmio.dir/home/nilodude/desarrollo/picow/pico/pico-sdk/lib/tinyusb/src/class/cdc/cdc_device.c.obj
                0x000000001000a6f8                tud_cdc_n_connected
 .text.tud_cdc_n_available
                0x000000001000a780       0x34 CMakeFiles/elmio.dir/home/nilodude/desarrollo/picow/pico/pico-sdk/lib/tinyusb/src/class/cdc/cdc_device.c.obj
                0x000000001000a780                tud_cdc_n_available
 .text.tud_cdc_n_read
                0x000000001000a7b4       0x4c CMakeFiles/elmio.dir/home/nilodude/desarrollo/picow/pico/pico-sdk/lib/tinyusb/src/class/cdc/cdc_device.c.obj
                0x000000001000a7b4                tud_cdc_n_read
 .text.tud_cdc_n_write
                0x000000001000a800       0x68 CMakeFiles/elmio.dir/home/nilodude/desarrollo/picow/pico/pico-sdk/lib/tinyusb/src/class/cdc/cdc_device.c.obj
                0x000000001000a800                tud_cdc_n_write
 .text.tud_cdc_n_write_flush
                0x000000001000a868      0x110 CMakeFiles/elmio.dir/home/nilodude/desarrollo/picow/pico/pico-sdk/lib/tinyusb/src/class/cdc/cdc_device.c.obj
                0x000000001000a868                tud_cdc_n_write_flush
 .text.tud_cdc_n_write_available
                0x000000001000a978       0x34 CMakeFiles/elmio.dir/home/nilodude/desarrollo/picow/pico/pico-sdk/lib/tinyusb/src/class/cdc/cdc_device.c.obj
                0x000000001000a978                tud_cdc_n_write_available
 .text.cdcd_init
                0x000000001000a9ac      0x128 CMakeFiles/elmio.dir/home/nilodude/desarrollo/picow/pico/pico-sdk/lib/tinyusb/src/class/cdc/cdc_device.c.obj
                0x000000001000a9ac                cdcd_init
 .text.cdcd_reset
                0x000000001000aad4       0x78 CMakeFiles/elmio.dir/home/nilodude/desarrollo/picow/pico/pico-sdk/lib/tinyusb/src/class/cdc/cdc_device.c.obj
                0x000000001000aad4                cdcd_reset
 .text.cdcd_open
                0x000000001000ab4c      0x1e8 CMakeFiles/elmio.dir/home/nilodude/desarrollo/picow/pico/pico-sdk/lib/tinyusb/src/class/cdc/cdc_device.c.obj
                0x000000001000ab4c                cdcd_open
 .text.cdcd_control_xfer_cb
                0x000000001000ad34      0x238 CMakeFiles/elmio.dir/home/nilodude/desarrollo/picow/pico/pico-sdk/lib/tinyusb/src/class/cdc/cdc_device.c.obj
                0x000000001000ad34                cdcd_control_xfer_cb
 .text.cdcd_xfer_cb
                0x000000001000af6c      0x1b8 CMakeFiles/elmio.dir/home/nilodude/desarrollo/picow/pico/pico-sdk/lib/tinyusb/src/class/cdc/cdc_device.c.obj
                0x000000001000af6c                cdcd_xfer_cb
 .text.tusb_init
                0x000000001000b124       0x24 CMakeFiles/elmio.dir/home/nilodude/desarrollo/picow/pico/pico-sdk/lib/tinyusb/src/tusb.c.obj
                0x000000001000b124                tusb_init
 .text.tusb_inited
                0x000000001000b148       0x3a CMakeFiles/elmio.dir/home/nilodude/desarrollo/picow/pico/pico-sdk/lib/tinyusb/src/tusb.c.obj
                0x000000001000b148                tusb_inited
 .text.tu_edpt_claim
                0x000000001000b182       0x9c CMakeFiles/elmio.dir/home/nilodude/desarrollo/picow/pico/pico-sdk/lib/tinyusb/src/tusb.c.obj
                0x000000001000b182                tu_edpt_claim
 .text.tu_edpt_release
                0x000000001000b21e       0x7c CMakeFiles/elmio.dir/home/nilodude/desarrollo/picow/pico/pico-sdk/lib/tinyusb/src/tusb.c.obj
                0x000000001000b21e                tu_edpt_release
 *fill*         0x000000001000b29a        0x2 
 .text.tu_edpt_validate
                0x000000001000b29c       0xd8 CMakeFiles/elmio.dir/home/nilodude/desarrollo/picow/pico/pico-sdk/lib/tinyusb/src/tusb.c.obj
                0x000000001000b29c                tu_edpt_validate
 .text.tu_edpt_bind_driver
                0x000000001000b374       0x98 CMakeFiles/elmio.dir/home/nilodude/desarrollo/picow/pico/pico-sdk/lib/tinyusb/src/tusb.c.obj
                0x000000001000b374                tu_edpt_bind_driver
 .text.tu_fifo_config
                0x000000001000b40c       0xfc CMakeFiles/elmio.dir/home/nilodude/desarrollo/picow/pico/pico-sdk/lib/tinyusb/src/common/tusb_fifo.c.obj
                0x000000001000b40c                tu_fifo_config
 .text._ff_push_const_addr
                0x000000001000b508       0xd0 CMakeFiles/elmio.dir/home/nilodude/desarrollo/picow/pico/pico-sdk/lib/tinyusb/src/common/tusb_fifo.c.obj
 .text._ff_pull_const_addr
                0x000000001000b5d8       0x96 CMakeFiles/elmio.dir/home/nilodude/desarrollo/picow/pico/pico-sdk/lib/tinyusb/src/common/tusb_fifo.c.obj
 .text._ff_push
                0x000000001000b66e       0x40 CMakeFiles/elmio.dir/home/nilodude/desarrollo/picow/pico/pico-sdk/lib/tinyusb/src/common/tusb_fifo.c.obj
 .text._ff_push_n
                0x000000001000b6ae      0x22a CMakeFiles/elmio.dir/home/nilodude/desarrollo/picow/pico/pico-sdk/lib/tinyusb/src/common/tusb_fifo.c.obj
 .text._ff_pull
                0x000000001000b8d8       0x40 CMakeFiles/elmio.dir/home/nilodude/desarrollo/picow/pico/pico-sdk/lib/tinyusb/src/common/tusb_fifo.c.obj
 .text._ff_pull_n
                0x000000001000b918      0x22e CMakeFiles/elmio.dir/home/nilodude/desarrollo/picow/pico/pico-sdk/lib/tinyusb/src/common/tusb_fifo.c.obj
 .text.advance_index
                0x000000001000bb46       0x76 CMakeFiles/elmio.dir/home/nilodude/desarrollo/picow/pico/pico-sdk/lib/tinyusb/src/common/tusb_fifo.c.obj
 .text._tu_fifo_peek
                0x000000001000bbbc      0x140 CMakeFiles/elmio.dir/home/nilodude/desarrollo/picow/pico/pico-sdk/lib/tinyusb/src/common/tusb_fifo.c.obj
 .text._tu_fifo_peek_n
                0x000000001000bcfc      0x16a CMakeFiles/elmio.dir/home/nilodude/desarrollo/picow/pico/pico-sdk/lib/tinyusb/src/common/tusb_fifo.c.obj
 .text._tu_fifo_write_n
                0x000000001000be66      0x2c6 CMakeFiles/elmio.dir/home/nilodude/desarrollo/picow/pico/pico-sdk/lib/tinyusb/src/common/tusb_fifo.c.obj
 .text._tu_fifo_read_n
                0x000000001000c12c       0xa6 CMakeFiles/elmio.dir/home/nilodude/desarrollo/picow/pico/pico-sdk/lib/tinyusb/src/common/tusb_fifo.c.obj
 .text.tu_fifo_count
                0x000000001000c1d2       0x94 CMakeFiles/elmio.dir/home/nilodude/desarrollo/picow/pico/pico-sdk/lib/tinyusb/src/common/tusb_fifo.c.obj
                0x000000001000c1d2                tu_fifo_count
 .text.tu_fifo_empty
                0x000000001000c266       0x24 CMakeFiles/elmio.dir/home/nilodude/desarrollo/picow/pico/pico-sdk/lib/tinyusb/src/common/tusb_fifo.c.obj
                0x000000001000c266                tu_fifo_empty
 .text.tu_fifo_full
                0x000000001000c28a       0x7c CMakeFiles/elmio.dir/home/nilodude/desarrollo/picow/pico/pico-sdk/lib/tinyusb/src/common/tusb_fifo.c.obj
                0x000000001000c28a                tu_fifo_full
 .text.tu_fifo_remaining
                0x000000001000c306       0xac CMakeFiles/elmio.dir/home/nilodude/desarrollo/picow/pico/pico-sdk/lib/tinyusb/src/common/tusb_fifo.c.obj
                0x000000001000c306                tu_fifo_remaining
 .text.tu_fifo_read
                0x000000001000c3b2       0x90 CMakeFiles/elmio.dir/home/nilodude/desarrollo/picow/pico/pico-sdk/lib/tinyusb/src/common/tusb_fifo.c.obj
                0x000000001000c3b2                tu_fifo_read
 .text.tu_fifo_read_n
                0x000000001000c442       0x26 CMakeFiles/elmio.dir/home/nilodude/desarrollo/picow/pico/pico-sdk/lib/tinyusb/src/common/tusb_fifo.c.obj
                0x000000001000c442                tu_fifo_read_n
 .text.tu_fifo_write
                0x000000001000c468       0xfe CMakeFiles/elmio.dir/home/nilodude/desarrollo/picow/pico/pico-sdk/lib/tinyusb/src/common/tusb_fifo.c.obj
                0x000000001000c468                tu_fifo_write
 .text.tu_fifo_write_n
                0x000000001000c566       0x26 CMakeFiles/elmio.dir/home/nilodude/desarrollo/picow/pico/pico-sdk/lib/tinyusb/src/common/tusb_fifo.c.obj
                0x000000001000c566                tu_fifo_write_n
 .text.tu_fifo_clear
                0x000000001000c58c       0x9a CMakeFiles/elmio.dir/home/nilodude/desarrollo/picow/pico/pico-sdk/lib/tinyusb/src/common/tusb_fifo.c.obj
                0x000000001000c58c                tu_fifo_clear
 .text.tu_fifo_set_overwritable
                0x000000001000c626       0xaa CMakeFiles/elmio.dir/home/nilodude/desarrollo/picow/pico/pico-sdk/lib/tinyusb/src/common/tusb_fifo.c.obj
                0x000000001000c626                tu_fifo_set_overwritable
 .text._ZN8Mcp23017C2EP8i2c_insth
                0x000000001000c6d0        0xc CMakeFiles/elmio.dir/modules/pico-mcp23017/source/mcp23017.cpp.obj
                0x000000001000c6d0                Mcp23017::Mcp23017(i2c_inst*, unsigned char)
                0x000000001000c6d0                Mcp23017::Mcp23017(i2c_inst*, unsigned char)
 .text._ZNK8Mcp230175setupEbb
                0x000000001000c6dc       0x74 CMakeFiles/elmio.dir/modules/pico-mcp23017/source/mcp23017.cpp.obj
                0x000000001000c6dc                Mcp23017::setup(bool, bool) const
 .text._ZNK8Mcp2301716set_io_directionEi
                0x000000001000c750       0x2c CMakeFiles/elmio.dir/modules/pico-mcp23017/source/mcp23017.cpp.obj
                0x000000001000c750                Mcp23017::set_io_direction(int) const
 .text._ZN8Mcp2301719set_all_output_bitsEi
                0x000000001000c77c       0x30 CMakeFiles/elmio.dir/modules/pico-mcp23017/source/mcp23017.cpp.obj
                0x000000001000c77c                Mcp23017::set_all_output_bits(int)
 .text._ZN8Mcp2301722set_output_bit_for_pinEib
                0x000000001000c7ac       0x1c CMakeFiles/elmio.dir/modules/pico-mcp23017/source/mcp23017.cpp.obj
                0x000000001000c7ac                Mcp23017::set_output_bit_for_pin(int, bool)
 .text._ZNK8Mcp2301712flush_outputEv
                0x000000001000c7c8       0x30 CMakeFiles/elmio.dir/modules/pico-mcp23017/source/mcp23017.cpp.obj
                0x000000001000c7c8                Mcp23017::flush_output() const
 .text.reset_block
                0x000000001000c7f8       0x2c CMakeFiles/elmio.dir/home/nilodude/desarrollo/picow/pico/pico-sdk/src/rp2_common/hardware_i2c/i2c.c.obj
 .text.unreset_block_wait
                0x000000001000c824       0x3c CMakeFiles/elmio.dir/home/nilodude/desarrollo/picow/pico/pico-sdk/src/rp2_common/hardware_i2c/i2c.c.obj
 .text.i2c_reset
                0x000000001000c860       0x28 CMakeFiles/elmio.dir/home/nilodude/desarrollo/picow/pico/pico-sdk/src/rp2_common/hardware_i2c/i2c.c.obj
 .text.i2c_unreset
                0x000000001000c888       0x28 CMakeFiles/elmio.dir/home/nilodude/desarrollo/picow/pico/pico-sdk/src/rp2_common/hardware_i2c/i2c.c.obj
 .text.i2c_init
                0x000000001000c8b0       0x62 CMakeFiles/elmio.dir/home/nilodude/desarrollo/picow/pico/pico-sdk/src/rp2_common/hardware_i2c/i2c.c.obj
                0x000000001000c8b0                i2c_init
 *fill*         0x000000001000c912        0x2 
 .text.i2c_set_baudrate
                0x000000001000c914      0x158 CMakeFiles/elmio.dir/home/nilodude/desarrollo/picow/pico/pico-sdk/src/rp2_common/hardware_i2c/i2c.c.obj
                0x000000001000c914                i2c_set_baudrate
 .text.i2c_write_blocking_internal
                0x000000001000ca6c      0x238 CMakeFiles/elmio.dir/home/nilodude/desarrollo/picow/pico/pico-sdk/src/rp2_common/hardware_i2c/i2c.c.obj
 .text.i2c_write_blocking
                0x000000001000cca4       0x3e CMakeFiles/elmio.dir/home/nilodude/desarrollo/picow/pico/pico-sdk/src/rp2_common/hardware_i2c/i2c.c.obj
                0x000000001000cca4                i2c_write_blocking
 .text._pio_major_instr_bits
                0x000000001000cce2       0x18 CMakeFiles/elmio.dir/home/nilodude/desarrollo/picow/pico/pico-sdk/src/rp2_common/hardware_pio/pio.c.obj
 .text._pio_encode_instr_and_args
                0x000000001000ccfa       0x2c CMakeFiles/elmio.dir/home/nilodude/desarrollo/picow/pico/pico-sdk/src/rp2_common/hardware_pio/pio.c.obj
 .text._pio_encode_instr_and_src_dest
                0x000000001000cd26       0x34 CMakeFiles/elmio.dir/home/nilodude/desarrollo/picow/pico/pico-sdk/src/rp2_common/hardware_pio/pio.c.obj
 .text.pio_encode_jmp
                0x000000001000cd5a       0x1e CMakeFiles/elmio.dir/home/nilodude/desarrollo/picow/pico/pico-sdk/src/rp2_common/hardware_pio/pio.c.obj
 .text.pio_encode_set
                0x000000001000cd78       0x28 CMakeFiles/elmio.dir/home/nilodude/desarrollo/picow/pico/pico-sdk/src/rp2_common/hardware_pio/pio.c.obj
 .text.check_sm_param
                0x000000001000cda0       0x10 CMakeFiles/elmio.dir/home/nilodude/desarrollo/picow/pico/pico-sdk/src/rp2_common/hardware_pio/pio.c.obj
 .text.check_pio_param
                0x000000001000cdb0       0x10 CMakeFiles/elmio.dir/home/nilodude/desarrollo/picow/pico/pico-sdk/src/rp2_common/hardware_pio/pio.c.obj
 .text.sm_config_set_clkdiv_int_frac
                0x000000001000cdc0       0x32 CMakeFiles/elmio.dir/home/nilodude/desarrollo/picow/pico/pico-sdk/src/rp2_common/hardware_pio/pio.c.obj
 *fill*         0x000000001000cdf2        0x2 
 .text.sm_config_set_wrap
                0x000000001000cdf4       0x30 CMakeFiles/elmio.dir/home/nilodude/desarrollo/picow/pico/pico-sdk/src/rp2_common/hardware_pio/pio.c.obj
 .text.sm_config_set_in_shift
                0x000000001000ce24       0x68 CMakeFiles/elmio.dir/home/nilodude/desarrollo/picow/pico/pico-sdk/src/rp2_common/hardware_pio/pio.c.obj
 .text.sm_config_set_out_shift
                0x000000001000ce8c       0x68 CMakeFiles/elmio.dir/home/nilodude/desarrollo/picow/pico/pico-sdk/src/rp2_common/hardware_pio/pio.c.obj
 .text.pio_get_default_sm_config
                0x000000001000cef4       0x5c CMakeFiles/elmio.dir/home/nilodude/desarrollo/picow/pico/pico-sdk/src/rp2_common/hardware_pio/pio.c.obj
 .text.pio_sm_set_config
                0x000000001000cf50       0x84 CMakeFiles/elmio.dir/home/nilodude/desarrollo/picow/pico/pico-sdk/src/rp2_common/hardware_pio/pio.c.obj
 .text.pio_get_index
                0x000000001000cfd4       0x2c CMakeFiles/elmio.dir/home/nilodude/desarrollo/picow/pico/pico-sdk/src/rp2_common/hardware_pio/pio.c.obj
 .text.pio_sm_set_enabled
                0x000000001000d000       0x48 CMakeFiles/elmio.dir/home/nilodude/desarrollo/picow/pico/pico-sdk/src/rp2_common/hardware_pio/pio.c.obj
 .text.pio_sm_restart
                0x000000001000d048       0x40 CMakeFiles/elmio.dir/home/nilodude/desarrollo/picow/pico/pico-sdk/src/rp2_common/hardware_pio/pio.c.obj
 .text.pio_sm_clkdiv_restart
                0x000000001000d088       0x40 CMakeFiles/elmio.dir/home/nilodude/desarrollo/picow/pico/pico-sdk/src/rp2_common/hardware_pio/pio.c.obj
 .text.pio_sm_exec
                0x000000001000d0c8       0x3a CMakeFiles/elmio.dir/home/nilodude/desarrollo/picow/pico/pico-sdk/src/rp2_common/hardware_pio/pio.c.obj
 .text.pio_sm_clear_fifos
                0x000000001000d102       0x6e CMakeFiles/elmio.dir/home/nilodude/desarrollo/picow/pico/pico-sdk/src/rp2_common/hardware_pio/pio.c.obj
 .text._pio_find_offset_for_program
                0x000000001000d170       0xcc CMakeFiles/elmio.dir/home/nilodude/desarrollo/picow/pico/pico-sdk/src/rp2_common/hardware_pio/pio.c.obj
 .text._pio_can_add_program_at_offset
                0x000000001000d23c       0x68 CMakeFiles/elmio.dir/home/nilodude/desarrollo/picow/pico/pico-sdk/src/rp2_common/hardware_pio/pio.c.obj
 .text._pio_add_program_at_offset
                0x000000001000d2a4       0xd8 CMakeFiles/elmio.dir/home/nilodude/desarrollo/picow/pico/pico-sdk/src/rp2_common/hardware_pio/pio.c.obj
 .text.pio_add_program
                0x000000001000d37c       0x54 CMakeFiles/elmio.dir/home/nilodude/desarrollo/picow/pico/pico-sdk/src/rp2_common/hardware_pio/pio.c.obj
                0x000000001000d37c                pio_add_program
 .text.pio_sm_set_consecutive_pindirs